## SLURM PROLOG ###############################################################
##    Job ID : 3778980
##  Job Name : pinn_re40_ablation
##  Nodelist : gpu2502
##      CPUs : 
##  Mem/Node : 65536 MB
## Directory : /oscar/home/jchen790/cylinder flow lab
##   Job Started : Thu Jul  9 06:07:37 AM EDT 2026
###############################################################################
############################################################
# 2x2 cell: baseline   flags: --no-data-anchor
############################################################
[OK] _optimize._minimize_bfgs loaded — SSBroyden / SSBFGS variants available
Loaded Re40.vtk  cells=8234
Model: width=96, depth=5, params=38018
Loss weights: adaptive during Adam, frozen during BFGS
Cylinder no-slip: enforced hard through stream-function lifting
CFD-aware PDE residual: n_cfd_pde=8000, lambda_pde_cfd=1.0
[mem ] params=38018  H0 (NxN float64) = 10.77 GB  available ~ 64.0 GB
[mem ] WARNING: budget 64.0 GB < soft min 83.4 GB. SSBroyden update peaks 3-4x H0 due to NxN outer products; you may OOM mid-batch.
============================================================
Phase 1 — Adam (2000 epochs)
Goal: match CFD while improving PDE and enforcing wall no-slip exactly
============================================================
[mode] data anchor DISABLED (data-free PINN: PDE + BC only)
[Adam] ep=   20  total=2.597e+00  PDE=1.401e-01 [colloc=1.354e-01, cfd=4.631e-03] (w=2.112)  IN=7.469e-01 (w=1.353)  TB=8.523e-01 (w=1.394)  WALL=4.579e-15 (w=0.200)  OUT=1.504e-01 (w=0.675)  DATA=3.165e-01 (w=0.000)
[Adam] ep=   40  total=1.504e+00  PDE=1.046e-01 [colloc=9.774e-02, cfd=6.814e-03] (w=1.366)  IN=3.259e-01 (w=1.494)  TB=5.192e-01 (w=1.683)  WALL=3.493e-15 (w=0.200)  OUT=1.107e-03 (w=0.359)  DATA=1.608e-01 (w=0.000)
[Adam] ep=   60  total=8.481e-01  PDE=3.143e-01 [colloc=3.021e-01, cfd=1.225e-02] (w=1.904)  IN=3.129e-02 (w=1.214)  TB=1.274e-01 (w=1.660)  WALL=6.162e-15 (w=0.200)  OUT=1.505e-03 (w=0.242)  DATA=8.736e-02 (w=0.000)
[Adam] ep=   80  total=8.587e-01  PDE=2.733e-01 [colloc=2.684e-01, cfd=4.880e-03] (w=2.772)  IN=2.601e-02 (w=0.847)  TB=6.284e-02 (w=1.245)  WALL=4.183e-15 (w=0.200)  OUT=3.759e-03 (w=0.224)  DATA=6.480e-02 (w=0.000)
[Adam] ep=  100  total=2.360e-01  PDE=4.622e-02 [colloc=4.274e-02, cfd=3.479e-03] (w=2.710)  IN=4.100e-02 (w=0.874)  TB=6.294e-02 (w=1.180)  WALL=4.600e-16 (w=0.200)  OUT=2.598e-03 (w=0.247)  DATA=7.167e-02 (w=0.000)
[Adam] ep=  120  total=4.201e-01  PDE=1.147e-01 [colloc=1.120e-01, cfd=2.790e-03] (w=2.578)  IN=5.213e-02 (w=0.969)  TB=6.239e-02 (w=1.174)  WALL=1.121e-15 (w=0.200)  OUT=2.135e-03 (w=0.227)  DATA=7.981e-02 (w=0.000)
[Adam] ep=  140  total=4.503e-01  PDE=1.361e-01 [colloc=1.338e-01, cfd=2.272e-03] (w=2.437)  IN=4.543e-02 (w=1.012)  TB=5.932e-02 (w=1.215)  WALL=1.828e-15 (w=0.200)  OUT=2.023e-03 (w=0.227)  DATA=7.455e-02 (w=0.000)
[Adam] ep=  160  total=3.634e-01  PDE=1.095e-01 [colloc=1.074e-01, cfd=2.159e-03] (w=2.372)  IN=3.795e-02 (w=1.026)  TB=5.234e-02 (w=1.227)  WALL=1.719e-15 (w=0.200)  OUT=1.957e-03 (w=0.236)  DATA=7.012e-02 (w=0.000)
[Adam] ep=  180  total=3.551e-01  PDE=1.103e-01 [colloc=1.082e-01, cfd=2.057e-03] (w=2.382)  IN=3.464e-02 (w=1.022)  TB=4.689e-02 (w=1.205)  WALL=1.264e-15 (w=0.200)  OUT=1.931e-03 (w=0.241)  DATA=6.384e-02 (w=0.000)
[Adam] ep=  200  total=3.568e-01  PDE=1.136e-01 [colloc=1.117e-01, cfd=1.904e-03] (w=2.388)  IN=3.382e-02 (w=1.030)  TB=4.287e-02 (w=1.173)  WALL=1.977e-15 (w=0.200)  OUT=1.900e-03 (w=0.244)  DATA=6.543e-02 (w=0.000)
[Adam] ep=  220  total=3.732e-01  PDE=1.220e-01 [colloc=1.201e-01, cfd=1.922e-03] (w=2.405)  IN=3.351e-02 (w=1.029)  TB=3.941e-02 (w=1.138)  WALL=1.474e-15 (w=0.200)  OUT=1.870e-03 (w=0.245)  DATA=6.482e-02 (w=0.000)
[Adam] ep=  240  total=3.658e-01  PDE=1.208e-01 [colloc=1.192e-01, cfd=1.614e-03] (w=2.419)  IN=3.223e-02 (w=1.030)  TB=3.633e-02 (w=1.101)  WALL=2.201e-15 (w=0.200)  OUT=1.811e-03 (w=0.244)  DATA=6.769e-02 (w=0.000)
[Adam] ep=  260  total=3.777e-01  PDE=1.270e-01 [colloc=1.255e-01, cfd=1.537e-03] (w=2.430)  IN=3.150e-02 (w=1.032)  TB=3.360e-02 (w=1.071)  WALL=2.282e-15 (w=0.200)  OUT=1.795e-03 (w=0.245)  DATA=6.383e-02 (w=0.000)
[Adam] ep=  280  total=3.901e-01  PDE=1.333e-01 [colloc=1.318e-01, cfd=1.444e-03] (w=2.448)  IN=3.120e-02 (w=1.028)  TB=3.028e-02 (w=1.035)  WALL=2.387e-15 (w=0.200)  OUT=1.748e-03 (w=0.242)  DATA=6.558e-02 (w=0.000)
[Adam] ep=  300  total=3.767e-01  PDE=1.292e-01 [colloc=1.279e-01, cfd=1.342e-03] (w=2.450)  IN=3.002e-02 (w=1.025)  TB=2.895e-02 (w=1.001)  WALL=2.101e-15 (w=0.200)  OUT=1.639e-03 (w=0.238)  DATA=6.787e-02 (w=0.000)
[Adam] ep=  320  total=3.088e-01  PDE=1.042e-01 [colloc=1.030e-01, cfd=1.191e-03] (w=2.414)  IN=2.972e-02 (w=1.027)  TB=2.678e-02 (w=0.983)  WALL=2.056e-15 (w=0.200)  OUT=1.621e-03 (w=0.240)  DATA=6.765e-02 (w=0.000)
[Adam] ep=  340  total=2.181e-01  PDE=6.890e-02 [colloc=6.781e-02, cfd=1.091e-03] (w=2.326)  IN=3.142e-02 (w=1.048)  TB=2.516e-02 (w=0.976)  WALL=1.185e-15 (w=0.200)  OUT=1.642e-03 (w=0.242)  DATA=6.932e-02 (w=0.000)
[Adam] ep=  360  total=2.069e-01  PDE=6.688e-02 [colloc=6.579e-02, cfd=1.084e-03] (w=2.298)  IN=2.870e-02 (w=1.044)  TB=2.383e-02 (w=0.963)  WALL=1.068e-15 (w=0.200)  OUT=1.498e-03 (w=0.241)  DATA=6.892e-02 (w=0.000)
[Adam] ep=  380  total=2.153e-01  PDE=7.191e-02 [colloc=7.091e-02, cfd=1.007e-03] (w=2.284)  IN=2.755e-02 (w=1.037)  TB=2.328e-02 (w=0.949)  WALL=1.157e-15 (w=0.200)  OUT=1.451e-03 (w=0.239)  DATA=6.884e-02 (w=0.000)
[Adam] ep=  400  total=2.162e-01  PDE=7.431e-02 [colloc=7.327e-02, cfd=1.041e-03] (w=2.273)  IN=2.658e-02 (w=1.027)  TB=2.117e-02 (w=0.927)  WALL=1.227e-15 (w=0.200)  OUT=1.371e-03 (w=0.235)  DATA=7.210e-02 (w=0.000)
[Adam] ep=  420  total=2.158e-01  PDE=7.624e-02 [colloc=7.523e-02, cfd=1.008e-03] (w=2.253)  IN=2.547e-02 (w=1.017)  TB=1.974e-02 (w=0.905)  WALL=1.315e-15 (w=0.200)  OUT=1.341e-03 (w=0.233)  DATA=7.414e-02 (w=0.000)
[Adam] ep=  440  total=2.147e-01  PDE=7.627e-02 [colloc=7.533e-02, cfd=9.411e-04] (w=2.257)  IN=2.569e-02 (w=1.008)  TB=1.856e-02 (w=0.880)  WALL=1.401e-15 (w=0.200)  OUT=1.252e-03 (w=0.230)  DATA=7.389e-02 (w=0.000)
[Adam] ep=  460  total=2.092e-01  PDE=7.544e-02 [colloc=7.453e-02, cfd=9.128e-04] (w=2.246)  IN=2.437e-02 (w=0.996)  TB=1.760e-02 (w=0.862)  WALL=1.367e-15 (w=0.200)  OUT=1.230e-03 (w=0.227)  DATA=7.391e-02 (w=0.000)
[Adam] ep=  480  total=2.146e-01  PDE=7.985e-02 [colloc=7.892e-02, cfd=9.303e-04] (w=2.237)  IN=2.197e-02 (w=0.984)  TB=1.666e-02 (w=0.842)  WALL=1.627e-15 (w=0.200)  OUT=1.176e-03 (w=0.223)  DATA=7.593e-02 (w=0.000)
[Adam] ep=  500  total=2.151e-01  PDE=8.079e-02 [colloc=7.994e-02, cfd=8.520e-04] (w=2.229)  IN=2.245e-02 (w=0.973)  TB=1.572e-02 (w=0.818)  WALL=1.884e-15 (w=0.200)  OUT=1.127e-03 (w=0.219)  DATA=7.755e-02 (w=0.000)
[Adam] ep=  520  total=1.898e-01  PDE=7.111e-02 [colloc=7.037e-02, cfd=7.458e-04] (w=2.201)  IN=2.188e-02 (w=0.957)  TB=1.499e-02 (w=0.805)  WALL=1.742e-15 (w=0.200)  OUT=1.106e-03 (w=0.218)  DATA=8.072e-02 (w=0.000)
[Adam] ep=  540  total=1.353e-01  PDE=4.782e-02 [colloc=4.708e-02, cfd=7.384e-04] (w=2.141)  IN=2.162e-02 (w=0.964)  TB=1.480e-02 (w=0.799)  WALL=1.092e-15 (w=0.200)  OUT=1.060e-03 (w=0.215)  DATA=7.784e-02 (w=0.000)
[Adam] ep=  560  total=1.157e-01  PDE=4.083e-02 [colloc=4.004e-02, cfd=7.876e-04] (w=2.113)  IN=1.860e-02 (w=0.948)  TB=1.454e-02 (w=0.795)  WALL=9.270e-16 (w=0.200)  OUT=1.030e-03 (w=0.212)  DATA=7.650e-02 (w=0.000)
[Adam] ep=  580  total=1.174e-01  PDE=4.215e-02 [colloc=4.140e-02, cfd=7.492e-04] (w=2.091)  IN=1.953e-02 (w=0.942)  TB=1.360e-02 (w=0.783)  WALL=8.063e-16 (w=0.200)  OUT=9.637e-04 (w=0.209)  DATA=8.151e-02 (w=0.000)
[Adam] ep=  600  total=1.112e-01  PDE=4.044e-02 [colloc=3.972e-02, cfd=7.174e-04] (w=2.071)  IN=1.838e-02 (w=0.932)  TB=1.312e-02 (w=0.771)  WALL=7.730e-16 (w=0.200)  OUT=9.051e-04 (w=0.205)  DATA=8.044e-02 (w=0.000)
[Adam] ep=  620  total=1.135e-01  PDE=4.222e-02 [colloc=4.153e-02, cfd=6.925e-04] (w=2.052)  IN=1.824e-02 (w=0.918)  TB=1.296e-02 (w=0.766)  WALL=9.497e-16 (w=0.200)  OUT=8.901e-04 (w=0.202)  DATA=8.016e-02 (w=0.000)
[Adam] ep=  640  total=1.124e-01  PDE=4.256e-02 [colloc=4.188e-02, cfd=6.855e-04] (w=2.033)  IN=1.819e-02 (w=0.912)  TB=1.204e-02 (w=0.756)  WALL=1.070e-15 (w=0.200)  OUT=8.154e-04 (w=0.200)  DATA=8.248e-02 (w=0.000)
[Adam] ep=  660  total=1.111e-01  PDE=4.336e-02 [colloc=4.266e-02, cfd=7.017e-04] (w=2.005)  IN=1.693e-02 (w=0.905)  TB=1.161e-02 (w=0.745)  WALL=9.822e-16 (w=0.200)  OUT=8.044e-04 (w=0.200)  DATA=8.389e-02 (w=0.000)
[Adam] ep=  680  total=1.093e-01  PDE=4.299e-02 [colloc=4.221e-02, cfd=7.708e-04] (w=1.985)  IN=1.688e-02 (w=0.899)  TB=1.162e-02 (w=0.740)  WALL=9.371e-16 (w=0.200)  OUT=8.210e-04 (w=0.200)  DATA=8.157e-02 (w=0.000)
[Adam] ep=  700  total=1.100e-01  PDE=4.383e-02 [colloc=4.314e-02, cfd=6.996e-04] (w=1.975)  IN=1.682e-02 (w=0.895)  TB=1.126e-02 (w=0.732)  WALL=9.260e-16 (w=0.200)  OUT=7.184e-04 (w=0.200)  DATA=8.330e-02 (w=0.000)
[Adam] ep=  720  total=9.990e-02  PDE=3.999e-02 [colloc=3.933e-02, cfd=6.641e-04] (w=1.952)  IN=1.563e-02 (w=0.885)  TB=1.079e-02 (w=0.727)  WALL=9.476e-16 (w=0.200)  OUT=7.565e-04 (w=0.200)  DATA=8.390e-02 (w=0.000)
[Adam] ep=  740  total=9.173e-02  PDE=3.638e-02 [colloc=3.571e-02, cfd=6.664e-04] (w=1.935)  IN=1.596e-02 (w=0.876)  TB=1.003e-02 (w=0.719)  WALL=8.507e-16 (w=0.200)  OUT=6.465e-04 (w=0.200)  DATA=8.507e-02 (w=0.000)
[Adam] ep=  760  total=8.830e-02  PDE=3.520e-02 [colloc=3.452e-02, cfd=6.859e-04] (w=1.911)  IN=1.545e-02 (w=0.873)  TB=1.033e-02 (w=0.718)  WALL=7.763e-16 (w=0.200)  OUT=6.451e-04 (w=0.200)  DATA=8.215e-02 (w=0.000)
[Adam] ep=  780  total=8.574e-02  PDE=3.489e-02 [colloc=3.424e-02, cfd=6.514e-04] (w=1.898)  IN=1.406e-02 (w=0.859)  TB=1.026e-02 (w=0.712)  WALL=8.462e-16 (w=0.200)  OUT=6.433e-04 (w=0.200)  DATA=8.339e-02 (w=0.000)
[Adam] ep=  800  total=7.924e-02  PDE=3.221e-02 [colloc=3.154e-02, cfd=6.701e-04] (w=1.875)  IN=1.417e-02 (w=0.859)  TB=9.312e-03 (w=0.702)  WALL=7.978e-16 (w=0.200)  OUT=6.757e-04 (w=0.200)  DATA=8.328e-02 (w=0.000)
[Adam] ep=  820  total=7.800e-02  PDE=3.190e-02 [colloc=3.123e-02, cfd=6.705e-04] (w=1.862)  IN=1.368e-02 (w=0.851)  TB=9.792e-03 (w=0.700)  WALL=7.456e-16 (w=0.200)  OUT=5.491e-04 (w=0.200)  DATA=8.272e-02 (w=0.000)
[Adam] ep=  840  total=7.170e-02  PDE=2.903e-02 [colloc=2.838e-02, cfd=6.481e-04] (w=1.844)  IN=1.372e-02 (w=0.844)  TB=9.356e-03 (w=0.694)  WALL=6.293e-16 (w=0.200)  OUT=5.169e-04 (w=0.200)  DATA=8.279e-02 (w=0.000)
[Adam] ep=  860  total=6.525e-02  PDE=2.663e-02 [colloc=2.604e-02, cfd=5.858e-04] (w=1.821)  IN=1.270e-02 (w=0.835)  TB=8.826e-03 (w=0.687)  WALL=6.433e-16 (w=0.200)  OUT=5.059e-04 (w=0.200)  DATA=8.163e-02 (w=0.000)
[Adam] ep=  880  total=6.476e-02  PDE=2.650e-02 [colloc=2.589e-02, cfd=6.114e-04] (w=1.814)  IN=1.285e-02 (w=0.829)  TB=8.654e-03 (w=0.682)  WALL=6.099e-16 (w=0.200)  OUT=6.545e-04 (w=0.200)  DATA=8.243e-02 (w=0.000)
[Adam] ep=  900  total=6.047e-02  PDE=2.490e-02 [colloc=2.429e-02, cfd=6.155e-04] (w=1.791)  IN=1.235e-02 (w=0.820)  TB=8.359e-03 (w=0.677)  WALL=5.510e-16 (w=0.200)  OUT=4.777e-04 (w=0.200)  DATA=8.157e-02 (w=0.000)
[Adam] ep=  920  total=5.697e-02  PDE=2.347e-02 [colloc=2.283e-02, cfd=6.420e-04] (w=1.780)  IN=1.189e-02 (w=0.814)  TB=8.046e-03 (w=0.671)  WALL=6.293e-16 (w=0.200)  OUT=5.484e-04 (w=0.200)  DATA=8.046e-02 (w=0.000)
[Adam] ep=  940  total=5.625e-02  PDE=2.367e-02 [colloc=2.304e-02, cfd=6.329e-04] (w=1.749)  IN=1.175e-02 (w=0.805)  TB=7.961e-03 (w=0.666)  WALL=4.957e-16 (w=0.200)  OUT=4.914e-04 (w=0.200)  DATA=8.105e-02 (w=0.000)
[Adam] ep=  960  total=5.666e-02  PDE=2.469e-02 [colloc=2.406e-02, cfd=6.339e-04] (w=1.735)  IN=1.116e-02 (w=0.794)  TB=7.383e-03 (w=0.657)  WALL=6.822e-16 (w=0.200)  OUT=4.774e-04 (w=0.200)  DATA=8.350e-02 (w=0.000)
[Adam] ep=  980  total=5.029e-02  PDE=2.186e-02 [colloc=2.123e-02, cfd=6.298e-04] (w=1.705)  IN=1.021e-02 (w=0.788)  TB=7.502e-03 (w=0.649)  WALL=5.273e-16 (w=0.200)  OUT=5.327e-04 (w=0.200)  DATA=8.099e-02 (w=0.000)
[Adam] ep= 1000  total=4.690e-02  PDE=2.059e-02 [colloc=2.000e-02, cfd=5.983e-04] (w=1.691)  IN=9.853e-03 (w=0.777)  TB=6.782e-03 (w=0.639)  WALL=4.886e-16 (w=0.200)  OUT=4.182e-04 (w=0.200)  DATA=8.188e-02 (w=0.000)
[Adam] ep= 1020  total=4.239e-02  PDE=1.829e-02 [colloc=1.765e-02, cfd=6.319e-04] (w=1.677)  IN=9.668e-03 (w=0.765)  TB=6.735e-03 (w=0.631)  WALL=3.727e-16 (w=0.200)  OUT=4.175e-04 (w=0.200)  DATA=7.973e-02 (w=0.000)
[Adam] ep= 1040  total=3.688e-02  PDE=1.567e-02 [colloc=1.509e-02, cfd=5.749e-04] (w=1.672)  IN=8.838e-03 (w=0.751)  TB=6.364e-03 (w=0.623)  WALL=3.872e-16 (w=0.200)  OUT=4.234e-04 (w=0.200)  DATA=7.713e-02 (w=0.000)
[Adam] ep= 1060  total=3.673e-02  PDE=1.577e-02 [colloc=1.514e-02, cfd=6.319e-04] (w=1.658)  IN=8.938e-03 (w=0.740)  TB=6.230e-03 (w=0.613)  WALL=3.313e-16 (w=0.200)  OUT=7.154e-04 (w=0.200)  DATA=8.040e-02 (w=0.000)
[Adam] ep= 1080  total=3.311e-02  PDE=1.442e-02 [colloc=1.384e-02, cfd=5.795e-04] (w=1.649)  IN=8.052e-03 (w=0.724)  TB=5.634e-03 (w=0.603)  WALL=3.567e-16 (w=0.200)  OUT=5.234e-04 (w=0.200)  DATA=7.805e-02 (w=0.000)
[Adam] ep= 1100  total=3.129e-02  PDE=1.367e-02 [colloc=1.311e-02, cfd=5.629e-04] (w=1.627)  IN=8.051e-03 (w=0.716)  TB=5.389e-03 (w=0.590)  WALL=2.735e-16 (w=0.200)  OUT=4.812e-04 (w=0.207)  DATA=7.843e-02 (w=0.000)
[Adam] ep= 1120  total=2.797e-02  PDE=1.222e-02 [colloc=1.161e-02, cfd=6.132e-04] (w=1.608)  IN=7.284e-03 (w=0.702)  TB=5.268e-03 (w=0.581)  WALL=3.042e-16 (w=0.200)  OUT=6.755e-04 (w=0.200)  DATA=7.831e-02 (w=0.000)
[Adam] ep= 1140  total=2.705e-02  PDE=1.198e-02 [colloc=1.143e-02, cfd=5.474e-04] (w=1.605)  IN=7.218e-03 (w=0.691)  TB=4.809e-03 (w=0.568)  WALL=2.122e-16 (w=0.200)  OUT=5.313e-04 (w=0.200)  DATA=7.603e-02 (w=0.000)
[Adam] ep= 1160  total=2.744e-02  PDE=1.278e-02 [colloc=1.208e-02, cfd=7.080e-04] (w=1.572)  IN=6.852e-03 (w=0.678)  TB=4.619e-03 (w=0.559)  WALL=3.137e-16 (w=0.200)  OUT=5.543e-04 (w=0.200)  DATA=7.704e-02 (w=0.000)
[Adam] ep= 1180  total=2.528e-02  PDE=1.201e-02 [colloc=1.149e-02, cfd=5.178e-04] (w=1.545)  IN=6.574e-03 (w=0.664)  TB=4.191e-03 (w=0.547)  WALL=2.338e-16 (w=0.200)  OUT=3.250e-04 (w=0.200)  DATA=7.763e-02 (w=0.000)
[Adam] ep= 1200  total=2.624e-02  PDE=1.306e-02 [colloc=1.244e-02, cfd=6.206e-04] (w=1.512)  IN=6.453e-03 (w=0.659)  TB=4.082e-03 (w=0.533)  WALL=2.555e-16 (w=0.200)  OUT=3.328e-04 (w=0.200)  DATA=7.927e-02 (w=0.000)
[Adam] ep= 1220  total=2.489e-02  PDE=1.275e-02 [colloc=1.225e-02, cfd=5.008e-04] (w=1.474)  IN=5.982e-03 (w=0.641)  TB=4.053e-03 (w=0.531)  WALL=3.140e-16 (w=0.200)  OUT=5.191e-04 (w=0.200)  DATA=7.947e-02 (w=0.000)
[Adam] ep= 1240  total=2.592e-02  PDE=1.387e-02 [colloc=1.303e-02, cfd=8.363e-04] (w=1.471)  IN=5.806e-03 (w=0.629)  TB=3.511e-03 (w=0.513)  WALL=2.566e-16 (w=0.200)  OUT=3.730e-04 (w=0.200)  DATA=7.660e-02 (w=0.000)
[Adam] ep= 1260  total=2.594e-02  PDE=1.430e-02 [colloc=1.369e-02, cfd=6.097e-04] (w=1.435)  IN=5.653e-03 (w=0.623)  TB=3.617e-03 (w=0.504)  WALL=3.227e-16 (w=0.200)  OUT=3.723e-04 (w=0.200)  DATA=7.850e-02 (w=0.000)
[Adam] ep= 1280  total=2.462e-02  PDE=1.393e-02 [colloc=1.343e-02, cfd=5.007e-04] (w=1.409)  IN=5.243e-03 (w=0.603)  TB=3.430e-03 (w=0.499)  WALL=3.482e-16 (w=0.200)  OUT=6.286e-04 (w=0.200)  DATA=7.867e-02 (w=0.000)
[Adam] ep= 1300  total=2.077e-02  PDE=1.176e-02 [colloc=1.132e-02, cfd=4.467e-04] (w=1.400)  IN=4.728e-03 (w=0.585)  TB=3.029e-03 (w=0.480)  WALL=2.899e-16 (w=0.200)  OUT=3.877e-04 (w=0.200)  DATA=7.723e-02 (w=0.000)
[Adam] ep= 1320  total=1.924e-02  PDE=1.109e-02 [colloc=1.055e-02, cfd=5.441e-04] (w=1.382)  IN=4.347e-03 (w=0.582)  TB=2.802e-03 (w=0.464)  WALL=2.414e-16 (w=0.200)  OUT=3.789e-04 (w=0.200)  DATA=7.432e-02 (w=0.000)
[Adam] ep= 1340  total=1.984e-02  PDE=1.181e-02 [colloc=1.131e-02, cfd=4.983e-04] (w=1.379)  IN=4.035e-03 (w=0.565)  TB=2.661e-03 (w=0.454)  WALL=3.010e-16 (w=0.200)  OUT=3.107e-04 (w=0.206)  DATA=7.330e-02 (w=0.000)
[Adam] ep= 1360  total=1.920e-02  PDE=1.139e-02 [colloc=1.074e-02, cfd=6.538e-04] (w=1.383)  IN=4.106e-03 (w=0.562)  TB=2.442e-03 (w=0.443)  WALL=2.743e-16 (w=0.200)  OUT=2.739e-04 (w=0.200)  DATA=7.235e-02 (w=0.000)
[Adam] ep= 1380  total=1.933e-02  PDE=1.161e-02 [colloc=1.053e-02, cfd=1.084e-03] (w=1.384)  IN=3.881e-03 (w=0.551)  TB=2.305e-03 (w=0.429)  WALL=2.740e-16 (w=0.200)  OUT=6.639e-04 (w=0.200)  DATA=7.265e-02 (w=0.000)
[Adam] ep= 1400  total=2.014e-02  PDE=1.226e-02 [colloc=1.101e-02, cfd=1.247e-03] (w=1.394)  IN=3.735e-03 (w=0.546)  TB=2.276e-03 (w=0.424)  WALL=3.187e-16 (w=0.200)  OUT=2.973e-04 (w=0.200)  DATA=7.524e-02 (w=0.000)
[Adam] ep= 1420  total=1.912e-02  PDE=1.077e-02 [colloc=9.398e-03, cfd=1.373e-03] (w=1.414)  IN=4.080e-03 (w=0.543)  TB=2.281e-03 (w=0.422)  WALL=2.294e-16 (w=0.200)  OUT=1.962e-03 (w=0.363)  DATA=7.397e-02 (w=0.000)
[Adam] ep= 1440  total=1.306e-01  PDE=6.782e-02 [colloc=5.166e-02, cfd=1.617e-02] (w=1.801)  IN=7.321e-03 (w=0.526)  TB=5.434e-03 (w=0.445)  WALL=7.194e-16 (w=0.200)  OUT=4.427e-03 (w=0.510)  DATA=9.138e-02 (w=0.000)
[Adam] ep= 1460  total=3.780e-02  PDE=1.607e-02 [colloc=1.437e-02, cfd=1.700e-03] (w=1.709)  IN=5.680e-03 (w=0.640)  TB=9.993e-03 (w=0.592)  WALL=2.568e-16 (w=0.200)  OUT=1.194e-03 (w=0.658)  DATA=1.053e-01 (w=0.000)
[Adam] ep= 1480  total=1.375e-02  PDE=4.205e-03 [colloc=3.200e-03, cfd=1.006e-03] (w=1.415)  IN=5.625e-03 (w=0.580)  TB=6.246e-03 (w=0.629)  WALL=7.352e-17 (w=0.200)  OUT=1.379e-03 (w=0.441)  DATA=9.824e-02 (w=0.000)
[Adam] ep= 1500  total=2.389e-02  PDE=1.445e-02 [colloc=1.354e-02, cfd=9.062e-04] (w=1.337)  IN=4.331e-03 (w=0.534)  TB=3.613e-03 (w=0.541)  WALL=2.448e-16 (w=0.200)  OUT=1.092e-03 (w=0.279)  DATA=8.640e-02 (w=0.000)
[Adam] ep= 1520  total=1.871e-02  PDE=1.209e-02 [colloc=1.164e-02, cfd=4.474e-04] (w=1.321)  IN=3.071e-03 (w=0.486)  TB=2.606e-03 (w=0.461)  WALL=4.429e-16 (w=0.200)  OUT=2.175e-04 (w=0.200)  DATA=7.767e-02 (w=0.000)
[Adam] ep= 1540  total=1.228e-02  PDE=7.791e-03 [colloc=7.422e-03, cfd=3.693e-04] (w=1.258)  IN=3.049e-03 (w=0.472)  TB=2.318e-03 (w=0.434)  WALL=2.128e-16 (w=0.200)  OUT=1.568e-04 (w=0.200)  DATA=8.083e-02 (w=0.000)
[Adam] ep= 1560  total=1.110e-02  PDE=7.437e-03 [colloc=7.108e-03, cfd=3.290e-04] (w=1.217)  IN=2.616e-03 (w=0.456)  TB=2.029e-03 (w=0.407)  WALL=2.510e-16 (w=0.200)  OUT=1.445e-04 (w=0.200)  DATA=7.835e-02 (w=0.000)
[Adam] ep= 1580  total=1.123e-02  PDE=7.790e-03 [colloc=7.418e-03, cfd=3.719e-04] (w=1.205)  IN=2.532e-03 (w=0.445)  TB=1.771e-03 (w=0.387)  WALL=2.445e-16 (w=0.200)  OUT=1.396e-04 (w=0.200)  DATA=7.791e-02 (w=0.000)
[Adam] ep= 1600  total=1.098e-02  PDE=7.657e-03 [colloc=7.331e-03, cfd=3.256e-04] (w=1.191)  IN=2.578e-03 (w=0.440)  TB=1.833e-03 (w=0.377)  WALL=2.472e-16 (w=0.200)  OUT=1.350e-04 (w=0.200)  DATA=7.790e-02 (w=0.000)
[Adam] ep= 1620  total=1.084e-02  PDE=7.747e-03 [colloc=7.456e-03, cfd=2.913e-04] (w=1.178)  IN=2.522e-03 (w=0.431)  TB=1.637e-03 (w=0.365)  WALL=2.664e-16 (w=0.200)  OUT=1.333e-04 (w=0.200)  DATA=8.151e-02 (w=0.000)
[Adam] ep= 1640  total=1.139e-02  PDE=8.394e-03 [colloc=8.102e-03, cfd=2.918e-04] (w=1.168)  IN=2.297e-03 (w=0.422)  TB=1.643e-03 (w=0.356)  WALL=2.699e-16 (w=0.200)  OUT=1.538e-04 (w=0.200)  DATA=7.770e-02 (w=0.000)
[Adam] ep= 1660  total=1.120e-02  PDE=8.305e-03 [colloc=7.986e-03, cfd=3.191e-04] (w=1.164)  IN=2.339e-03 (w=0.417)  TB=1.517e-03 (w=0.347)  WALL=2.767e-16 (w=0.200)  OUT=1.606e-04 (w=0.200)  DATA=7.984e-02 (w=0.000)
[Adam] ep= 1680  total=1.119e-02  PDE=8.515e-03 [colloc=8.194e-03, cfd=3.214e-04] (w=1.150)  IN=2.188e-03 (w=0.409)  TB=1.389e-03 (w=0.337)  WALL=2.665e-16 (w=0.200)  OUT=1.853e-04 (w=0.200)  DATA=8.105e-02 (w=0.000)
[Adam] ep= 1700  total=1.063e-02  PDE=8.134e-03 [colloc=7.815e-03, cfd=3.188e-04] (w=1.143)  IN=2.149e-03 (w=0.404)  TB=1.311e-03 (w=0.332)  WALL=2.665e-16 (w=0.200)  OUT=1.349e-04 (w=0.200)  DATA=7.712e-02 (w=0.000)
[Adam] ep= 1720  total=9.701e-03  PDE=7.510e-03 [colloc=7.216e-03, cfd=2.937e-04] (w=1.125)  IN=1.983e-03 (w=0.394)  TB=1.331e-03 (w=0.325)  WALL=2.483e-16 (w=0.200)  OUT=1.690e-04 (w=0.200)  DATA=7.865e-02 (w=0.000)
[Adam] ep= 1740  total=9.478e-03  PDE=7.424e-03 [colloc=7.138e-03, cfd=2.861e-04] (w=1.116)  IN=1.923e-03 (w=0.387)  TB=1.329e-03 (w=0.322)  WALL=2.266e-16 (w=0.200)  OUT=1.128e-04 (w=0.200)  DATA=7.878e-02 (w=0.000)
[Adam] ep= 1760  total=8.731e-03  PDE=6.901e-03 [colloc=6.635e-03, cfd=2.662e-04] (w=1.105)  IN=1.802e-03 (w=0.382)  TB=1.231e-03 (w=0.315)  WALL=2.206e-16 (w=0.200)  OUT=1.403e-04 (w=0.200)  DATA=7.780e-02 (w=0.000)
[Adam] ep= 1780  total=7.771e-03  PDE=6.247e-03 [colloc=5.965e-03, cfd=2.828e-04] (w=1.082)  IN=1.661e-03 (w=0.375)  TB=1.175e-03 (w=0.309)  WALL=2.287e-16 (w=0.200)  OUT=1.319e-04 (w=0.200)  DATA=7.892e-02 (w=0.000)
[Adam] ep= 1800  total=7.280e-03  PDE=5.861e-03 [colloc=5.634e-03, cfd=2.275e-04] (w=1.069)  IN=1.737e-03 (w=0.371)  TB=1.147e-03 (w=0.303)  WALL=1.944e-16 (w=0.200)  OUT=1.187e-04 (w=0.200)  DATA=8.000e-02 (w=0.000)
[Adam] ep= 1820  total=7.682e-03  PDE=6.303e-03 [colloc=6.033e-03, cfd=2.692e-04] (w=1.065)  IN=1.652e-03 (w=0.366)  TB=1.133e-03 (w=0.299)  WALL=1.994e-16 (w=0.200)  OUT=1.253e-04 (w=0.200)  DATA=7.914e-02 (w=0.000)
[Adam] ep= 1840  total=7.362e-03  PDE=6.141e-03 [colloc=5.877e-03, cfd=2.635e-04] (w=1.053)  IN=1.566e-03 (w=0.357)  TB=1.067e-03 (w=0.295)  WALL=1.946e-16 (w=0.200)  OUT=1.063e-04 (w=0.200)  DATA=8.021e-02 (w=0.000)
[Adam] ep= 1860  total=6.852e-03  PDE=5.807e-03 [colloc=5.571e-03, cfd=2.359e-04] (w=1.037)  IN=1.470e-03 (w=0.351)  TB=1.015e-03 (w=0.288)  WALL=1.840e-16 (w=0.200)  OUT=9.685e-05 (w=0.200)  DATA=7.798e-02 (w=0.000)
[Adam] ep= 1880  total=6.569e-03  PDE=5.583e-03 [colloc=5.324e-03, cfd=2.597e-04] (w=1.030)  IN=1.429e-03 (w=0.345)  TB=1.048e-03 (w=0.287)  WALL=1.835e-16 (w=0.200)  OUT=1.101e-04 (w=0.200)  DATA=7.961e-02 (w=0.000)
[Adam] ep= 1900  total=6.361e-03  PDE=5.513e-03 [colloc=5.256e-03, cfd=2.576e-04] (w=1.015)  IN=1.361e-03 (w=0.341)  TB=9.469e-04 (w=0.284)  WALL=1.857e-16 (w=0.200)  OUT=1.456e-04 (w=0.200)  DATA=8.092e-02 (w=0.000)
[Adam] ep= 1920  total=6.368e-03  PDE=5.483e-03 [colloc=5.183e-03, cfd=3.009e-04] (w=1.012)  IN=1.486e-03 (w=0.334)  TB=9.615e-04 (w=0.275)  WALL=1.856e-16 (w=0.200)  OUT=2.806e-04 (w=0.200)  DATA=8.110e-02 (w=0.000)
[Adam] ep= 1940  total=6.103e-03  PDE=5.328e-03 [colloc=5.054e-03, cfd=2.738e-04] (w=1.006)  IN=1.342e-03 (w=0.327)  TB=8.681e-04 (w=0.272)  WALL=1.685e-16 (w=0.200)  OUT=3.441e-04 (w=0.200)  DATA=7.775e-02 (w=0.000)
[Adam] ep= 1960  total=5.714e-03  PDE=5.060e-03 [colloc=4.841e-03, cfd=2.190e-04] (w=0.998)  IN=1.302e-03 (w=0.324)  TB=8.360e-04 (w=0.264)  WALL=1.539e-16 (w=0.200)  OUT=1.030e-04 (w=0.200)  DATA=7.600e-02 (w=0.000)
[Adam] ep= 1980  total=5.612e-03  PDE=5.025e-03 [colloc=4.735e-03, cfd=2.892e-04] (w=0.988)  IN=1.246e-03 (w=0.317)  TB=8.028e-04 (w=0.260)  WALL=1.537e-16 (w=0.200)  OUT=2.070e-04 (w=0.200)  DATA=7.825e-02 (w=0.000)
[Adam] ep= 2000  total=5.475e-03  PDE=4.919e-03 [colloc=4.664e-03, cfd=2.551e-04] (w=0.986)  IN=1.226e-03 (w=0.314)  TB=8.168e-04 (w=0.257)  WALL=1.488e-16 (w=0.200)  OUT=1.602e-04 (w=0.200)  DATA=7.824e-02 (w=0.000)
============================================================
Phase 2 — BFGS (6000 total calls, 150 iters/batch)
Adaptive weights are frozen for BFGS stability | method=SSBroyden1
============================================================
[BFGS] full data fitting: 4869 CFD points pinned per call
[BFGS] using CUSTOM _optimize._minimize_bfgs (method_bfgs='SSBroyden1')
/oscar/home/jchen790/cylinder flow lab/src/cfp40.py:1342: OptimizeWarning: Unknown solver options: hess, hessp, bounds, constraints, tol
  result = minimize(
