============================================================
 [WEAK-QUICK] Phase 1 — DATA-ONLY (all CFD pts)
============================================================
[OK] _optimize._minimize_bfgs loaded — SSBroyden / SSBFGS variants available
[v2-loader] Re40.vtk  cells=8234  velocity_array='UMean'  prefer_mean=True
[v2] Model: width=32, depth=3, Fourier F=8, σ_bands=[0.25, 0.5, 1.0, 2.0] (rows per band=[2, 2, 2, 2]), params=2818
[v2] training mode: DATA-ONLY (mentor's Phase 1)
[v2] initial CFD-error monitor before this phase starts:
[phase-start] CFD monitor | mae_u=1.3288e+00 mae_v=2.2420e+00 rmse_u=1.7085e+00 rmse_v=2.8136e+00 relL2_u=1.9116e+00 relL2_v=2.7277e+01 mean|duv|=2.8166e+00 n=7456
[v2] === Stage 1: Adam with adaptive (variable) weights ===
[Adam-v2] ep=   20  total=1.983e+01  PDE=0.000e+00 (w=1.000)  OUT=9.089e+01 (w=0.200)  DATA=1.648e+00 (w=1.000)  |  hard-BC residuals: in=0.00e+00 tb=0.00e+00 wuv=1.80e-13 wpsi=4.01e-29
[Adam-v2] ep=   40  total=2.873e+00  PDE=0.000e+00 (w=1.000)  OUT=1.082e+01 (w=0.200)  DATA=7.093e-01 (w=1.000)  |  hard-BC residuals: in=0.00e+00 tb=0.00e+00 wuv=1.10e-13 wpsi=2.44e-29
[Adam-v2] ep=   60  total=9.504e-01  PDE=0.000e+00 (w=1.000)  OUT=2.318e+00 (w=0.200)  DATA=4.867e-01 (w=1.000)  |  hard-BC residuals: in=0.00e+00 tb=0.00e+00 wuv=1.02e-13 wpsi=2.26e-29
[Adam-v2] ep=   80  total=5.851e-01  PDE=0.000e+00 (w=1.000)  OUT=9.157e-01 (w=0.200)  DATA=4.020e-01 (w=1.000)  |  hard-BC residuals: in=0.00e+00 tb=0.00e+00 wuv=9.35e-14 wpsi=2.08e-29
[Adam-v2] ep=  100  total=4.578e-01  PDE=0.000e+00 (w=1.000)  OUT=4.991e-01 (w=0.200)  DATA=3.580e-01 (w=1.000)  |  hard-BC residuals: in=0.00e+00 tb=0.00e+00 wuv=8.62e-14 wpsi=1.91e-29
[Adam-v2 ep=00100] CFD monitor | mae_u=3.0410e-01 mae_v=2.2970e-01 rmse_u=5.0423e-01 rmse_v=3.1948e-01 relL2_u=5.6418e-01 relL2_v=3.0972e+00 mean|duv|=4.2113e-01 n=7456
[Adam-v2] ep=  120  total=3.882e-01  PDE=0.000e+00 (w=1.000)  OUT=2.810e-01 (w=0.200)  DATA=3.320e-01 (w=1.000)  |  hard-BC residuals: in=0.00e+00 tb=0.00e+00 wuv=8.14e-14 wpsi=1.81e-29
[Adam-v2] ep=  140  total=3.593e-01  PDE=0.000e+00 (w=1.000)  OUT=2.411e-01 (w=0.200)  DATA=3.111e-01 (w=1.000)  |  hard-BC residuals: in=0.00e+00 tb=0.00e+00 wuv=7.70e-14 wpsi=1.71e-29
[Adam-v2] ep=  160  total=3.394e-01  PDE=0.000e+00 (w=1.000)  OUT=1.998e-01 (w=0.200)  DATA=2.994e-01 (w=1.000)  |  hard-BC residuals: in=0.00e+00 tb=0.00e+00 wuv=7.44e-14 wpsi=1.65e-29
[Adam-v2] ep=  180  total=3.189e-01  PDE=0.000e+00 (w=1.000)  OUT=1.312e-01 (w=0.200)  DATA=2.927e-01 (w=1.000)  |  hard-BC residuals: in=0.00e+00 tb=0.00e+00 wuv=7.22e-14 wpsi=1.60e-29
[Adam-v2] ep=  200  total=3.164e-01  PDE=0.000e+00 (w=1.000)  OUT=1.434e-01 (w=0.200)  DATA=2.877e-01 (w=1.000)  |  hard-BC residuals: in=0.00e+00 tb=0.00e+00 wuv=7.08e-14 wpsi=1.57e-29
[Adam-v2 ep=00200] CFD monitor | mae_u=2.8536e-01 mae_v=1.8335e-01 rmse_u=4.6670e-01 rmse_v=2.6392e-01 relL2_u=5.2219e-01 relL2_v=2.5586e+00 mean|duv|=3.7032e-01 n=7456
[Adam-v2] ep=  220  total=3.123e-01  PDE=0.000e+00 (w=1.000)  OUT=1.467e-01 (w=0.200)  DATA=2.829e-01 (w=1.000)  |  hard-BC residuals: in=0.00e+00 tb=0.00e+00 wuv=6.96e-14 wpsi=1.54e-29
[Adam-v2] ep=  240  total=2.998e-01  PDE=0.000e+00 (w=1.000)  OUT=1.060e-01 (w=0.200)  DATA=2.785e-01 (w=1.000)  |  hard-BC residuals: in=0.00e+00 tb=0.00e+00 wuv=6.82e-14 wpsi=1.51e-29
[Adam-v2] ep=  260  total=2.948e-01  PDE=0.000e+00 (w=1.000)  OUT=9.863e-02 (w=0.200)  DATA=2.751e-01 (w=1.000)  |  hard-BC residuals: in=0.00e+00 tb=0.00e+00 wuv=6.72e-14 wpsi=1.49e-29
[Adam-v2] ep=  280  total=2.911e-01  PDE=0.000e+00 (w=1.000)  OUT=9.929e-02 (w=0.200)  DATA=2.712e-01 (w=1.000)  |  hard-BC residuals: in=0.00e+00 tb=0.00e+00 wuv=6.62e-14 wpsi=1.47e-29
[Adam-v2] ep=  300  total=2.891e-01  PDE=0.000e+00 (w=1.000)  OUT=1.042e-01 (w=0.200)  DATA=2.682e-01 (w=1.000)  |  hard-BC residuals: in=0.00e+00 tb=0.00e+00 wuv=6.52e-14 wpsi=1.45e-29
[Adam-v2 ep=00300] CFD monitor | mae_u=2.8503e-01 mae_v=1.7248e-01 rmse_u=4.5444e-01 rmse_v=2.4816e-01 relL2_u=5.0847e-01 relL2_v=2.4058e+00 mean|duv|=3.6192e-01 n=7456
[v2] CFD-error monitor after Adam:
[post-Adam] CFD monitor | mae_u=2.8503e-01 mae_v=1.7248e-01 rmse_u=4.5444e-01 rmse_v=2.4816e-01 relL2_u=5.0847e-01 relL2_v=2.4058e+00 mean|duv|=3.6192e-01 n=7456
[v2] === Stage 2: Auto-normalized BFGS weights (data_priority=5.0) ===
        pde          weight=0.0000e+00    (Adam EMA=0.0000e+00)
        outlet       weight=0.0000e+00    (Adam EMA=8.9974e-02)
        wall_uv      weight=0.0000e+00    (Adam EMA=6.5367e-14)
        wall_psi     weight=0.0000e+00    (Adam EMA=1.4514e-29)
        inlet        weight=0.0000e+00    (Adam EMA=0.0000e+00)
        top_bottom   weight=0.0000e+00    (Adam EMA=0.0000e+00)
        data         weight=3.7078e+00    (Adam EMA=2.6970e-01)
[v2] === Stage 3: SSBroyden (SSBroyden1) ===
[BFGS] full data fitting: 7456 CFD points pinned per call  (data-only)
[BFGS] using CUSTOM _optimize._minimize_bfgs (method_bfgs='SSBroyden1')
Invoked: SSBroyden1 approach!
[BFGS] batch=   1  call=     3  total=9.886e-01  PDE=0.000e+00 [colloc=0.000e+00, cfd=0.000e+00]  WALL=5.983e-14  DATA=2.666e-01
Invoked: SSBroyden1 approach!
[BFGS] batch=   1  call=     4  total=9.813e-01  PDE=0.000e+00 [colloc=0.000e+00, cfd=0.000e+00]  WALL=5.823e-14  DATA=2.647e-01
Invoked: SSBroyden1 approach!
[BFGS] batch=   1  call=     6  total=9.779e-01  PDE=0.000e+00 [colloc=0.000e+00, cfd=0.000e+00]  WALL=5.581e-14  DATA=2.638e-01
Invoked: SSBroyden1 approach!
[BFGS] batch=   1  call=     7  total=9.734e-01  PDE=0.000e+00 [colloc=0.000e+00, cfd=0.000e+00]  WALL=5.437e-14  DATA=2.625e-01
Invoked: SSBroyden1 approach!
[BFGS] batch=   1  call=     8  total=9.662e-01  PDE=0.000e+00 [colloc=0.000e+00, cfd=0.000e+00]  WALL=5.357e-14  DATA=2.606e-01
Invoked: SSBroyden1 approach!
[BFGS] batch=   1  call=     9  total=9.555e-01  PDE=0.000e+00 [colloc=0.000e+00, cfd=0.000e+00]  WALL=5.437e-14  DATA=2.577e-01
Invoked: SSBroyden1 approach!
[BFGS] batch=   1  call=    10  total=9.460e-01  PDE=0.000e+00 [colloc=0.000e+00, cfd=0.000e+00]  WALL=5.293e-14  DATA=2.551e-01
Invoked: SSBroyden1 approach!
[BFGS] batch=   1  call=    11  total=9.306e-01  PDE=0.000e+00 [colloc=0.000e+00, cfd=0.000e+00]  WALL=5.230e-14  DATA=2.510e-01
Invoked: SSBroyden1 approach!
[BFGS] batch=   1  call=    12  total=9.078e-01  PDE=0.000e+00 [colloc=0.000e+00, cfd=0.000e+00]  WALL=4.999e-14  DATA=2.448e-01
Invoked: SSBroyden1 approach!
[BFGS] batch=   1  call=    13  total=8.775e-01  PDE=0.000e+00 [colloc=0.000e+00, cfd=0.000e+00]  WALL=5.075e-14  DATA=2.367e-01
Invoked: SSBroyden1 approach!
[BFGS] batch=   1  call=    14  total=8.596e-01  PDE=0.000e+00 [colloc=0.000e+00, cfd=0.000e+00]  WALL=4.450e-14  DATA=2.318e-01
Invoked: SSBroyden1 approach!
[BFGS] batch=   1  call=    15  total=8.357e-01  PDE=0.000e+00 [colloc=0.000e+00, cfd=0.000e+00]  WALL=4.340e-14  DATA=2.254e-01
Invoked: SSBroyden1 approach!
[BFGS] batch=   1  call=    16  total=8.005e-01  PDE=0.000e+00 [colloc=0.000e+00, cfd=0.000e+00]  WALL=3.779e-14  DATA=2.159e-01
Invoked: SSBroyden1 approach!
[BFGS] batch=   1  call=    17  total=7.818e-01  PDE=0.000e+00 [colloc=0.000e+00, cfd=0.000e+00]  WALL=3.280e-14  DATA=2.109e-01
Invoked: SSBroyden1 approach!
[BFGS] batch=   1  call=    18  total=7.677e-01  PDE=0.000e+00 [colloc=0.000e+00, cfd=0.000e+00]  WALL=3.355e-14  DATA=2.071e-01
Invoked: SSBroyden1 approach!
[BFGS] batch=   1  call=    19  total=7.449e-01  PDE=0.000e+00 [colloc=0.000e+00, cfd=0.000e+00]  WALL=3.170e-14  DATA=2.009e-01
Invoked: SSBroyden1 approach!
[BFGS] batch=   1  call=    20  total=7.196e-01  PDE=0.000e+00 [colloc=0.000e+00, cfd=0.000e+00]  WALL=2.673e-14  DATA=1.941e-01
Invoked: SSBroyden1 approach!
[BFGS] batch=   1  call=    21  total=6.891e-01  PDE=0.000e+00 [colloc=0.000e+00, cfd=0.000e+00]  WALL=2.156e-14  DATA=1.859e-01
Invoked: SSBroyden1 approach!
[BFGS] batch=   1  call=    22  total=6.743e-01  PDE=0.000e+00 [colloc=0.000e+00, cfd=0.000e+00]  WALL=2.176e-14  DATA=1.818e-01
Invoked: SSBroyden1 approach!
[BFGS] batch=   1  call=    23  total=6.547e-01  PDE=0.000e+00 [colloc=0.000e+00, cfd=0.000e+00]  WALL=2.350e-14  DATA=1.766e-01
Invoked: SSBroyden1 approach!
[BFGS] batch=   1  call=    24  total=6.268e-01  PDE=0.000e+00 [colloc=0.000e+00, cfd=0.000e+00]  WALL=2.112e-14  DATA=1.690e-01
Invoked: SSBroyden1 approach!
[BFGS] batch=   1  call=    25  total=6.012e-01  PDE=0.000e+00 [colloc=0.000e+00, cfd=0.000e+00]  WALL=1.782e-14  DATA=1.621e-01
Invoked: SSBroyden1 approach!
[BFGS] batch=   1  call=    26  total=5.901e-01  PDE=0.000e+00 [colloc=0.000e+00, cfd=0.000e+00]  WALL=1.772e-14  DATA=1.592e-01
Invoked: SSBroyden1 approach!
[BFGS] batch=   1  call=    27  total=5.763e-01  PDE=0.000e+00 [colloc=0.000e+00, cfd=0.000e+00]  WALL=1.921e-14  DATA=1.554e-01
Invoked: SSBroyden1 approach!
[BFGS] batch=   1  call=    28  total=5.567e-01  PDE=0.000e+00 [colloc=0.000e+00, cfd=0.000e+00]  WALL=1.715e-14  DATA=1.501e-01
Invoked: SSBroyden1 approach!
[BFGS] batch=   1  call=    29  total=5.456e-01  PDE=0.000e+00 [colloc=0.000e+00, cfd=0.000e+00]  WALL=1.452e-14  DATA=1.472e-01
Invoked: SSBroyden1 approach!
[BFGS] batch=   1  call=    30  total=5.312e-01  PDE=0.000e+00 [colloc=0.000e+00, cfd=0.000e+00]  WALL=1.226e-14  DATA=1.433e-01
Invoked: SSBroyden1 approach!
[BFGS] batch=   1  call=    31  total=5.163e-01  PDE=0.000e+00 [colloc=0.000e+00, cfd=0.000e+00]  WALL=1.297e-14  DATA=1.392e-01
Invoked: SSBroyden1 approach!
[BFGS] batch=   1  call=    32  total=5.011e-01  PDE=0.000e+00 [colloc=0.000e+00, cfd=0.000e+00]  WALL=1.334e-14  DATA=1.352e-01
Invoked: SSBroyden1 approach!
[BFGS] batch=   1  call=    33  total=4.917e-01  PDE=0.000e+00 [colloc=0.000e+00, cfd=0.000e+00]  WALL=1.119e-14  DATA=1.326e-01
Invoked: SSBroyden1 approach!
[BFGS] batch=   1  call=    34  total=4.791e-01  PDE=0.000e+00 [colloc=0.000e+00, cfd=0.000e+00]  WALL=1.035e-14  DATA=1.292e-01
Invoked: SSBroyden1 approach!
[BFGS] batch=   1  call=    35  total=4.637e-01  PDE=0.000e+00 [colloc=0.000e+00, cfd=0.000e+00]  WALL=9.549e-15  DATA=1.251e-01
Invoked: SSBroyden1 approach!
[BFGS] batch=   1  call=    36  total=4.505e-01  PDE=0.000e+00 [colloc=0.000e+00, cfd=0.000e+00]  WALL=9.741e-15  DATA=1.215e-01
Invoked: SSBroyden1 approach!
[BFGS] batch=   1  call=    37  total=4.390e-01  PDE=0.000e+00 [colloc=0.000e+00, cfd=0.000e+00]  WALL=1.038e-14  DATA=1.184e-01
Invoked: SSBroyden1 approach!
[BFGS] batch=   1  call=    38  total=4.293e-01  PDE=0.000e+00 [colloc=0.000e+00, cfd=0.000e+00]  WALL=1.124e-14  DATA=1.158e-01
Invoked: SSBroyden1 approach!
[BFGS] batch=   1  call=    39  total=4.179e-01  PDE=0.000e+00 [colloc=0.000e+00, cfd=0.000e+00]  WALL=9.204e-15  DATA=1.127e-01
Invoked: SSBroyden1 approach!
[BFGS] batch=   1  call=    40  total=4.084e-01  PDE=0.000e+00 [colloc=0.000e+00, cfd=0.000e+00]  WALL=7.976e-15  DATA=1.102e-01
Invoked: SSBroyden1 approach!
[BFGS] batch=   1  call=    41  total=4.043e-01  PDE=0.000e+00 [colloc=0.000e+00, cfd=0.000e+00]  WALL=7.417e-15  DATA=1.090e-01
Invoked: SSBroyden1 approach!
[BFGS] batch=   1  call=    42  total=3.971e-01  PDE=0.000e+00 [colloc=0.000e+00, cfd=0.000e+00]  WALL=7.398e-15  DATA=1.071e-01
Invoked: SSBroyden1 approach!
[BFGS] batch=   1  call=    43  total=3.858e-01  PDE=0.000e+00 [colloc=0.000e+00, cfd=0.000e+00]  WALL=7.503e-15  DATA=1.041e-01
Invoked: SSBroyden1 approach!
[BFGS] batch=   1  call=    44  total=3.740e-01  PDE=0.000e+00 [colloc=0.000e+00, cfd=0.000e+00]  WALL=7.129e-15  DATA=1.009e-01
Invoked: SSBroyden1 approach!
[BFGS] batch=   1  call=    46  total=3.681e-01  PDE=0.000e+00 [colloc=0.000e+00, cfd=0.000e+00]  WALL=7.615e-15  DATA=9.928e-02
Invoked: SSBroyden1 approach!
[BFGS] batch=   1  call=    47  total=3.628e-01  PDE=0.000e+00 [colloc=0.000e+00, cfd=0.000e+00]  WALL=7.887e-15  DATA=9.784e-02
Invoked: SSBroyden1 approach!
[BFGS] batch=   1  call=    48  total=3.559e-01  PDE=0.000e+00 [colloc=0.000e+00, cfd=0.000e+00]  WALL=8.015e-15  DATA=9.597e-02
Invoked: SSBroyden1 approach!
[BFGS] batch=   1  call=    49  total=3.502e-01  PDE=0.000e+00 [colloc=0.000e+00, cfd=0.000e+00]  WALL=7.494e-15  DATA=9.445e-02
Invoked: SSBroyden1 approach!
[BFGS] batch=   1  call=    50  total=3.448e-01  PDE=0.000e+00 [colloc=0.000e+00, cfd=0.000e+00]  WALL=7.404e-15  DATA=9.298e-02
Invoked: SSBroyden1 approach!
[BFGS] batch=   1  call=    51  total=3.390e-01  PDE=0.000e+00 [colloc=0.000e+00, cfd=0.000e+00]  WALL=6.573e-15  DATA=9.144e-02
Invoked: SSBroyden1 approach!
[BFGS] batch=   1  call=    52  total=3.322e-01  PDE=0.000e+00 [colloc=0.000e+00, cfd=0.000e+00]  WALL=7.758e-15  DATA=8.960e-02
Invoked: SSBroyden1 approach!
[BFGS] batch=   1  call=    53  total=3.267e-01  PDE=0.000e+00 [colloc=0.000e+00, cfd=0.000e+00]  WALL=8.249e-15  DATA=8.812e-02
Invoked: SSBroyden1 approach!
[BFGS] batch=   1  call=    54  total=3.210e-01  PDE=0.000e+00 [colloc=0.000e+00, cfd=0.000e+00]  WALL=7.170e-15  DATA=8.658e-02
[BFGS-END] batch=   1  last_total=3.210e-01  last_PDE=0.000e+00 [colloc=0.000e+00, cfd=0.000e+00]  last_WALL=7.170e-15  last_DATA=8.658e-02
Invoked: SSBroyden1 approach!
[BFGS] batch=   2  call=    57  total=3.152e-01  PDE=0.000e+00 [colloc=0.000e+00, cfd=0.000e+00]  WALL=7.426e-15  DATA=8.501e-02
Invoked: SSBroyden1 approach!
[BFGS] batch=   2  call=    58  total=3.103e-01  PDE=0.000e+00 [colloc=0.000e+00, cfd=0.000e+00]  WALL=7.837e-15  DATA=8.368e-02
Invoked: SSBroyden1 approach!
[BFGS] batch=   2  call=    59  total=3.072e-01  PDE=0.000e+00 [colloc=0.000e+00, cfd=0.000e+00]  WALL=7.897e-15  DATA=8.285e-02
Invoked: SSBroyden1 approach!
[BFGS] batch=   2  call=    60  total=3.040e-01  PDE=0.000e+00 [colloc=0.000e+00, cfd=0.000e+00]  WALL=7.611e-15  DATA=8.199e-02
Invoked: SSBroyden1 approach!
[BFGS] batch=   2  call=    61  total=2.998e-01  PDE=0.000e+00 [colloc=0.000e+00, cfd=0.000e+00]  WALL=7.447e-15  DATA=8.085e-02
Invoked: SSBroyden1 approach!
[BFGS] batch=   2  call=    62  total=2.961e-01  PDE=0.000e+00 [colloc=0.000e+00, cfd=0.000e+00]  WALL=7.415e-15  DATA=7.985e-02
Invoked: SSBroyden1 approach!
[BFGS] batch=   2  call=    63  total=2.919e-01  PDE=0.000e+00 [colloc=0.000e+00, cfd=0.000e+00]  WALL=7.169e-15  DATA=7.872e-02
Invoked: SSBroyden1 approach!
[BFGS] batch=   2  call=    64  total=2.878e-01  PDE=0.000e+00 [colloc=0.000e+00, cfd=0.000e+00]  WALL=7.184e-15  DATA=7.762e-02
Invoked: SSBroyden1 approach!
[BFGS] batch=   2  call=    65  total=2.841e-01  PDE=0.000e+00 [colloc=0.000e+00, cfd=0.000e+00]  WALL=7.143e-15  DATA=7.663e-02
Invoked: SSBroyden1 approach!
[BFGS] batch=   2  call=    66  total=2.818e-01  PDE=0.000e+00 [colloc=0.000e+00, cfd=0.000e+00]  WALL=7.432e-15  DATA=7.601e-02
Invoked: SSBroyden1 approach!
[BFGS] batch=   2  call=    67  total=2.787e-01  PDE=0.000e+00 [colloc=0.000e+00, cfd=0.000e+00]  WALL=7.784e-15  DATA=7.515e-02
Invoked: SSBroyden1 approach!
[BFGS] batch=   2  call=    68  total=2.750e-01  PDE=0.000e+00 [colloc=0.000e+00, cfd=0.000e+00]  WALL=7.401e-15  DATA=7.418e-02
Invoked: SSBroyden1 approach!
[BFGS] batch=   2  call=    69  total=2.712e-01  PDE=0.000e+00 [colloc=0.000e+00, cfd=0.000e+00]  WALL=7.006e-15  DATA=7.314e-02
Invoked: SSBroyden1 approach!
[BFGS] batch=   2  call=    70  total=2.691e-01  PDE=0.000e+00 [colloc=0.000e+00, cfd=0.000e+00]  WALL=8.229e-15  DATA=7.257e-02
Invoked: SSBroyden1 approach!
[BFGS] batch=   2  call=    71  total=2.662e-01  PDE=0.000e+00 [colloc=0.000e+00, cfd=0.000e+00]  WALL=7.870e-15  DATA=7.179e-02
Invoked: SSBroyden1 approach!
[BFGS] batch=   2  call=    72  total=2.644e-01  PDE=0.000e+00 [colloc=0.000e+00, cfd=0.000e+00]  WALL=7.625e-15  DATA=7.132e-02
Invoked: SSBroyden1 approach!
[BFGS] batch=   2  call=    73  total=2.619e-01  PDE=0.000e+00 [colloc=0.000e+00, cfd=0.000e+00]  WALL=7.627e-15  DATA=7.064e-02
Invoked: SSBroyden1 approach!
[BFGS] batch=   2  call=    74  total=2.591e-01  PDE=0.000e+00 [colloc=0.000e+00, cfd=0.000e+00]  WALL=7.283e-15  DATA=6.988e-02
Invoked: SSBroyden1 approach!
[BFGS] batch=   2  call=    75  total=2.565e-01  PDE=0.000e+00 [colloc=0.000e+00, cfd=0.000e+00]  WALL=6.876e-15  DATA=6.917e-02
Invoked: SSBroyden1 approach!
[BFGS] batch=   2  call=    76  total=2.547e-01  PDE=0.000e+00 [colloc=0.000e+00, cfd=0.000e+00]  WALL=6.601e-15  DATA=6.869e-02
Invoked: SSBroyden1 approach!
[BFGS] batch=   2  call=    77  total=2.527e-01  PDE=0.000e+00 [colloc=0.000e+00, cfd=0.000e+00]  WALL=6.137e-15  DATA=6.815e-02
Invoked: SSBroyden1 approach!
[BFGS] batch=   2  call=    78  total=2.502e-01  PDE=0.000e+00 [colloc=0.000e+00, cfd=0.000e+00]  WALL=5.987e-15  DATA=6.749e-02
Invoked: SSBroyden1 approach!
[BFGS] batch=   2  call=    79  total=2.475e-01  PDE=0.000e+00 [colloc=0.000e+00, cfd=0.000e+00]  WALL=6.346e-15  DATA=6.676e-02
Invoked: SSBroyden1 approach!
[BFGS] batch=   2  call=    80  total=2.456e-01  PDE=0.000e+00 [colloc=0.000e+00, cfd=0.000e+00]  WALL=6.666e-15  DATA=6.623e-02
Invoked: SSBroyden1 approach!
[BFGS] batch=   2  call=    81  total=2.439e-01  PDE=0.000e+00 [colloc=0.000e+00, cfd=0.000e+00]  WALL=6.923e-15  DATA=6.578e-02
Invoked: SSBroyden1 approach!
[BFGS] batch=   2  call=    82  total=2.422e-01  PDE=0.000e+00 [colloc=0.000e+00, cfd=0.000e+00]  WALL=6.697e-15  DATA=6.533e-02
Invoked: SSBroyden1 approach!
[BFGS] batch=   2  call=    83  total=2.401e-01  PDE=0.000e+00 [colloc=0.000e+00, cfd=0.000e+00]  WALL=6.850e-15  DATA=6.475e-02
Invoked: SSBroyden1 approach!
[BFGS] batch=   2  call=    84  total=2.379e-01  PDE=0.000e+00 [colloc=0.000e+00, cfd=0.000e+00]  WALL=7.109e-15  DATA=6.415e-02
Invoked: SSBroyden1 approach!
[BFGS] batch=   2  call=    85  total=2.354e-01  PDE=0.000e+00 [colloc=0.000e+00, cfd=0.000e+00]  WALL=6.634e-15  DATA=6.348e-02
Invoked: SSBroyden1 approach!
[BFGS] batch=   2  call=    86  total=2.333e-01  PDE=0.000e+00 [colloc=0.000e+00, cfd=0.000e+00]  WALL=6.342e-15  DATA=6.293e-02
Invoked: SSBroyden1 approach!
[BFGS] batch=   2  call=    87  total=2.314e-01  PDE=0.000e+00 [colloc=0.000e+00, cfd=0.000e+00]  WALL=6.638e-15  DATA=6.240e-02
Invoked: SSBroyden1 approach!
[BFGS] batch=   2  call=    88  total=2.297e-01  PDE=0.000e+00 [colloc=0.000e+00, cfd=0.000e+00]  WALL=6.382e-15  DATA=6.194e-02
Invoked: SSBroyden1 approach!
[BFGS] batch=   2  call=    89  total=2.281e-01  PDE=0.000e+00 [colloc=0.000e+00, cfd=0.000e+00]  WALL=6.667e-15  DATA=6.151e-02
Invoked: SSBroyden1 approach!
[BFGS] batch=   2  call=    90  total=2.260e-01  PDE=0.000e+00 [colloc=0.000e+00, cfd=0.000e+00]  WALL=6.503e-15  DATA=6.096e-02
Invoked: SSBroyden1 approach!
[BFGS] batch=   2  call=    91  total=2.240e-01  PDE=0.000e+00 [colloc=0.000e+00, cfd=0.000e+00]  WALL=6.380e-15  DATA=6.042e-02
Invoked: SSBroyden1 approach!
[BFGS] batch=   2  call=    92  total=2.224e-01  PDE=0.000e+00 [colloc=0.000e+00, cfd=0.000e+00]  WALL=5.989e-15  DATA=5.997e-02
Invoked: SSBroyden1 approach!
[BFGS] batch=   2  call=    93  total=2.206e-01  PDE=0.000e+00 [colloc=0.000e+00, cfd=0.000e+00]  WALL=6.710e-15  DATA=5.949e-02
Invoked: SSBroyden1 approach!
[BFGS] batch=   2  call=    94  total=2.186e-01  PDE=0.000e+00 [colloc=0.000e+00, cfd=0.000e+00]  WALL=6.247e-15  DATA=5.895e-02
Invoked: SSBroyden1 approach!
[BFGS] batch=   2  call=    95  total=2.172e-01  PDE=0.000e+00 [colloc=0.000e+00, cfd=0.000e+00]  WALL=6.193e-15  DATA=5.858e-02
Invoked: SSBroyden1 approach!
[BFGS] batch=   2  call=    96  total=2.156e-01  PDE=0.000e+00 [colloc=0.000e+00, cfd=0.000e+00]  WALL=6.330e-15  DATA=5.813e-02
Invoked: SSBroyden1 approach!
[BFGS] batch=   2  call=    97  total=2.139e-01  PDE=0.000e+00 [colloc=0.000e+00, cfd=0.000e+00]  WALL=6.273e-15  DATA=5.768e-02
Invoked: SSBroyden1 approach!
[BFGS] batch=   2  call=    98  total=2.123e-01  PDE=0.000e+00 [colloc=0.000e+00, cfd=0.000e+00]  WALL=6.103e-15  DATA=5.726e-02
Invoked: SSBroyden1 approach!
[BFGS] batch=   2  call=    99  total=2.109e-01  PDE=0.000e+00 [colloc=0.000e+00, cfd=0.000e+00]  WALL=5.946e-15  DATA=5.689e-02
Invoked: SSBroyden1 approach!
[BFGS] batch=   2  call=   100  total=2.093e-01  PDE=0.000e+00 [colloc=0.000e+00, cfd=0.000e+00]  WALL=6.315e-15  DATA=5.644e-02
Invoked: SSBroyden1 approach!
[BFGS] batch=   2  call=   101  total=2.075e-01  PDE=0.000e+00 [colloc=0.000e+00, cfd=0.000e+00]  WALL=5.845e-15  DATA=5.597e-02
Invoked: SSBroyden1 approach!
[BFGS] batch=   2  call=   102  total=2.063e-01  PDE=0.000e+00 [colloc=0.000e+00, cfd=0.000e+00]  WALL=5.968e-15  DATA=5.563e-02
Invoked: SSBroyden1 approach!
[BFGS] batch=   2  call=   103  total=2.049e-01  PDE=0.000e+00 [colloc=0.000e+00, cfd=0.000e+00]  WALL=6.267e-15  DATA=5.526e-02
Invoked: SSBroyden1 approach!
[BFGS] batch=   2  call=   104  total=2.037e-01  PDE=0.000e+00 [colloc=0.000e+00, cfd=0.000e+00]  WALL=6.730e-15  DATA=5.494e-02
Invoked: SSBroyden1 approach!
[BFGS] batch=   2  call=   105  total=2.023e-01  PDE=0.000e+00 [colloc=0.000e+00, cfd=0.000e+00]  WALL=6.641e-15  DATA=5.457e-02
Invoked: SSBroyden1 approach!
[BFGS] batch=   2  call=   106  total=2.009e-01  PDE=0.000e+00 [colloc=0.000e+00, cfd=0.000e+00]  WALL=6.341e-15  DATA=5.417e-02
[BFGS-END] batch=   2  last_total=2.009e-01  last_PDE=0.000e+00 [colloc=0.000e+00, cfd=0.000e+00]  last_WALL=6.341e-15  last_DATA=5.417e-02
Invoked: SSBroyden1 approach!
[BFGS] batch=   3  call=   109  total=1.997e-01  PDE=0.000e+00 [colloc=0.000e+00, cfd=0.000e+00]  WALL=6.122e-15  DATA=5.387e-02
Invoked: SSBroyden1 approach!
[BFGS] batch=   3  call=   110  total=1.987e-01  PDE=0.000e+00 [colloc=0.000e+00, cfd=0.000e+00]  WALL=6.210e-15  DATA=5.360e-02
Invoked: SSBroyden1 approach!
[BFGS] batch=   3  call=   111  total=1.977e-01  PDE=0.000e+00 [colloc=0.000e+00, cfd=0.000e+00]  WALL=6.401e-15  DATA=5.331e-02
Invoked: SSBroyden1 approach!
[BFGS] batch=   3  call=   112  total=1.965e-01  PDE=0.000e+00 [colloc=0.000e+00, cfd=0.000e+00]  WALL=6.263e-15  DATA=5.299e-02
Invoked: SSBroyden1 approach!
[BFGS] batch=   3  call=   113  total=1.952e-01  PDE=0.000e+00 [colloc=0.000e+00, cfd=0.000e+00]  WALL=6.450e-15  DATA=5.266e-02
Invoked: SSBroyden1 approach!
[BFGS] batch=   3  call=   114  total=1.944e-01  PDE=0.000e+00 [colloc=0.000e+00, cfd=0.000e+00]  WALL=6.269e-15  DATA=5.242e-02
Invoked: SSBroyden1 approach!
[BFGS] batch=   3  call=   115  total=1.933e-01  PDE=0.000e+00 [colloc=0.000e+00, cfd=0.000e+00]  WALL=6.116e-15  DATA=5.213e-02
Invoked: SSBroyden1 approach!
[BFGS] batch=   3  call=   116  total=1.921e-01  PDE=0.000e+00 [colloc=0.000e+00, cfd=0.000e+00]  WALL=5.871e-15  DATA=5.181e-02
Invoked: SSBroyden1 approach!
[BFGS] batch=   3  call=   117  total=1.909e-01  PDE=0.000e+00 [colloc=0.000e+00, cfd=0.000e+00]  WALL=5.963e-15  DATA=5.148e-02
Invoked: SSBroyden1 approach!
[BFGS] batch=   3  call=   118  total=1.901e-01  PDE=0.000e+00 [colloc=0.000e+00, cfd=0.000e+00]  WALL=5.864e-15  DATA=5.126e-02
Invoked: SSBroyden1 approach!
[BFGS] batch=   3  call=   119  total=1.893e-01  PDE=0.000e+00 [colloc=0.000e+00, cfd=0.000e+00]  WALL=5.808e-15  DATA=5.106e-02
Invoked: SSBroyden1 approach!
[BFGS] batch=   3  call=   120  total=1.884e-01  PDE=0.000e+00 [colloc=0.000e+00, cfd=0.000e+00]  WALL=5.660e-15  DATA=5.082e-02
Invoked: SSBroyden1 approach!
[BFGS] batch=   3  call=   121  total=1.874e-01  PDE=0.000e+00 [colloc=0.000e+00, cfd=0.000e+00]  WALL=5.580e-15  DATA=5.053e-02
Invoked: SSBroyden1 approach!
[BFGS] batch=   3  call=   122  total=1.864e-01  PDE=0.000e+00 [colloc=0.000e+00, cfd=0.000e+00]  WALL=5.639e-15  DATA=5.028e-02
Invoked: SSBroyden1 approach!
[BFGS] batch=   3  call=   123  total=1.855e-01  PDE=0.000e+00 [colloc=0.000e+00, cfd=0.000e+00]  WALL=5.627e-15  DATA=5.003e-02
Invoked: SSBroyden1 approach!
[BFGS] batch=   3  call=   124  total=1.846e-01  PDE=0.000e+00 [colloc=0.000e+00, cfd=0.000e+00]  WALL=5.762e-15  DATA=4.979e-02
Invoked: SSBroyden1 approach!
[BFGS] batch=   3  call=   125  total=1.835e-01  PDE=0.000e+00 [colloc=0.000e+00, cfd=0.000e+00]  WALL=5.649e-15  DATA=4.950e-02
Invoked: SSBroyden1 approach!
[BFGS] batch=   3  call=   126  total=1.824e-01  PDE=0.000e+00 [colloc=0.000e+00, cfd=0.000e+00]  WALL=5.520e-15  DATA=4.918e-02
Invoked: SSBroyden1 approach!
[BFGS] batch=   3  call=   127  total=1.813e-01  PDE=0.000e+00 [colloc=0.000e+00, cfd=0.000e+00]  WALL=4.998e-15  DATA=4.891e-02
Invoked: SSBroyden1 approach!
[BFGS] batch=   3  call=   128  total=1.805e-01  PDE=0.000e+00 [colloc=0.000e+00, cfd=0.000e+00]  WALL=5.256e-15  DATA=4.869e-02
Invoked: SSBroyden1 approach!
[BFGS] batch=   3  call=   129  total=1.796e-01  PDE=0.000e+00 [colloc=0.000e+00, cfd=0.000e+00]  WALL=4.992e-15  DATA=4.843e-02
Invoked: SSBroyden1 approach!
[BFGS] batch=   3  call=   130  total=1.785e-01  PDE=0.000e+00 [colloc=0.000e+00, cfd=0.000e+00]  WALL=4.980e-15  DATA=4.815e-02
Invoked: SSBroyden1 approach!
[BFGS] batch=   3  call=   131  total=1.776e-01  PDE=0.000e+00 [colloc=0.000e+00, cfd=0.000e+00]  WALL=4.843e-15  DATA=4.791e-02
Invoked: SSBroyden1 approach!
[BFGS] batch=   3  call=   132  total=1.766e-01  PDE=0.000e+00 [colloc=0.000e+00, cfd=0.000e+00]  WALL=4.988e-15  DATA=4.762e-02
Invoked: SSBroyden1 approach!
[BFGS] batch=   3  call=   133  total=1.758e-01  PDE=0.000e+00 [colloc=0.000e+00, cfd=0.000e+00]  WALL=4.753e-15  DATA=4.741e-02
Invoked: SSBroyden1 approach!
[BFGS] batch=   3  call=   134  total=1.748e-01  PDE=0.000e+00 [colloc=0.000e+00, cfd=0.000e+00]  WALL=4.996e-15  DATA=4.716e-02
Invoked: SSBroyden1 approach!
[BFGS] batch=   3  call=   135  total=1.738e-01  PDE=0.000e+00 [colloc=0.000e+00, cfd=0.000e+00]  WALL=4.875e-15  DATA=4.688e-02
Invoked: SSBroyden1 approach!
[BFGS] batch=   3  call=   136  total=1.728e-01  PDE=0.000e+00 [colloc=0.000e+00, cfd=0.000e+00]  WALL=5.206e-15  DATA=4.661e-02
Invoked: SSBroyden1 approach!
[BFGS] batch=   3  call=   137  total=1.724e-01  PDE=0.000e+00 [colloc=0.000e+00, cfd=0.000e+00]  WALL=5.186e-15  DATA=4.650e-02
Invoked: SSBroyden1 approach!
[BFGS] batch=   3  call=   138  total=1.718e-01  PDE=0.000e+00 [colloc=0.000e+00, cfd=0.000e+00]  WALL=5.089e-15  DATA=4.634e-02
Invoked: SSBroyden1 approach!
[BFGS] batch=   3  call=   139  total=1.710e-01  PDE=0.000e+00 [colloc=0.000e+00, cfd=0.000e+00]  WALL=5.219e-15  DATA=4.612e-02
Invoked: SSBroyden1 approach!
[BFGS] batch=   3  call=   140  total=1.701e-01  PDE=0.000e+00 [colloc=0.000e+00, cfd=0.000e+00]  WALL=5.162e-15  DATA=4.587e-02
Invoked: SSBroyden1 approach!
[BFGS] batch=   3  call=   141  total=1.695e-01  PDE=0.000e+00 [colloc=0.000e+00, cfd=0.000e+00]  WALL=5.141e-15  DATA=4.572e-02
Invoked: SSBroyden1 approach!
[BFGS] batch=   3  call=   142  total=1.687e-01  PDE=0.000e+00 [colloc=0.000e+00, cfd=0.000e+00]  WALL=5.125e-15  DATA=4.551e-02
Invoked: SSBroyden1 approach!
[BFGS] batch=   3  call=   143  total=1.681e-01  PDE=0.000e+00 [colloc=0.000e+00, cfd=0.000e+00]  WALL=5.112e-15  DATA=4.534e-02
Invoked: SSBroyden1 approach!
[BFGS] batch=   3  call=   144  total=1.676e-01  PDE=0.000e+00 [colloc=0.000e+00, cfd=0.000e+00]  WALL=4.964e-15  DATA=4.520e-02
Invoked: SSBroyden1 approach!
[BFGS] batch=   3  call=   145  total=1.671e-01  PDE=0.000e+00 [colloc=0.000e+00, cfd=0.000e+00]  WALL=5.085e-15  DATA=4.507e-02
Invoked: SSBroyden1 approach!
[BFGS] batch=   3  call=   146  total=1.667e-01  PDE=0.000e+00 [colloc=0.000e+00, cfd=0.000e+00]  WALL=4.982e-15  DATA=4.495e-02
Invoked: SSBroyden1 approach!
[BFGS] batch=   3  call=   147  total=1.661e-01  PDE=0.000e+00 [colloc=0.000e+00, cfd=0.000e+00]  WALL=4.957e-15  DATA=4.479e-02
Invoked: SSBroyden1 approach!
[BFGS] batch=   3  call=   148  total=1.654e-01  PDE=0.000e+00 [colloc=0.000e+00, cfd=0.000e+00]  WALL=5.159e-15  DATA=4.460e-02
Invoked: SSBroyden1 approach!
[BFGS] batch=   3  call=   149  total=1.649e-01  PDE=0.000e+00 [colloc=0.000e+00, cfd=0.000e+00]  WALL=4.934e-15  DATA=4.448e-02
Invoked: SSBroyden1 approach!
[BFGS] batch=   3  call=   150  total=1.643e-01  PDE=0.000e+00 [colloc=0.000e+00, cfd=0.000e+00]  WALL=5.037e-15  DATA=4.431e-02
Invoked: SSBroyden1 approach!
[BFGS] batch=   3  call=   151  total=1.636e-01  PDE=0.000e+00 [colloc=0.000e+00, cfd=0.000e+00]  WALL=4.863e-15  DATA=4.411e-02
Invoked: SSBroyden1 approach!
[BFGS] batch=   3  call=   152  total=1.627e-01  PDE=0.000e+00 [colloc=0.000e+00, cfd=0.000e+00]  WALL=5.077e-15  DATA=4.388e-02
Invoked: SSBroyden1 approach!
[BFGS] batch=   3  call=   153  total=1.619e-01  PDE=0.000e+00 [colloc=0.000e+00, cfd=0.000e+00]  WALL=5.278e-15  DATA=4.366e-02
Invoked: SSBroyden1 approach!
[BFGS] batch=   3  call=   154  total=1.613e-01  PDE=0.000e+00 [colloc=0.000e+00, cfd=0.000e+00]  WALL=5.344e-15  DATA=4.351e-02
Invoked: SSBroyden1 approach!
[BFGS] batch=   3  call=   155  total=1.607e-01  PDE=0.000e+00 [colloc=0.000e+00, cfd=0.000e+00]  WALL=5.116e-15  DATA=4.335e-02
Invoked: SSBroyden1 approach!
[BFGS] batch=   3  call=   156  total=1.602e-01  PDE=0.000e+00 [colloc=0.000e+00, cfd=0.000e+00]  WALL=5.220e-15  DATA=4.320e-02
Invoked: SSBroyden1 approach!
[BFGS] batch=   3  call=   157  total=1.597e-01  PDE=0.000e+00 [colloc=0.000e+00, cfd=0.000e+00]  WALL=5.069e-15  DATA=4.307e-02
Invoked: SSBroyden1 approach!
[BFGS] batch=   3  call=   158  total=1.591e-01  PDE=0.000e+00 [colloc=0.000e+00, cfd=0.000e+00]  WALL=5.141e-15  DATA=4.291e-02
[BFGS-END] batch=   3  last_total=1.591e-01  last_PDE=0.000e+00 [colloc=0.000e+00, cfd=0.000e+00]  last_WALL=5.141e-15  last_DATA=4.291e-02
Invoked: SSBroyden1 approach!
[BFGS] batch=   4  call=   161  total=1.584e-01  PDE=0.000e+00 [colloc=0.000e+00, cfd=0.000e+00]  WALL=4.978e-15  DATA=4.272e-02
Invoked: SSBroyden1 approach!
[BFGS] batch=   4  call=   162  total=1.577e-01  PDE=0.000e+00 [colloc=0.000e+00, cfd=0.000e+00]  WALL=4.801e-15  DATA=4.252e-02
Invoked: SSBroyden1 approach!
[BFGS] batch=   4  call=   163  total=1.569e-01  PDE=0.000e+00 [colloc=0.000e+00, cfd=0.000e+00]  WALL=4.791e-15  DATA=4.231e-02
Invoked: SSBroyden1 approach!
[BFGS] batch=   4  call=   164  total=1.562e-01  PDE=0.000e+00 [colloc=0.000e+00, cfd=0.000e+00]  WALL=4.597e-15  DATA=4.211e-02
Invoked: SSBroyden1 approach!
[BFGS] batch=   4  call=   165  total=1.555e-01  PDE=0.000e+00 [colloc=0.000e+00, cfd=0.000e+00]  WALL=4.646e-15  DATA=4.193e-02
Invoked: SSBroyden1 approach!
[BFGS] batch=   4  call=   166  total=1.548e-01  PDE=0.000e+00 [colloc=0.000e+00, cfd=0.000e+00]  WALL=4.555e-15  DATA=4.174e-02
Invoked: SSBroyden1 approach!
[BFGS] batch=   4  call=   167  total=1.541e-01  PDE=0.000e+00 [colloc=0.000e+00, cfd=0.000e+00]  WALL=4.458e-15  DATA=4.155e-02
Invoked: SSBroyden1 approach!
[BFGS] batch=   4  call=   168  total=1.536e-01  PDE=0.000e+00 [colloc=0.000e+00, cfd=0.000e+00]  WALL=4.427e-15  DATA=4.142e-02
Invoked: SSBroyden1 approach!
[BFGS] batch=   4  call=   169  total=1.529e-01  PDE=0.000e+00 [colloc=0.000e+00, cfd=0.000e+00]  WALL=4.465e-15  DATA=4.123e-02
Invoked: SSBroyden1 approach!
[BFGS] batch=   4  call=   170  total=1.521e-01  PDE=0.000e+00 [colloc=0.000e+00, cfd=0.000e+00]  WALL=4.535e-15  DATA=4.103e-02
Invoked: SSBroyden1 approach!
[BFGS] batch=   4  call=   171  total=1.514e-01  PDE=0.000e+00 [colloc=0.000e+00, cfd=0.000e+00]  WALL=4.485e-15  DATA=4.083e-02
Invoked: SSBroyden1 approach!
[BFGS] batch=   4  call=   172  total=1.509e-01  PDE=0.000e+00 [colloc=0.000e+00, cfd=0.000e+00]  WALL=4.512e-15  DATA=4.069e-02
Invoked: SSBroyden1 approach!
[BFGS] batch=   4  call=   173  total=1.503e-01  PDE=0.000e+00 [colloc=0.000e+00, cfd=0.000e+00]  WALL=4.654e-15  DATA=4.054e-02
Invoked: SSBroyden1 approach!
[BFGS] batch=   4  call=   174  total=1.498e-01  PDE=0.000e+00 [colloc=0.000e+00, cfd=0.000e+00]  WALL=4.672e-15  DATA=4.041e-02
Invoked: SSBroyden1 approach!
[BFGS] batch=   4  call=   175  total=1.493e-01  PDE=0.000e+00 [colloc=0.000e+00, cfd=0.000e+00]  WALL=4.789e-15  DATA=4.027e-02
Invoked: SSBroyden1 approach!
[BFGS] batch=   4  call=   176  total=1.488e-01  PDE=0.000e+00 [colloc=0.000e+00, cfd=0.000e+00]  WALL=4.537e-15  DATA=4.014e-02
Invoked: SSBroyden1 approach!
[BFGS] batch=   4  call=   177  total=1.484e-01  PDE=0.000e+00 [colloc=0.000e+00, cfd=0.000e+00]  WALL=4.566e-15  DATA=4.002e-02
Invoked: SSBroyden1 approach!
[BFGS] batch=   4  call=   178  total=1.480e-01  PDE=0.000e+00 [colloc=0.000e+00, cfd=0.000e+00]  WALL=4.535e-15  DATA=3.990e-02
Invoked: SSBroyden1 approach!
[BFGS] batch=   4  call=   179  total=1.476e-01  PDE=0.000e+00 [colloc=0.000e+00, cfd=0.000e+00]  WALL=4.409e-15  DATA=3.981e-02
Invoked: SSBroyden1 approach!
[BFGS] batch=   4  call=   180  total=1.471e-01  PDE=0.000e+00 [colloc=0.000e+00, cfd=0.000e+00]  WALL=4.351e-15  DATA=3.969e-02
Invoked: SSBroyden1 approach!
[BFGS] batch=   4  call=   181  total=1.466e-01  PDE=0.000e+00 [colloc=0.000e+00, cfd=0.000e+00]  WALL=4.442e-15  DATA=3.955e-02
Invoked: SSBroyden1 approach!
[BFGS] batch=   4  call=   182  total=1.462e-01  PDE=0.000e+00 [colloc=0.000e+00, cfd=0.000e+00]  WALL=4.503e-15  DATA=3.942e-02
Invoked: SSBroyden1 approach!
[BFGS] batch=   4  call=   183  total=1.457e-01  PDE=0.000e+00 [colloc=0.000e+00, cfd=0.000e+00]  WALL=4.463e-15  DATA=3.929e-02
Invoked: SSBroyden1 approach!
[BFGS] batch=   4  call=   184  total=1.451e-01  PDE=0.000e+00 [colloc=0.000e+00, cfd=0.000e+00]  WALL=4.528e-15  DATA=3.915e-02
Invoked: SSBroyden1 approach!
[BFGS] batch=   4  call=   185  total=1.446e-01  PDE=0.000e+00 [colloc=0.000e+00, cfd=0.000e+00]  WALL=4.591e-15  DATA=3.899e-02
Invoked: SSBroyden1 approach!
[BFGS] batch=   4  call=   186  total=1.440e-01  PDE=0.000e+00 [colloc=0.000e+00, cfd=0.000e+00]  WALL=4.589e-15  DATA=3.884e-02
Invoked: SSBroyden1 approach!
[BFGS] batch=   4  call=   187  total=1.434e-01  PDE=0.000e+00 [colloc=0.000e+00, cfd=0.000e+00]  WALL=4.358e-15  DATA=3.868e-02
Invoked: SSBroyden1 approach!
[BFGS] batch=   4  call=   188  total=1.430e-01  PDE=0.000e+00 [colloc=0.000e+00, cfd=0.000e+00]  WALL=4.421e-15  DATA=3.856e-02
Invoked: SSBroyden1 approach!
[BFGS] batch=   4  call=   189  total=1.425e-01  PDE=0.000e+00 [colloc=0.000e+00, cfd=0.000e+00]  WALL=4.406e-15  DATA=3.843e-02
Invoked: SSBroyden1 approach!
[BFGS] batch=   4  call=   190  total=1.420e-01  PDE=0.000e+00 [colloc=0.000e+00, cfd=0.000e+00]  WALL=4.629e-15  DATA=3.830e-02
Invoked: SSBroyden1 approach!
[BFGS] batch=   4  call=   191  total=1.415e-01  PDE=0.000e+00 [colloc=0.000e+00, cfd=0.000e+00]  WALL=4.476e-15  DATA=3.816e-02
Invoked: SSBroyden1 approach!
[BFGS] batch=   4  call=   192  total=1.410e-01  PDE=0.000e+00 [colloc=0.000e+00, cfd=0.000e+00]  WALL=4.572e-15  DATA=3.802e-02
Invoked: SSBroyden1 approach!
[BFGS] batch=   4  call=   193  total=1.404e-01  PDE=0.000e+00 [colloc=0.000e+00, cfd=0.000e+00]  WALL=4.280e-15  DATA=3.787e-02
Invoked: SSBroyden1 approach!
[BFGS] batch=   4  call=   194  total=1.400e-01  PDE=0.000e+00 [colloc=0.000e+00, cfd=0.000e+00]  WALL=4.440e-15  DATA=3.776e-02
Invoked: SSBroyden1 approach!
[BFGS] batch=   4  call=   195  total=1.395e-01  PDE=0.000e+00 [colloc=0.000e+00, cfd=0.000e+00]  WALL=4.324e-15  DATA=3.762e-02
Invoked: SSBroyden1 approach!
[BFGS] batch=   4  call=   196  total=1.390e-01  PDE=0.000e+00 [colloc=0.000e+00, cfd=0.000e+00]  WALL=4.143e-15  DATA=3.750e-02
Invoked: SSBroyden1 approach!
[BFGS] batch=   4  call=   197  total=1.385e-01  PDE=0.000e+00 [colloc=0.000e+00, cfd=0.000e+00]  WALL=4.148e-15  DATA=3.736e-02
Invoked: SSBroyden1 approach!
[BFGS] batch=   4  call=   198  total=1.381e-01  PDE=0.000e+00 [colloc=0.000e+00, cfd=0.000e+00]  WALL=4.014e-15  DATA=3.724e-02
Invoked: SSBroyden1 approach!
[BFGS] batch=   4  call=   199  total=1.375e-01  PDE=0.000e+00 [colloc=0.000e+00, cfd=0.000e+00]  WALL=4.028e-15  DATA=3.709e-02
Invoked: SSBroyden1 approach!
[BFGS] batch=   4  call=   200  total=1.371e-01  PDE=0.000e+00 [colloc=0.000e+00, cfd=0.000e+00]  WALL=4.125e-15  DATA=3.698e-02
Invoked: SSBroyden1 approach!
[BFGS] batch=   4  call=   201  total=1.366e-01  PDE=0.000e+00 [colloc=0.000e+00, cfd=0.000e+00]  WALL=4.021e-15  DATA=3.684e-02
Invoked: SSBroyden1 approach!
[BFGS] batch=   4  call=   202  total=1.361e-01  PDE=0.000e+00 [colloc=0.000e+00, cfd=0.000e+00]  WALL=4.102e-15  DATA=3.672e-02
Invoked: SSBroyden1 approach!
[BFGS] batch=   4  call=   203  total=1.357e-01  PDE=0.000e+00 [colloc=0.000e+00, cfd=0.000e+00]  WALL=4.090e-15  DATA=3.659e-02
Invoked: SSBroyden1 approach!
[BFGS] batch=   4  call=   204  total=1.352e-01  PDE=0.000e+00 [colloc=0.000e+00, cfd=0.000e+00]  WALL=4.087e-15  DATA=3.647e-02
Invoked: SSBroyden1 approach!
[BFGS] batch=   4  call=   205  total=1.348e-01  PDE=0.000e+00 [colloc=0.000e+00, cfd=0.000e+00]  WALL=4.143e-15  DATA=3.636e-02
Invoked: SSBroyden1 approach!
[BFGS] batch=   4  call=   206  total=1.344e-01  PDE=0.000e+00 [colloc=0.000e+00, cfd=0.000e+00]  WALL=4.139e-15  DATA=3.626e-02
Invoked: SSBroyden1 approach!
[BFGS] batch=   4  call=   207  total=1.340e-01  PDE=0.000e+00 [colloc=0.000e+00, cfd=0.000e+00]  WALL=4.084e-15  DATA=3.614e-02
Invoked: SSBroyden1 approach!
[BFGS] batch=   4  call=   208  total=1.336e-01  PDE=0.000e+00 [colloc=0.000e+00, cfd=0.000e+00]  WALL=4.128e-15  DATA=3.603e-02
Invoked: SSBroyden1 approach!
[BFGS] batch=   4  call=   209  total=1.331e-01  PDE=0.000e+00 [colloc=0.000e+00, cfd=0.000e+00]  WALL=4.015e-15  DATA=3.590e-02
Invoked: SSBroyden1 approach!
[BFGS] batch=   4  call=   210  total=1.326e-01  PDE=0.000e+00 [colloc=0.000e+00, cfd=0.000e+00]  WALL=4.160e-15  DATA=3.576e-02
[BFGS-END] batch=   4  last_total=1.326e-01  last_PDE=0.000e+00 [colloc=0.000e+00, cfd=0.000e+00]  last_WALL=4.160e-15  last_DATA=3.576e-02
[BFGS] done. total_calls=210  best_loss=1.325968e-01
[v2] CFD-error monitor after BFGS:
[post-BFGS] CFD monitor | mae_u=1.0685e-01 mae_v=6.7188e-02 rmse_u=1.6441e-01 rmse_v=9.3440e-02 relL2_u=1.8396e-01 relL2_v=9.0587e-01 mean|duv|=1.3889e-01 n=7456
[v2] training done. Saved -> runs/v2_weakanchor_quick/P1/checkpoints/pinn_Re40_single.pt
[viz-v2] loaded runs/v2_weakanchor_quick/P1/checkpoints/pinn_Re40_single.pt

============================================================
ABSOLUTE error on CFD point cloud (target: ~1e-4 ~ 1e-5)
============================================================
  points used           : 7456
  speed magnitude (mean): 8.1616e-01
  mae_u                 : 1.0685e-01
  mae_v                 : 6.7188e-02
  rmse_u                : 1.6441e-01
  rmse_v                : 9.3440e-02
  max |eu|              : 9.3141e-01
  max |ev|              : 6.1137e-01
  rel_l2_u              : 1.8396e-01
  rel_l2_v              : 9.0587e-01

[viz-v2] runs/v2_weakanchor_quick/P1/viz/v2_vorticity.png
[viz-v2] runs/v2_weakanchor_quick/P1/viz/v2_speed.png
[viz-v2] runs/v2_weakanchor_quick/P1/viz/v2_u.png
[viz-v2] runs/v2_weakanchor_quick/P1/viz/v2_v.png
[timing] Phase 1 took 70 s
============================================================
 [WEAK-QUICK] Phase 2 — PDE-PRIMARY  (n_f=20000, n_data=500, data_priority=0.5)
============================================================
[OK] _optimize._minimize_bfgs loaded — SSBroyden / SSBFGS variants available
[v2-loader] Re40.vtk  cells=8234  velocity_array='UMean'  prefer_mean=True
[v2] Model: width=32, depth=3, Fourier F=8, σ_bands=[0.25, 0.5, 1.0, 2.0] (rows per band=[2, 2, 2, 2]), params=2818
[v2] resumed from runs/v2_weakanchor_quick/P1/checkpoints/pinn_Re40_single.pt
[v2] training mode: DATA + PDE
[v2] initial CFD-error monitor before this phase starts:
[phase-start] CFD monitor | mae_u=1.0685e-01 mae_v=6.7188e-02 rmse_u=1.6441e-01 rmse_v=9.3440e-02 relL2_u=1.8396e-01 relL2_v=9.0587e-01 mean|duv|=1.3889e-01 n=7456
[v2] === Stage 1: Adam with adaptive (variable) weights ===
[Adam-v2] ep=   20  total=3.004e+00  PDE=1.722e+00 (w=1.484)  OUT=4.597e-01 (w=0.165)  DATA=2.139e-01 (w=1.746)  |  hard-BC residuals: in=0.00e+00 tb=0.00e+00 wuv=2.09e-14 wpsi=4.63e-30
[Adam-v2] ep=   40  total=1.786e+00  PDE=7.938e-01 (w=1.430)  OUT=2.206e-01 (w=0.157)  DATA=2.130e-01 (w=2.894)  |  hard-BC residuals: in=0.00e+00 tb=0.00e+00 wuv=1.82e-14 wpsi=4.05e-30
[Adam-v2] ep=   60  total=1.580e+00  PDE=5.842e-01 (w=1.373)  OUT=1.777e-01 (w=0.151)  DATA=2.041e-01 (w=3.680)  |  hard-BC residuals: in=0.00e+00 tb=0.00e+00 wuv=1.47e-14 wpsi=3.26e-30
[Adam-v2] ep=   80  total=1.442e+00  PDE=4.785e-01 (w=1.348)  OUT=1.395e-01 (w=0.146)  DATA=1.923e-01 (w=4.041)  |  hard-BC residuals: in=0.00e+00 tb=0.00e+00 wuv=1.23e-14 wpsi=2.72e-30
[Adam-v2] ep=  100  total=1.397e+00  PDE=4.623e-01 (w=1.343)  OUT=1.258e-01 (w=0.139)  DATA=1.796e-01 (w=4.226)  |  hard-BC residuals: in=0.00e+00 tb=0.00e+00 wuv=1.04e-14 wpsi=2.31e-30
[Adam-v2 ep=00100] CFD monitor | mae_u=1.6548e-01 mae_v=8.6608e-02 rmse_u=2.4584e-01 rmse_v=1.1650e-01 relL2_u=2.7507e-01 relL2_v=1.1294e+00 mean|duv|=2.0148e-01 n=7456
[Adam-v2] ep=  120  total=1.390e+00  PDE=4.208e-01 (w=1.327)  OUT=1.055e-01 (w=0.137)  DATA=1.863e-01 (w=4.386)  |  hard-BC residuals: in=0.00e+00 tb=0.00e+00 wuv=1.07e-14 wpsi=2.37e-30
[Adam-v2] ep=  140  total=1.336e+00  PDE=3.964e-01 (w=1.327)  OUT=8.899e-02 (w=0.133)  DATA=1.786e-01 (w=4.467)  |  hard-BC residuals: in=0.00e+00 tb=0.00e+00 wuv=9.65e-15 wpsi=2.14e-30
[Adam-v2] ep=  160  total=1.354e+00  PDE=3.862e-01 (w=1.326)  OUT=1.056e-01 (w=0.132)  DATA=1.846e-01 (w=4.487)  |  hard-BC residuals: in=0.00e+00 tb=0.00e+00 wuv=9.75e-15 wpsi=2.17e-30
[Adam-v2] ep=  180  total=1.272e+00  PDE=3.651e-01 (w=1.323)  OUT=7.792e-02 (w=0.128)  DATA=1.701e-01 (w=4.580)  |  hard-BC residuals: in=0.00e+00 tb=0.00e+00 wuv=9.86e-15 wpsi=2.19e-30
[Adam-v2] ep=  200  total=1.244e+00  PDE=3.590e-01 (w=1.321)  OUT=8.530e-02 (w=0.128)  DATA=1.650e-01 (w=4.601)  |  hard-BC residuals: in=0.00e+00 tb=0.00e+00 wuv=9.00e-15 wpsi=2.00e-30
[Adam-v2 ep=00200] CFD monitor | mae_u=1.5698e-01 mae_v=7.6929e-02 rmse_u=2.3498e-01 rmse_v=1.0463e-01 relL2_u=2.6291e-01 relL2_v=1.0144e+00 mean|duv|=1.8865e-01 n=7456
[v2] CFD-error monitor after Adam:
[post-Adam] CFD monitor | mae_u=1.5698e-01 mae_v=7.6929e-02 rmse_u=2.3498e-01 rmse_v=1.0463e-01 relL2_u=2.6291e-01 relL2_v=1.0144e+00 mean|duv|=1.8865e-01 n=7456
[v2] === Stage 2: Auto-normalized BFGS weights (data_priority=0.5) ===
        pde          weight=2.7920e+00    (Adam EMA=3.5817e-01)
        outlet       weight=1.1900e+01    (Adam EMA=8.4035e-02)
        wall_uv      weight=0.0000e+00    (Adam EMA=9.0973e-15)
        wall_psi     weight=0.0000e+00    (Adam EMA=2.0200e-30)
        inlet        weight=0.0000e+00    (Adam EMA=0.0000e+00)
        top_bottom   weight=0.0000e+00    (Adam EMA=0.0000e+00)
        data         weight=2.8751e+00    (Adam EMA=1.7391e-01)
[v2] === Stage 3: SSBroyden (SSBroyden1) ===
[BFGS] full data fitting: 7456 CFD points pinned per call
[BFGS] using CUSTOM _optimize._minimize_bfgs (method_bfgs='SSBroyden1')
Invoked: SSBroyden1 approach!
[BFGS] batch=   1  call=     4  total=2.524e+00  PDE=5.310e-01 [colloc=5.310e-01, cfd=0.000e+00]  WALL=8.207e-15  DATA=6.649e-02
Invoked: SSBroyden1 approach!
[BFGS] batch=   1  call=     5  total=2.420e+00  PDE=5.355e-01 [colloc=5.355e-01, cfd=0.000e+00]  WALL=7.854e-15  DATA=6.668e-02
Invoked: SSBroyden1 approach!
[BFGS] batch=   1  call=     6  total=2.327e+00  PDE=5.319e-01 [colloc=5.319e-01, cfd=0.000e+00]  WALL=7.921e-15  DATA=6.662e-02
Invoked: SSBroyden1 approach!
[BFGS] batch=   1  call=     7  total=2.247e+00  PDE=5.122e-01 [colloc=5.122e-01, cfd=0.000e+00]  WALL=7.032e-15  DATA=6.749e-02
Invoked: SSBroyden1 approach!
[BFGS] batch=   1  call=     8  total=2.191e+00  PDE=5.011e-01 [colloc=5.011e-01, cfd=0.000e+00]  WALL=5.949e-15  DATA=6.898e-02
Invoked: SSBroyden1 approach!
[BFGS] batch=   1  call=     9  total=2.139e+00  PDE=4.884e-01 [colloc=4.884e-01, cfd=0.000e+00]  WALL=5.389e-15  DATA=7.106e-02
Invoked: SSBroyden1 approach!
[BFGS] batch=   1  call=    10  total=2.107e+00  PDE=4.822e-01 [colloc=4.822e-01, cfd=0.000e+00]  WALL=4.927e-15  DATA=7.261e-02
Invoked: SSBroyden1 approach!
[BFGS] batch=   1  call=    11  total=2.066e+00  PDE=4.841e-01 [colloc=4.841e-01, cfd=0.000e+00]  WALL=4.801e-15  DATA=7.296e-02
Invoked: SSBroyden1 approach!
[BFGS] batch=   1  call=    12  total=2.043e+00  PDE=4.885e-01 [colloc=4.885e-01, cfd=0.000e+00]  WALL=4.774e-15  DATA=7.327e-02
Invoked: SSBroyden1 approach!
[BFGS] batch=   1  call=    13  total=2.013e+00  PDE=4.868e-01 [colloc=4.868e-01, cfd=0.000e+00]  WALL=4.787e-15  DATA=7.369e-02
Invoked: SSBroyden1 approach!
[BFGS] batch=   1  call=    14  total=1.982e+00  PDE=4.851e-01 [colloc=4.851e-01, cfd=0.000e+00]  WALL=4.804e-15  DATA=7.436e-02
Invoked: SSBroyden1 approach!
[BFGS] batch=   1  call=    15  total=1.953e+00  PDE=4.840e-01 [colloc=4.840e-01, cfd=0.000e+00]  WALL=4.781e-15  DATA=7.450e-02
Invoked: SSBroyden1 approach!
[BFGS] batch=   1  call=    16  total=1.910e+00  PDE=4.832e-01 [colloc=4.832e-01, cfd=0.000e+00]  WALL=4.718e-15  DATA=7.444e-02
Invoked: SSBroyden1 approach!
[BFGS] batch=   1  call=    17  total=1.864e+00  PDE=4.813e-01 [colloc=4.813e-01, cfd=0.000e+00]  WALL=4.897e-15  DATA=7.521e-02
Invoked: SSBroyden1 approach!
[BFGS] batch=   1  call=    18  total=1.825e+00  PDE=4.799e-01 [colloc=4.799e-01, cfd=0.000e+00]  WALL=4.937e-15  DATA=7.529e-02
Invoked: SSBroyden1 approach!
[BFGS] batch=   1  call=    19  total=1.798e+00  PDE=4.786e-01 [colloc=4.786e-01, cfd=0.000e+00]  WALL=5.087e-15  DATA=7.542e-02
Invoked: SSBroyden1 approach!
[BFGS] batch=   1  call=    20  total=1.762e+00  PDE=4.745e-01 [colloc=4.745e-01, cfd=0.000e+00]  WALL=5.010e-15  DATA=7.517e-02
Invoked: SSBroyden1 approach!
[BFGS] batch=   1  call=    21  total=1.755e+00  PDE=4.720e-01 [colloc=4.720e-01, cfd=0.000e+00]  WALL=4.983e-15  DATA=7.582e-02
Invoked: SSBroyden1 approach!
[BFGS] batch=   1  call=    22  total=1.742e+00  PDE=4.701e-01 [colloc=4.701e-01, cfd=0.000e+00]  WALL=4.969e-15  DATA=7.596e-02
Invoked: SSBroyden1 approach!
[BFGS] batch=   1  call=    23  total=1.725e+00  PDE=4.675e-01 [colloc=4.675e-01, cfd=0.000e+00]  WALL=5.020e-15  DATA=7.630e-02
Invoked: SSBroyden1 approach!
[BFGS] batch=   1  call=    24  total=1.701e+00  PDE=4.637e-01 [colloc=4.637e-01, cfd=0.000e+00]  WALL=4.934e-15  DATA=7.673e-02
Invoked: SSBroyden1 approach!
[BFGS] batch=   1  call=    25  total=1.688e+00  PDE=4.593e-01 [colloc=4.593e-01, cfd=0.000e+00]  WALL=4.837e-15  DATA=7.694e-02
Invoked: SSBroyden1 approach!
[BFGS] batch=   1  call=    26  total=1.669e+00  PDE=4.558e-01 [colloc=4.558e-01, cfd=0.000e+00]  WALL=4.887e-15  DATA=7.689e-02
Invoked: SSBroyden1 approach!
[BFGS] batch=   1  call=    27  total=1.653e+00  PDE=4.539e-01 [colloc=4.539e-01, cfd=0.000e+00]  WALL=4.987e-15  DATA=7.681e-02
Invoked: SSBroyden1 approach!
[BFGS] batch=   1  call=    28  total=1.636e+00  PDE=4.494e-01 [colloc=4.494e-01, cfd=0.000e+00]  WALL=5.020e-15  DATA=7.716e-02
Invoked: SSBroyden1 approach!
[BFGS] batch=   1  call=    29  total=1.624e+00  PDE=4.447e-01 [colloc=4.447e-01, cfd=0.000e+00]  WALL=5.095e-15  DATA=7.743e-02
Invoked: SSBroyden1 approach!
[BFGS] batch=   1  call=    30  total=1.611e+00  PDE=4.405e-01 [colloc=4.405e-01, cfd=0.000e+00]  WALL=5.041e-15  DATA=7.814e-02
Invoked: SSBroyden1 approach!
[BFGS] batch=   1  call=    31  total=1.598e+00  PDE=4.353e-01 [colloc=4.353e-01, cfd=0.000e+00]  WALL=4.938e-15  DATA=7.842e-02
Invoked: SSBroyden1 approach!
[BFGS] batch=   1  call=    32  total=1.580e+00  PDE=4.312e-01 [colloc=4.312e-01, cfd=0.000e+00]  WALL=4.910e-15  DATA=7.884e-02
Invoked: SSBroyden1 approach!
[BFGS] batch=   1  call=    33  total=1.571e+00  PDE=4.284e-01 [colloc=4.284e-01, cfd=0.000e+00]  WALL=5.025e-15  DATA=7.891e-02
Invoked: SSBroyden1 approach!
[BFGS] batch=   1  call=    34  total=1.555e+00  PDE=4.251e-01 [colloc=4.251e-01, cfd=0.000e+00]  WALL=5.049e-15  DATA=7.908e-02
Invoked: SSBroyden1 approach!
[BFGS] batch=   1  call=    35  total=1.536e+00  PDE=4.199e-01 [colloc=4.199e-01, cfd=0.000e+00]  WALL=5.094e-15  DATA=7.923e-02
Invoked: SSBroyden1 approach!
[BFGS] batch=   1  call=    36  total=1.521e+00  PDE=4.144e-01 [colloc=4.144e-01, cfd=0.000e+00]  WALL=4.959e-15  DATA=7.996e-02
Invoked: SSBroyden1 approach!
[BFGS] batch=   1  call=    37  total=1.501e+00  PDE=4.115e-01 [colloc=4.115e-01, cfd=0.000e+00]  WALL=5.058e-15  DATA=8.003e-02
Invoked: SSBroyden1 approach!
[BFGS] batch=   1  call=    38  total=1.491e+00  PDE=4.068e-01 [colloc=4.068e-01, cfd=0.000e+00]  WALL=4.994e-15  DATA=7.972e-02
Invoked: SSBroyden1 approach!
[BFGS] batch=   1  call=    39  total=1.474e+00  PDE=4.036e-01 [colloc=4.036e-01, cfd=0.000e+00]  WALL=5.006e-15  DATA=7.979e-02
Invoked: SSBroyden1 approach!
[BFGS] batch=   1  call=    40  total=1.458e+00  PDE=3.996e-01 [colloc=3.996e-01, cfd=0.000e+00]  WALL=4.966e-15  DATA=8.055e-02
Invoked: SSBroyden1 approach!
[BFGS] batch=   1  call=    41  total=1.449e+00  PDE=3.965e-01 [colloc=3.965e-01, cfd=0.000e+00]  WALL=5.077e-15  DATA=8.065e-02
Invoked: SSBroyden1 approach!
[BFGS] batch=   1  call=    42  total=1.436e+00  PDE=3.950e-01 [colloc=3.950e-01, cfd=0.000e+00]  WALL=5.118e-15  DATA=8.043e-02
Invoked: SSBroyden1 approach!
[BFGS] batch=   1  call=    43  total=1.421e+00  PDE=3.897e-01 [colloc=3.897e-01, cfd=0.000e+00]  WALL=5.041e-15  DATA=8.126e-02
Invoked: SSBroyden1 approach!
[BFGS] batch=   1  call=    44  total=1.409e+00  PDE=3.865e-01 [colloc=3.865e-01, cfd=0.000e+00]  WALL=4.987e-15  DATA=8.167e-02
Invoked: SSBroyden1 approach!
[BFGS] batch=   1  call=    45  total=1.395e+00  PDE=3.843e-01 [colloc=3.843e-01, cfd=0.000e+00]  WALL=5.088e-15  DATA=8.129e-02
Invoked: SSBroyden1 approach!
[BFGS] batch=   1  call=    46  total=1.388e+00  PDE=3.790e-01 [colloc=3.790e-01, cfd=0.000e+00]  WALL=5.165e-15  DATA=8.138e-02
Invoked: SSBroyden1 approach!
[BFGS] batch=   1  call=    47  total=1.375e+00  PDE=3.763e-01 [colloc=3.763e-01, cfd=0.000e+00]  WALL=5.169e-15  DATA=8.143e-02
Invoked: SSBroyden1 approach!
[BFGS] batch=   1  call=    48  total=1.362e+00  PDE=3.725e-01 [colloc=3.725e-01, cfd=0.000e+00]  WALL=5.132e-15  DATA=8.138e-02
Invoked: SSBroyden1 approach!
[BFGS] batch=   1  call=    49  total=1.349e+00  PDE=3.679e-01 [colloc=3.679e-01, cfd=0.000e+00]  WALL=5.159e-15  DATA=8.143e-02
Invoked: SSBroyden1 approach!
[BFGS] batch=   1  call=    50  total=1.340e+00  PDE=3.640e-01 [colloc=3.640e-01, cfd=0.000e+00]  WALL=5.230e-15  DATA=8.185e-02
Invoked: SSBroyden1 approach!
[BFGS] batch=   1  call=    51  total=1.330e+00  PDE=3.615e-01 [colloc=3.615e-01, cfd=0.000e+00]  WALL=5.301e-15  DATA=8.183e-02
Invoked: SSBroyden1 approach!
[BFGS] batch=   1  call=    52  total=1.317e+00  PDE=3.573e-01 [colloc=3.573e-01, cfd=0.000e+00]  WALL=5.219e-15  DATA=8.250e-02
Invoked: SSBroyden1 approach!
[BFGS] batch=   1  call=    53  total=1.303e+00  PDE=3.529e-01 [colloc=3.529e-01, cfd=0.000e+00]  WALL=5.274e-15  DATA=8.261e-02
[BFGS-END] batch=   1  last_total=1.303e+00  last_PDE=3.529e-01 [colloc=3.529e-01, cfd=0.000e+00]  last_WALL=5.274e-15  last_DATA=8.261e-02
Invoked: SSBroyden1 approach!
[BFGS] batch=   2  call=    57  total=1.306e+00  PDE=3.528e-01 [colloc=3.528e-01, cfd=0.000e+00]  WALL=5.301e-15  DATA=8.270e-02
Invoked: SSBroyden1 approach!
[BFGS] batch=   2  call=    58  total=1.303e+00  PDE=3.525e-01 [colloc=3.525e-01, cfd=0.000e+00]  WALL=5.299e-15  DATA=8.271e-02
Invoked: SSBroyden1 approach!
[BFGS] batch=   2  call=    59  total=1.297e+00  PDE=3.514e-01 [colloc=3.514e-01, cfd=0.000e+00]  WALL=5.269e-15  DATA=8.279e-02
Invoked: SSBroyden1 approach!
[BFGS] batch=   2  call=    60  total=1.293e+00  PDE=3.495e-01 [colloc=3.495e-01, cfd=0.000e+00]  WALL=5.291e-15  DATA=8.291e-02
Invoked: SSBroyden1 approach!
[BFGS] batch=   2  call=    61  total=1.287e+00  PDE=3.474e-01 [colloc=3.474e-01, cfd=0.000e+00]  WALL=5.299e-15  DATA=8.312e-02
Invoked: SSBroyden1 approach!
[BFGS] batch=   2  call=    62  total=1.276e+00  PDE=3.450e-01 [colloc=3.450e-01, cfd=0.000e+00]  WALL=5.316e-15  DATA=8.317e-02
Invoked: SSBroyden1 approach!
[BFGS] batch=   2  call=    63  total=1.264e+00  PDE=3.410e-01 [colloc=3.410e-01, cfd=0.000e+00]  WALL=5.249e-15  DATA=8.377e-02
Invoked: SSBroyden1 approach!
[BFGS] batch=   2  call=    64  total=1.253e+00  PDE=3.363e-01 [colloc=3.363e-01, cfd=0.000e+00]  WALL=5.291e-15  DATA=8.412e-02
Invoked: SSBroyden1 approach!
[BFGS] batch=   2  call=    65  total=1.241e+00  PDE=3.333e-01 [colloc=3.333e-01, cfd=0.000e+00]  WALL=5.390e-15  DATA=8.396e-02
Invoked: SSBroyden1 approach!
[BFGS] batch=   2  call=    66  total=1.231e+00  PDE=3.304e-01 [colloc=3.304e-01, cfd=0.000e+00]  WALL=5.251e-15  DATA=8.428e-02
Invoked: SSBroyden1 approach!
[BFGS] batch=   2  call=    67  total=1.220e+00  PDE=3.264e-01 [colloc=3.264e-01, cfd=0.000e+00]  WALL=5.133e-15  DATA=8.503e-02
Invoked: SSBroyden1 approach!
[BFGS] batch=   2  call=    68  total=1.207e+00  PDE=3.212e-01 [colloc=3.212e-01, cfd=0.000e+00]  WALL=5.157e-15  DATA=8.543e-02
Invoked: SSBroyden1 approach!
[BFGS] batch=   2  call=    69  total=1.197e+00  PDE=3.155e-01 [colloc=3.155e-01, cfd=0.000e+00]  WALL=5.173e-15  DATA=8.635e-02
Invoked: SSBroyden1 approach!
[BFGS] batch=   2  call=    70  total=1.184e+00  PDE=3.128e-01 [colloc=3.128e-01, cfd=0.000e+00]  WALL=5.172e-15  DATA=8.631e-02
Invoked: SSBroyden1 approach!
[BFGS] batch=   2  call=    71  total=1.175e+00  PDE=3.079e-01 [colloc=3.079e-01, cfd=0.000e+00]  WALL=5.029e-15  DATA=8.656e-02
Invoked: SSBroyden1 approach!
[BFGS] batch=   2  call=    72  total=1.164e+00  PDE=3.053e-01 [colloc=3.053e-01, cfd=0.000e+00]  WALL=5.084e-15  DATA=8.641e-02
Invoked: SSBroyden1 approach!
[BFGS] batch=   2  call=    73  total=1.152e+00  PDE=3.016e-01 [colloc=3.016e-01, cfd=0.000e+00]  WALL=5.029e-15  DATA=8.686e-02
Invoked: SSBroyden1 approach!
[BFGS] batch=   2  call=    74  total=1.143e+00  PDE=2.994e-01 [colloc=2.994e-01, cfd=0.000e+00]  WALL=4.967e-15  DATA=8.690e-02
Invoked: SSBroyden1 approach!
[BFGS] batch=   2  call=    75  total=1.132e+00  PDE=2.953e-01 [colloc=2.953e-01, cfd=0.000e+00]  WALL=4.968e-15  DATA=8.771e-02
Invoked: SSBroyden1 approach!
[BFGS] batch=   2  call=    76  total=1.121e+00  PDE=2.916e-01 [colloc=2.916e-01, cfd=0.000e+00]  WALL=5.019e-15  DATA=8.827e-02
Invoked: SSBroyden1 approach!
[BFGS] batch=   2  call=    77  total=1.114e+00  PDE=2.889e-01 [colloc=2.889e-01, cfd=0.000e+00]  WALL=4.900e-15  DATA=8.870e-02
Invoked: SSBroyden1 approach!
[BFGS] batch=   2  call=    78  total=1.106e+00  PDE=2.871e-01 [colloc=2.871e-01, cfd=0.000e+00]  WALL=5.023e-15  DATA=8.841e-02
Invoked: SSBroyden1 approach!
[BFGS] batch=   2  call=    79  total=1.098e+00  PDE=2.852e-01 [colloc=2.852e-01, cfd=0.000e+00]  WALL=5.102e-15  DATA=8.842e-02
Invoked: SSBroyden1 approach!
[BFGS] batch=   2  call=    80  total=1.090e+00  PDE=2.825e-01 [colloc=2.825e-01, cfd=0.000e+00]  WALL=5.134e-15  DATA=8.832e-02
Invoked: SSBroyden1 approach!
[BFGS] batch=   2  call=    81  total=1.083e+00  PDE=2.798e-01 [colloc=2.798e-01, cfd=0.000e+00]  WALL=5.105e-15  DATA=8.870e-02
Invoked: SSBroyden1 approach!
[BFGS] batch=   2  call=    82  total=1.076e+00  PDE=2.777e-01 [colloc=2.777e-01, cfd=0.000e+00]  WALL=4.983e-15  DATA=8.848e-02
Invoked: SSBroyden1 approach!
[BFGS] batch=   2  call=    83  total=1.067e+00  PDE=2.743e-01 [colloc=2.743e-01, cfd=0.000e+00]  WALL=4.846e-15  DATA=8.891e-02
Invoked: SSBroyden1 approach!
[BFGS] batch=   2  call=    84  total=1.058e+00  PDE=2.713e-01 [colloc=2.713e-01, cfd=0.000e+00]  WALL=4.880e-15  DATA=8.898e-02
Invoked: SSBroyden1 approach!
[BFGS] batch=   2  call=    85  total=1.049e+00  PDE=2.680e-01 [colloc=2.680e-01, cfd=0.000e+00]  WALL=4.890e-15  DATA=8.928e-02
Invoked: SSBroyden1 approach!
[BFGS] batch=   2  call=    86  total=1.042e+00  PDE=2.661e-01 [colloc=2.661e-01, cfd=0.000e+00]  WALL=4.955e-15  DATA=8.900e-02
Invoked: SSBroyden1 approach!
[BFGS] batch=   2  call=    87  total=1.033e+00  PDE=2.635e-01 [colloc=2.635e-01, cfd=0.000e+00]  WALL=4.942e-15  DATA=8.909e-02
Invoked: SSBroyden1 approach!
[BFGS] batch=   2  call=    88  total=1.025e+00  PDE=2.607e-01 [colloc=2.607e-01, cfd=0.000e+00]  WALL=4.919e-15  DATA=8.900e-02
Invoked: SSBroyden1 approach!
[BFGS] batch=   2  call=    89  total=1.015e+00  PDE=2.578e-01 [colloc=2.578e-01, cfd=0.000e+00]  WALL=4.925e-15  DATA=8.926e-02
Invoked: SSBroyden1 approach!
[BFGS] batch=   2  call=    90  total=1.006e+00  PDE=2.548e-01 [colloc=2.548e-01, cfd=0.000e+00]  WALL=4.937e-15  DATA=8.923e-02
Invoked: SSBroyden1 approach!
[BFGS] batch=   2  call=    91  total=9.979e-01  PDE=2.530e-01 [colloc=2.530e-01, cfd=0.000e+00]  WALL=4.876e-15  DATA=8.887e-02
Invoked: SSBroyden1 approach!
[BFGS] batch=   2  call=    92  total=9.911e-01  PDE=2.509e-01 [colloc=2.509e-01, cfd=0.000e+00]  WALL=4.839e-15  DATA=8.866e-02
Invoked: SSBroyden1 approach!
[BFGS] batch=   2  call=    93  total=9.847e-01  PDE=2.489e-01 [colloc=2.489e-01, cfd=0.000e+00]  WALL=4.831e-15  DATA=8.867e-02
Invoked: SSBroyden1 approach!
[BFGS] batch=   2  call=    94  total=9.777e-01  PDE=2.464e-01 [colloc=2.464e-01, cfd=0.000e+00]  WALL=4.913e-15  DATA=8.879e-02
Invoked: SSBroyden1 approach!
[BFGS] batch=   2  call=    95  total=9.697e-01  PDE=2.438e-01 [colloc=2.438e-01, cfd=0.000e+00]  WALL=4.880e-15  DATA=8.869e-02
Invoked: SSBroyden1 approach!
[BFGS] batch=   2  call=    96  total=9.638e-01  PDE=2.418e-01 [colloc=2.418e-01, cfd=0.000e+00]  WALL=4.757e-15  DATA=8.840e-02
Invoked: SSBroyden1 approach!
[BFGS] batch=   2  call=    97  total=9.603e-01  PDE=2.398e-01 [colloc=2.398e-01, cfd=0.000e+00]  WALL=4.762e-15  DATA=8.847e-02
Invoked: SSBroyden1 approach!
[BFGS] batch=   2  call=    98  total=9.553e-01  PDE=2.382e-01 [colloc=2.382e-01, cfd=0.000e+00]  WALL=4.771e-15  DATA=8.856e-02
Invoked: SSBroyden1 approach!
[BFGS] batch=   2  call=    99  total=9.485e-01  PDE=2.367e-01 [colloc=2.367e-01, cfd=0.000e+00]  WALL=4.735e-15  DATA=8.822e-02
Invoked: SSBroyden1 approach!
[BFGS] batch=   2  call=   100  total=9.428e-01  PDE=2.345e-01 [colloc=2.345e-01, cfd=0.000e+00]  WALL=4.704e-15  DATA=8.808e-02
Invoked: SSBroyden1 approach!
[BFGS] batch=   2  call=   101  total=9.362e-01  PDE=2.325e-01 [colloc=2.325e-01, cfd=0.000e+00]  WALL=4.659e-15  DATA=8.776e-02
Invoked: SSBroyden1 approach!
[BFGS] batch=   2  call=   102  total=9.303e-01  PDE=2.304e-01 [colloc=2.304e-01, cfd=0.000e+00]  WALL=4.683e-15  DATA=8.772e-02
Invoked: SSBroyden1 approach!
[BFGS] batch=   2  call=   103  total=9.244e-01  PDE=2.288e-01 [colloc=2.288e-01, cfd=0.000e+00]  WALL=4.652e-15  DATA=8.745e-02
Invoked: SSBroyden1 approach!
[BFGS] batch=   2  call=   104  total=9.180e-01  PDE=2.276e-01 [colloc=2.276e-01, cfd=0.000e+00]  WALL=4.590e-15  DATA=8.708e-02
Invoked: SSBroyden1 approach!
[BFGS] batch=   2  call=   105  total=9.118e-01  PDE=2.254e-01 [colloc=2.254e-01, cfd=0.000e+00]  WALL=4.527e-15  DATA=8.706e-02
Invoked: SSBroyden1 approach!
[BFGS] batch=   2  call=   106  total=9.049e-01  PDE=2.236e-01 [colloc=2.236e-01, cfd=0.000e+00]  WALL=4.516e-15  DATA=8.681e-02
[BFGS-END] batch=   2  last_total=9.049e-01  last_PDE=2.236e-01 [colloc=2.236e-01, cfd=0.000e+00]  last_WALL=4.516e-15  last_DATA=8.681e-02
Invoked: SSBroyden1 approach!
[BFGS] batch=   3  call=   123  total=9.047e-01  PDE=2.236e-01 [colloc=2.236e-01, cfd=0.000e+00]  WALL=4.531e-15  DATA=8.678e-02
Invoked: SSBroyden1 approach!
[BFGS] batch=   3  call=   124  total=9.046e-01  PDE=2.235e-01 [colloc=2.235e-01, cfd=0.000e+00]  WALL=4.532e-15  DATA=8.676e-02
Invoked: SSBroyden1 approach!
[BFGS] batch=   3  call=   125  total=9.039e-01  PDE=2.234e-01 [colloc=2.234e-01, cfd=0.000e+00]  WALL=4.533e-15  DATA=8.675e-02
Invoked: SSBroyden1 approach!
[BFGS] batch=   3  call=   126  total=9.032e-01  PDE=2.232e-01 [colloc=2.232e-01, cfd=0.000e+00]  WALL=4.536e-15  DATA=8.674e-02
Invoked: SSBroyden1 approach!
[BFGS] batch=   3  call=   127  total=9.026e-01  PDE=2.229e-01 [colloc=2.229e-01, cfd=0.000e+00]  WALL=4.534e-15  DATA=8.671e-02
Invoked: SSBroyden1 approach!
[BFGS] batch=   3  call=   128  total=9.007e-01  PDE=2.226e-01 [colloc=2.226e-01, cfd=0.000e+00]  WALL=4.525e-15  DATA=8.673e-02
Invoked: SSBroyden1 approach!
[BFGS] batch=   3  call=   129  total=8.986e-01  PDE=2.216e-01 [colloc=2.216e-01, cfd=0.000e+00]  WALL=4.513e-15  DATA=8.679e-02
Invoked: SSBroyden1 approach!
[BFGS] batch=   3  call=   130  total=8.952e-01  PDE=2.208e-01 [colloc=2.208e-01, cfd=0.000e+00]  WALL=4.520e-15  DATA=8.673e-02
Invoked: SSBroyden1 approach!
[BFGS] batch=   3  call=   131  total=8.904e-01  PDE=2.195e-01 [colloc=2.195e-01, cfd=0.000e+00]  WALL=4.514e-15  DATA=8.662e-02
Invoked: SSBroyden1 approach!
[BFGS] batch=   3  call=   132  total=8.842e-01  PDE=2.176e-01 [colloc=2.176e-01, cfd=0.000e+00]  WALL=4.526e-15  DATA=8.656e-02
Invoked: SSBroyden1 approach!
[BFGS] batch=   3  call=   133  total=8.778e-01  PDE=2.157e-01 [colloc=2.157e-01, cfd=0.000e+00]  WALL=4.490e-15  DATA=8.642e-02
Invoked: SSBroyden1 approach!
[BFGS] batch=   3  call=   134  total=8.713e-01  PDE=2.136e-01 [colloc=2.136e-01, cfd=0.000e+00]  WALL=4.612e-15  DATA=8.622e-02
Invoked: SSBroyden1 approach!
[BFGS] batch=   3  call=   135  total=8.653e-01  PDE=2.117e-01 [colloc=2.117e-01, cfd=0.000e+00]  WALL=4.573e-15  DATA=8.611e-02
Invoked: SSBroyden1 approach!
[BFGS] batch=   3  call=   136  total=8.603e-01  PDE=2.096e-01 [colloc=2.096e-01, cfd=0.000e+00]  WALL=4.574e-15  DATA=8.612e-02
Invoked: SSBroyden1 approach!
[BFGS] batch=   3  call=   137  total=8.546e-01  PDE=2.086e-01 [colloc=2.086e-01, cfd=0.000e+00]  WALL=4.559e-15  DATA=8.585e-02
Invoked: SSBroyden1 approach!
[BFGS] batch=   3  call=   138  total=8.484e-01  PDE=2.065e-01 [colloc=2.065e-01, cfd=0.000e+00]  WALL=4.479e-15  DATA=8.568e-02
Invoked: SSBroyden1 approach!
[BFGS] batch=   3  call=   139  total=8.433e-01  PDE=2.054e-01 [colloc=2.054e-01, cfd=0.000e+00]  WALL=4.538e-15  DATA=8.523e-02
Invoked: SSBroyden1 approach!
[BFGS] batch=   3  call=   140  total=8.381e-01  PDE=2.033e-01 [colloc=2.033e-01, cfd=0.000e+00]  WALL=4.569e-15  DATA=8.521e-02
Invoked: SSBroyden1 approach!
[BFGS] batch=   3  call=   141  total=8.337e-01  PDE=2.016e-01 [colloc=2.016e-01, cfd=0.000e+00]  WALL=4.556e-15  DATA=8.535e-02
Invoked: SSBroyden1 approach!
[BFGS] batch=   3  call=   142  total=8.290e-01  PDE=2.002e-01 [colloc=2.002e-01, cfd=0.000e+00]  WALL=4.580e-15  DATA=8.523e-02
Invoked: SSBroyden1 approach!
[BFGS] batch=   3  call=   143  total=8.236e-01  PDE=1.984e-01 [colloc=1.984e-01, cfd=0.000e+00]  WALL=4.596e-15  DATA=8.517e-02
Invoked: SSBroyden1 approach!
[BFGS] batch=   3  call=   144  total=8.194e-01  PDE=1.964e-01 [colloc=1.964e-01, cfd=0.000e+00]  WALL=4.554e-15  DATA=8.534e-02
Invoked: SSBroyden1 approach!
[BFGS] batch=   3  call=   145  total=8.148e-01  PDE=1.950e-01 [colloc=1.950e-01, cfd=0.000e+00]  WALL=4.500e-15  DATA=8.518e-02
Invoked: SSBroyden1 approach!
[BFGS] batch=   3  call=   146  total=8.106e-01  PDE=1.939e-01 [colloc=1.939e-01, cfd=0.000e+00]  WALL=4.459e-15  DATA=8.514e-02
Invoked: SSBroyden1 approach!
[BFGS] batch=   3  call=   147  total=8.061e-01  PDE=1.921e-01 [colloc=1.921e-01, cfd=0.000e+00]  WALL=4.433e-15  DATA=8.527e-02
Invoked: SSBroyden1 approach!
[BFGS] batch=   3  call=   148  total=8.011e-01  PDE=1.906e-01 [colloc=1.906e-01, cfd=0.000e+00]  WALL=4.376e-15  DATA=8.528e-02
Invoked: SSBroyden1 approach!
[BFGS] batch=   3  call=   149  total=7.983e-01  PDE=1.887e-01 [colloc=1.887e-01, cfd=0.000e+00]  WALL=4.366e-15  DATA=8.559e-02
Invoked: SSBroyden1 approach!
[BFGS] batch=   3  call=   150  total=7.944e-01  PDE=1.876e-01 [colloc=1.876e-01, cfd=0.000e+00]  WALL=4.359e-15  DATA=8.578e-02
Invoked: SSBroyden1 approach!
[BFGS] batch=   3  call=   151  total=7.903e-01  PDE=1.864e-01 [colloc=1.864e-01, cfd=0.000e+00]  WALL=4.412e-15  DATA=8.571e-02
Invoked: SSBroyden1 approach!
[BFGS] batch=   3  call=   152  total=7.869e-01  PDE=1.855e-01 [colloc=1.855e-01, cfd=0.000e+00]  WALL=4.398e-15  DATA=8.544e-02
Invoked: SSBroyden1 approach!
[BFGS] batch=   3  call=   153  total=7.831e-01  PDE=1.845e-01 [colloc=1.845e-01, cfd=0.000e+00]  WALL=4.383e-15  DATA=8.537e-02
Invoked: SSBroyden1 approach!
[BFGS] batch=   3  call=   154  total=7.794e-01  PDE=1.837e-01 [colloc=1.837e-01, cfd=0.000e+00]  WALL=4.419e-15  DATA=8.524e-02
Invoked: SSBroyden1 approach!
[BFGS] batch=   3  call=   155  total=7.754e-01  PDE=1.825e-01 [colloc=1.825e-01, cfd=0.000e+00]  WALL=4.436e-15  DATA=8.528e-02
Invoked: SSBroyden1 approach!
[BFGS] batch=   3  call=   156  total=7.721e-01  PDE=1.817e-01 [colloc=1.817e-01, cfd=0.000e+00]  WALL=4.498e-15  DATA=8.520e-02
Invoked: SSBroyden1 approach!
[BFGS] batch=   3  call=   157  total=7.702e-01  PDE=1.808e-01 [colloc=1.808e-01, cfd=0.000e+00]  WALL=4.480e-15  DATA=8.527e-02
Invoked: SSBroyden1 approach!
[BFGS] batch=   3  call=   158  total=7.681e-01  PDE=1.801e-01 [colloc=1.801e-01, cfd=0.000e+00]  WALL=4.426e-15  DATA=8.523e-02
Invoked: SSBroyden1 approach!
[BFGS] batch=   3  call=   159  total=7.649e-01  PDE=1.792e-01 [colloc=1.792e-01, cfd=0.000e+00]  WALL=4.399e-15  DATA=8.529e-02
Invoked: SSBroyden1 approach!
[BFGS] batch=   3  call=   160  total=7.615e-01  PDE=1.779e-01 [colloc=1.779e-01, cfd=0.000e+00]  WALL=4.368e-15  DATA=8.543e-02
Invoked: SSBroyden1 approach!
[BFGS] batch=   3  call=   161  total=7.579e-01  PDE=1.769e-01 [colloc=1.769e-01, cfd=0.000e+00]  WALL=4.346e-15  DATA=8.544e-02
Invoked: SSBroyden1 approach!
[BFGS] batch=   3  call=   162  total=7.546e-01  PDE=1.760e-01 [colloc=1.760e-01, cfd=0.000e+00]  WALL=4.358e-15  DATA=8.537e-02
Invoked: SSBroyden1 approach!
[BFGS] batch=   3  call=   163  total=7.520e-01  PDE=1.752e-01 [colloc=1.752e-01, cfd=0.000e+00]  WALL=4.357e-15  DATA=8.537e-02
Invoked: SSBroyden1 approach!
[BFGS] batch=   3  call=   164  total=7.487e-01  PDE=1.744e-01 [colloc=1.744e-01, cfd=0.000e+00]  WALL=4.301e-15  DATA=8.528e-02
Invoked: SSBroyden1 approach!
[BFGS] batch=   3  call=   165  total=7.463e-01  PDE=1.732e-01 [colloc=1.732e-01, cfd=0.000e+00]  WALL=4.271e-15  DATA=8.524e-02
Invoked: SSBroyden1 approach!
[BFGS] batch=   3  call=   166  total=7.434e-01  PDE=1.725e-01 [colloc=1.725e-01, cfd=0.000e+00]  WALL=4.278e-15  DATA=8.521e-02
Invoked: SSBroyden1 approach!
[BFGS] batch=   3  call=   167  total=7.402e-01  PDE=1.715e-01 [colloc=1.715e-01, cfd=0.000e+00]  WALL=4.250e-15  DATA=8.522e-02
Invoked: SSBroyden1 approach!
[BFGS] batch=   3  call=   168  total=7.372e-01  PDE=1.705e-01 [colloc=1.705e-01, cfd=0.000e+00]  WALL=4.246e-15  DATA=8.506e-02
Invoked: SSBroyden1 approach!
[BFGS] batch=   3  call=   169  total=7.342e-01  PDE=1.698e-01 [colloc=1.698e-01, cfd=0.000e+00]  WALL=4.252e-15  DATA=8.494e-02
Invoked: SSBroyden1 approach!
[BFGS] batch=   3  call=   170  total=7.317e-01  PDE=1.688e-01 [colloc=1.688e-01, cfd=0.000e+00]  WALL=4.283e-15  DATA=8.497e-02
Invoked: SSBroyden1 approach!
[BFGS] batch=   3  call=   171  total=7.283e-01  PDE=1.681e-01 [colloc=1.681e-01, cfd=0.000e+00]  WALL=4.320e-15  DATA=8.475e-02
Invoked: SSBroyden1 approach!
[BFGS] batch=   3  call=   172  total=7.256e-01  PDE=1.669e-01 [colloc=1.669e-01, cfd=0.000e+00]  WALL=4.389e-15  DATA=8.460e-02
[BFGS-END] batch=   3  last_total=7.256e-01  last_PDE=1.669e-01 [colloc=1.669e-01, cfd=0.000e+00]  last_WALL=4.389e-15  last_DATA=8.460e-02
Invoked: SSBroyden1 approach!
[BFGS] batch=   4  call=   176  total=7.252e-01  PDE=1.669e-01 [colloc=1.669e-01, cfd=0.000e+00]  WALL=4.386e-15  DATA=8.459e-02
Invoked: SSBroyden1 approach!
[BFGS] batch=   4  call=   177  total=7.250e-01  PDE=1.668e-01 [colloc=1.668e-01, cfd=0.000e+00]  WALL=4.380e-15  DATA=8.455e-02
Invoked: SSBroyden1 approach!
[BFGS] batch=   4  call=   187  total=7.249e-01  PDE=1.668e-01 [colloc=1.668e-01, cfd=0.000e+00]  WALL=4.380e-15  DATA=8.454e-02
Invoked: SSBroyden1 approach!
[BFGS] batch=   4  call=   194  total=7.248e-01  PDE=1.668e-01 [colloc=1.668e-01, cfd=0.000e+00]  WALL=4.381e-15  DATA=8.453e-02
[BFGS-END] batch=   4  last_total=7.250e-01  last_PDE=1.668e-01 [colloc=1.668e-01, cfd=0.000e+00]  last_WALL=4.381e-15  last_DATA=8.453e-02
Invoked: SSBroyden1 approach!
[BFGS] batch=   5  call=   215  total=7.251e-01  PDE=1.667e-01 [colloc=1.667e-01, cfd=0.000e+00]  WALL=4.389e-15  DATA=8.456e-02
Invoked: SSBroyden1 approach!
[BFGS] batch=   5  call=   216  total=7.247e-01  PDE=1.667e-01 [colloc=1.667e-01, cfd=0.000e+00]  WALL=4.398e-15  DATA=8.455e-02
Invoked: SSBroyden1 approach!
[BFGS] batch=   5  call=   217  total=7.241e-01  PDE=1.666e-01 [colloc=1.666e-01, cfd=0.000e+00]  WALL=4.405e-15  DATA=8.452e-02
Invoked: SSBroyden1 approach!
[BFGS] batch=   5  call=   218  total=7.232e-01  PDE=1.664e-01 [colloc=1.664e-01, cfd=0.000e+00]  WALL=4.387e-15  DATA=8.447e-02
Invoked: SSBroyden1 approach!
[BFGS] batch=   5  call=   219  total=7.219e-01  PDE=1.661e-01 [colloc=1.661e-01, cfd=0.000e+00]  WALL=4.377e-15  DATA=8.439e-02
Invoked: SSBroyden1 approach!
[BFGS] batch=   5  call=   220  total=7.202e-01  PDE=1.656e-01 [colloc=1.656e-01, cfd=0.000e+00]  WALL=4.368e-15  DATA=8.432e-02
Invoked: SSBroyden1 approach!
[BFGS] batch=   5  call=   221  total=7.178e-01  PDE=1.647e-01 [colloc=1.647e-01, cfd=0.000e+00]  WALL=4.374e-15  DATA=8.447e-02
Invoked: SSBroyden1 approach!
[BFGS] batch=   5  call=   222  total=7.145e-01  PDE=1.638e-01 [colloc=1.638e-01, cfd=0.000e+00]  WALL=4.353e-15  DATA=8.430e-02
Invoked: SSBroyden1 approach!
[BFGS] batch=   5  call=   223  total=7.107e-01  PDE=1.625e-01 [colloc=1.625e-01, cfd=0.000e+00]  WALL=4.296e-15  DATA=8.415e-02
Invoked: SSBroyden1 approach!
[BFGS] batch=   5  call=   224  total=7.068e-01  PDE=1.613e-01 [colloc=1.613e-01, cfd=0.000e+00]  WALL=4.320e-15  DATA=8.386e-02
Invoked: SSBroyden1 approach!
[BFGS] batch=   5  call=   225  total=7.036e-01  PDE=1.599e-01 [colloc=1.599e-01, cfd=0.000e+00]  WALL=4.283e-15  DATA=8.383e-02
Invoked: SSBroyden1 approach!
[BFGS] batch=   5  call=   226  total=7.007e-01  PDE=1.588e-01 [colloc=1.588e-01, cfd=0.000e+00]  WALL=4.254e-15  DATA=8.385e-02
Invoked: SSBroyden1 approach!
[BFGS] batch=   5  call=   227  total=6.981e-01  PDE=1.575e-01 [colloc=1.575e-01, cfd=0.000e+00]  WALL=4.214e-15  DATA=8.402e-02
Invoked: SSBroyden1 approach!
[BFGS] batch=   5  call=   228  total=6.953e-01  PDE=1.568e-01 [colloc=1.568e-01, cfd=0.000e+00]  WALL=4.193e-15  DATA=8.391e-02
Invoked: SSBroyden1 approach!
[BFGS] batch=   5  call=   229  total=6.931e-01  PDE=1.561e-01 [colloc=1.561e-01, cfd=0.000e+00]  WALL=4.242e-15  DATA=8.376e-02
Invoked: SSBroyden1 approach!
[BFGS] batch=   5  call=   230  total=6.907e-01  PDE=1.555e-01 [colloc=1.555e-01, cfd=0.000e+00]  WALL=4.246e-15  DATA=8.368e-02
Invoked: SSBroyden1 approach!
[BFGS] batch=   5  call=   231  total=6.883e-01  PDE=1.546e-01 [colloc=1.546e-01, cfd=0.000e+00]  WALL=4.216e-15  DATA=8.372e-02
Invoked: SSBroyden1 approach!
[BFGS] batch=   5  call=   232  total=6.858e-01  PDE=1.537e-01 [colloc=1.537e-01, cfd=0.000e+00]  WALL=4.171e-15  DATA=8.388e-02
Invoked: SSBroyden1 approach!
[BFGS] batch=   5  call=   233  total=6.832e-01  PDE=1.531e-01 [colloc=1.531e-01, cfd=0.000e+00]  WALL=4.163e-15  DATA=8.367e-02
Invoked: SSBroyden1 approach!
[BFGS] batch=   5  call=   234  total=6.812e-01  PDE=1.525e-01 [colloc=1.525e-01, cfd=0.000e+00]  WALL=4.161e-15  DATA=8.349e-02
Invoked: SSBroyden1 approach!
[BFGS] batch=   5  call=   235  total=6.790e-01  PDE=1.521e-01 [colloc=1.521e-01, cfd=0.000e+00]  WALL=4.219e-15  DATA=8.315e-02
Invoked: SSBroyden1 approach!
[BFGS] batch=   5  call=   236  total=6.770e-01  PDE=1.518e-01 [colloc=1.518e-01, cfd=0.000e+00]  WALL=4.244e-15  DATA=8.285e-02
Invoked: SSBroyden1 approach!
[BFGS] batch=   5  call=   237  total=6.751e-01  PDE=1.511e-01 [colloc=1.511e-01, cfd=0.000e+00]  WALL=4.231e-15  DATA=8.283e-02
Invoked: SSBroyden1 approach!
[BFGS] batch=   5  call=   238  total=6.731e-01  PDE=1.505e-01 [colloc=1.505e-01, cfd=0.000e+00]  WALL=4.218e-15  DATA=8.276e-02
Invoked: SSBroyden1 approach!
[BFGS] batch=   5  call=   239  total=6.713e-01  PDE=1.498e-01 [colloc=1.498e-01, cfd=0.000e+00]  WALL=4.218e-15  DATA=8.278e-02
Invoked: SSBroyden1 approach!
[BFGS] batch=   5  call=   240  total=6.694e-01  PDE=1.492e-01 [colloc=1.492e-01, cfd=0.000e+00]  WALL=4.186e-15  DATA=8.279e-02
Invoked: SSBroyden1 approach!
[BFGS] batch=   5  call=   241  total=6.672e-01  PDE=1.487e-01 [colloc=1.487e-01, cfd=0.000e+00]  WALL=4.192e-15  DATA=8.275e-02
Invoked: SSBroyden1 approach!
[BFGS] batch=   5  call=   242  total=6.648e-01  PDE=1.479e-01 [colloc=1.479e-01, cfd=0.000e+00]  WALL=4.235e-15  DATA=8.280e-02
Invoked: SSBroyden1 approach!
[BFGS] batch=   5  call=   243  total=6.629e-01  PDE=1.468e-01 [colloc=1.468e-01, cfd=0.000e+00]  WALL=4.195e-15  DATA=8.294e-02
Invoked: SSBroyden1 approach!
[BFGS] batch=   5  call=   244  total=6.606e-01  PDE=1.463e-01 [colloc=1.463e-01, cfd=0.000e+00]  WALL=4.185e-15  DATA=8.270e-02
Invoked: SSBroyden1 approach!
[BFGS] batch=   5  call=   245  total=6.593e-01  PDE=1.459e-01 [colloc=1.459e-01, cfd=0.000e+00]  WALL=4.149e-15  DATA=8.253e-02
Invoked: SSBroyden1 approach!
[BFGS] batch=   5  call=   246  total=6.574e-01  PDE=1.454e-01 [colloc=1.454e-01, cfd=0.000e+00]  WALL=4.115e-15  DATA=8.249e-02
Invoked: SSBroyden1 approach!
[BFGS] batch=   5  call=   247  total=6.558e-01  PDE=1.448e-01 [colloc=1.448e-01, cfd=0.000e+00]  WALL=4.077e-15  DATA=8.247e-02
Invoked: SSBroyden1 approach!
[BFGS] batch=   5  call=   248  total=6.539e-01  PDE=1.442e-01 [colloc=1.442e-01, cfd=0.000e+00]  WALL=4.071e-15  DATA=8.248e-02
Invoked: SSBroyden1 approach!
[BFGS] batch=   5  call=   249  total=6.519e-01  PDE=1.437e-01 [colloc=1.437e-01, cfd=0.000e+00]  WALL=4.076e-15  DATA=8.232e-02
Invoked: SSBroyden1 approach!
[BFGS] batch=   5  call=   250  total=6.500e-01  PDE=1.432e-01 [colloc=1.432e-01, cfd=0.000e+00]  WALL=4.076e-15  DATA=8.217e-02
Invoked: SSBroyden1 approach!
[BFGS] batch=   5  call=   251  total=6.484e-01  PDE=1.427e-01 [colloc=1.427e-01, cfd=0.000e+00]  WALL=4.017e-15  DATA=8.215e-02
Invoked: SSBroyden1 approach!
[BFGS] batch=   5  call=   252  total=6.464e-01  PDE=1.421e-01 [colloc=1.421e-01, cfd=0.000e+00]  WALL=3.983e-15  DATA=8.206e-02
Invoked: SSBroyden1 approach!
[BFGS] batch=   5  call=   253  total=6.449e-01  PDE=1.418e-01 [colloc=1.418e-01, cfd=0.000e+00]  WALL=3.991e-15  DATA=8.181e-02
Invoked: SSBroyden1 approach!
[BFGS] batch=   5  call=   254  total=6.430e-01  PDE=1.413e-01 [colloc=1.413e-01, cfd=0.000e+00]  WALL=3.983e-15  DATA=8.177e-02
Invoked: SSBroyden1 approach!
[BFGS] batch=   5  call=   255  total=6.408e-01  PDE=1.407e-01 [colloc=1.407e-01, cfd=0.000e+00]  WALL=4.026e-15  DATA=8.165e-02
Invoked: SSBroyden1 approach!
[BFGS] batch=   5  call=   256  total=6.381e-01  PDE=1.401e-01 [colloc=1.401e-01, cfd=0.000e+00]  WALL=4.035e-15  DATA=8.144e-02
Invoked: SSBroyden1 approach!
[BFGS] batch=   5  call=   257  total=6.364e-01  PDE=1.395e-01 [colloc=1.395e-01, cfd=0.000e+00]  WALL=4.022e-15  DATA=8.114e-02
Invoked: SSBroyden1 approach!
[BFGS] batch=   5  call=   258  total=6.345e-01  PDE=1.388e-01 [colloc=1.388e-01, cfd=0.000e+00]  WALL=4.031e-15  DATA=8.105e-02
Invoked: SSBroyden1 approach!
[BFGS] batch=   5  call=   259  total=6.320e-01  PDE=1.382e-01 [colloc=1.382e-01, cfd=0.000e+00]  WALL=4.009e-15  DATA=8.092e-02
Invoked: SSBroyden1 approach!
[BFGS] batch=   5  call=   260  total=6.306e-01  PDE=1.377e-01 [colloc=1.377e-01, cfd=0.000e+00]  WALL=3.946e-15  DATA=8.069e-02
Invoked: SSBroyden1 approach!
[BFGS] batch=   5  call=   261  total=6.288e-01  PDE=1.374e-01 [colloc=1.374e-01, cfd=0.000e+00]  WALL=3.949e-15  DATA=8.058e-02
Invoked: SSBroyden1 approach!
[BFGS] batch=   5  call=   262  total=6.268e-01  PDE=1.368e-01 [colloc=1.368e-01, cfd=0.000e+00]  WALL=3.960e-15  DATA=8.054e-02
Invoked: SSBroyden1 approach!
[BFGS] batch=   5  call=   263  total=6.254e-01  PDE=1.362e-01 [colloc=1.362e-01, cfd=0.000e+00]  WALL=3.959e-15  DATA=8.044e-02
Invoked: SSBroyden1 approach!
[BFGS] batch=   5  call=   264  total=6.234e-01  PDE=1.358e-01 [colloc=1.358e-01, cfd=0.000e+00]  WALL=3.972e-15  DATA=8.036e-02
[BFGS-END] batch=   5  last_total=6.234e-01  last_PDE=1.358e-01 [colloc=1.358e-01, cfd=0.000e+00]  last_WALL=3.972e-15  last_DATA=8.036e-02
Invoked: SSBroyden1 approach!
[BFGS] batch=   6  call=   267  total=6.233e-01  PDE=1.358e-01 [colloc=1.358e-01, cfd=0.000e+00]  WALL=3.969e-15  DATA=8.034e-02
Invoked: SSBroyden1 approach!
[BFGS] batch=   6  call=   268  total=6.233e-01  PDE=1.358e-01 [colloc=1.358e-01, cfd=0.000e+00]  WALL=3.969e-15  DATA=8.033e-02
Invoked: SSBroyden1 approach!
[BFGS] batch=   6  call=   274  total=6.231e-01  PDE=1.358e-01 [colloc=1.358e-01, cfd=0.000e+00]  WALL=3.971e-15  DATA=8.033e-02
Invoked: SSBroyden1 approach!
[BFGS] batch=   6  call=   275  total=6.231e-01  PDE=1.357e-01 [colloc=1.357e-01, cfd=0.000e+00]  WALL=3.973e-15  DATA=8.034e-02
Invoked: SSBroyden1 approach!
[BFGS] batch=   6  call=   277  total=6.230e-01  PDE=1.357e-01 [colloc=1.357e-01, cfd=0.000e+00]  WALL=3.973e-15  DATA=8.034e-02
Invoked: SSBroyden1 approach!
[BFGS] batch=   6  call=   278  total=6.229e-01  PDE=1.356e-01 [colloc=1.356e-01, cfd=0.000e+00]  WALL=3.971e-15  DATA=8.036e-02
Invoked: SSBroyden1 approach!
[BFGS] batch=   6  call=   279  total=6.226e-01  PDE=1.356e-01 [colloc=1.356e-01, cfd=0.000e+00]  WALL=3.969e-15  DATA=8.037e-02
Invoked: SSBroyden1 approach!
[BFGS] batch=   6  call=   281  total=6.225e-01  PDE=1.355e-01 [colloc=1.355e-01, cfd=0.000e+00]  WALL=3.967e-15  DATA=8.037e-02
Invoked: SSBroyden1 approach!
[BFGS] batch=   6  call=   282  total=6.224e-01  PDE=1.354e-01 [colloc=1.354e-01, cfd=0.000e+00]  WALL=3.966e-15  DATA=8.037e-02
Invoked: SSBroyden1 approach!
[BFGS] batch=   6  call=   284  total=6.222e-01  PDE=1.354e-01 [colloc=1.354e-01, cfd=0.000e+00]  WALL=3.965e-15  DATA=8.037e-02
Invoked: SSBroyden1 approach!
[BFGS] batch=   6  call=   285  total=6.220e-01  PDE=1.353e-01 [colloc=1.353e-01, cfd=0.000e+00]  WALL=3.958e-15  DATA=8.036e-02
Invoked: SSBroyden1 approach!
[BFGS] batch=   6  call=   286  total=6.220e-01  PDE=1.352e-01 [colloc=1.352e-01, cfd=0.000e+00]  WALL=3.952e-15  DATA=8.036e-02
Invoked: SSBroyden1 approach!
[BFGS] batch=   6  call=   287  total=6.217e-01  PDE=1.352e-01 [colloc=1.352e-01, cfd=0.000e+00]  WALL=3.952e-15  DATA=8.036e-02
Invoked: SSBroyden1 approach!
[BFGS] batch=   6  call=   288  total=6.211e-01  PDE=1.350e-01 [colloc=1.350e-01, cfd=0.000e+00]  WALL=3.951e-15  DATA=8.035e-02
Invoked: SSBroyden1 approach!
[BFGS] batch=   6  call=   289  total=6.204e-01  PDE=1.347e-01 [colloc=1.347e-01, cfd=0.000e+00]  WALL=3.944e-15  DATA=8.033e-02
Invoked: SSBroyden1 approach!
[BFGS] batch=   6  call=   290  total=6.189e-01  PDE=1.343e-01 [colloc=1.343e-01, cfd=0.000e+00]  WALL=3.935e-15  DATA=8.026e-02
Invoked: SSBroyden1 approach!
[BFGS] batch=   6  call=   291  total=6.169e-01  PDE=1.337e-01 [colloc=1.337e-01, cfd=0.000e+00]  WALL=3.910e-15  DATA=8.019e-02
Invoked: SSBroyden1 approach!
[BFGS] batch=   6  call=   292  total=6.147e-01  PDE=1.328e-01 [colloc=1.328e-01, cfd=0.000e+00]  WALL=3.907e-15  DATA=8.011e-02
Invoked: SSBroyden1 approach!
[BFGS] batch=   6  call=   293  total=6.121e-01  PDE=1.320e-01 [colloc=1.320e-01, cfd=0.000e+00]  WALL=3.948e-15  DATA=7.984e-02
Invoked: SSBroyden1 approach!
[BFGS] batch=   6  call=   294  total=6.104e-01  PDE=1.313e-01 [colloc=1.313e-01, cfd=0.000e+00]  WALL=3.903e-15  DATA=7.976e-02
Invoked: SSBroyden1 approach!
[BFGS] batch=   6  call=   295  total=6.088e-01  PDE=1.308e-01 [colloc=1.308e-01, cfd=0.000e+00]  WALL=3.893e-15  DATA=7.963e-02
Invoked: SSBroyden1 approach!
[BFGS] batch=   6  call=   296  total=6.071e-01  PDE=1.303e-01 [colloc=1.303e-01, cfd=0.000e+00]  WALL=3.888e-15  DATA=7.976e-02
Invoked: SSBroyden1 approach!
[BFGS] batch=   6  call=   297  total=6.069e-01  PDE=1.297e-01 [colloc=1.297e-01, cfd=0.000e+00]  WALL=3.866e-15  DATA=7.978e-02
Invoked: SSBroyden1 approach!
[BFGS] batch=   6  call=   298  total=6.061e-01  PDE=1.296e-01 [colloc=1.296e-01, cfd=0.000e+00]  WALL=3.861e-15  DATA=7.977e-02
Invoked: SSBroyden1 approach!
[BFGS] batch=   6  call=   299  total=6.051e-01  PDE=1.293e-01 [colloc=1.293e-01, cfd=0.000e+00]  WALL=3.856e-15  DATA=7.976e-02
Invoked: SSBroyden1 approach!
[BFGS] batch=   6  call=   300  total=6.040e-01  PDE=1.289e-01 [colloc=1.289e-01, cfd=0.000e+00]  WALL=3.846e-15  DATA=7.974e-02
Invoked: SSBroyden1 approach!
[BFGS] batch=   6  call=   301  total=6.027e-01  PDE=1.285e-01 [colloc=1.285e-01, cfd=0.000e+00]  WALL=3.828e-15  DATA=7.976e-02
Invoked: SSBroyden1 approach!
[BFGS] batch=   6  call=   302  total=6.013e-01  PDE=1.282e-01 [colloc=1.282e-01, cfd=0.000e+00]  WALL=3.817e-15  DATA=7.968e-02
Invoked: SSBroyden1 approach!
[BFGS] batch=   6  call=   303  total=6.009e-01  PDE=1.279e-01 [colloc=1.279e-01, cfd=0.000e+00]  WALL=3.760e-15  DATA=7.964e-02
Invoked: SSBroyden1 approach!
[BFGS] batch=   6  call=   304  total=6.004e-01  PDE=1.277e-01 [colloc=1.277e-01, cfd=0.000e+00]  WALL=3.774e-15  DATA=7.962e-02
Invoked: SSBroyden1 approach!
[BFGS] batch=   6  call=   305  total=5.992e-01  PDE=1.275e-01 [colloc=1.275e-01, cfd=0.000e+00]  WALL=3.775e-15  DATA=7.958e-02
Invoked: SSBroyden1 approach!
[BFGS] batch=   6  call=   306  total=5.978e-01  PDE=1.270e-01 [colloc=1.270e-01, cfd=0.000e+00]  WALL=3.757e-15  DATA=7.959e-02
Invoked: SSBroyden1 approach!
[BFGS] batch=   6  call=   307  total=5.961e-01  PDE=1.263e-01 [colloc=1.263e-01, cfd=0.000e+00]  WALL=3.767e-15  DATA=7.960e-02
Invoked: SSBroyden1 approach!
[BFGS] batch=   6  call=   308  total=5.954e-01  PDE=1.260e-01 [colloc=1.260e-01, cfd=0.000e+00]  WALL=3.758e-15  DATA=7.945e-02
Invoked: SSBroyden1 approach!
[BFGS] batch=   6  call=   309  total=5.942e-01  PDE=1.258e-01 [colloc=1.258e-01, cfd=0.000e+00]  WALL=3.744e-15  DATA=7.943e-02
Invoked: SSBroyden1 approach!
[BFGS] batch=   6  call=   310  total=5.933e-01  PDE=1.254e-01 [colloc=1.254e-01, cfd=0.000e+00]  WALL=3.745e-15  DATA=7.934e-02
Invoked: SSBroyden1 approach!
[BFGS] batch=   6  call=   311  total=5.921e-01  PDE=1.251e-01 [colloc=1.251e-01, cfd=0.000e+00]  WALL=3.761e-15  DATA=7.920e-02
Invoked: SSBroyden1 approach!
[BFGS] batch=   6  call=   312  total=5.913e-01  PDE=1.247e-01 [colloc=1.247e-01, cfd=0.000e+00]  WALL=3.752e-15  DATA=7.912e-02
Invoked: SSBroyden1 approach!
[BFGS] batch=   6  call=   313  total=5.896e-01  PDE=1.243e-01 [colloc=1.243e-01, cfd=0.000e+00]  WALL=3.743e-15  DATA=7.917e-02
Invoked: SSBroyden1 approach!
[BFGS] batch=   6  call=   314  total=5.885e-01  PDE=1.238e-01 [colloc=1.238e-01, cfd=0.000e+00]  WALL=3.696e-15  DATA=7.907e-02
Invoked: SSBroyden1 approach!
[BFGS] batch=   6  call=   315  total=5.872e-01  PDE=1.234e-01 [colloc=1.234e-01, cfd=0.000e+00]  WALL=3.679e-15  DATA=7.914e-02
Invoked: SSBroyden1 approach!
[BFGS] batch=   6  call=   316  total=5.859e-01  PDE=1.231e-01 [colloc=1.231e-01, cfd=0.000e+00]  WALL=3.698e-15  DATA=7.908e-02
Invoked: SSBroyden1 approach!
[BFGS] batch=   6  call=   317  total=5.844e-01  PDE=1.227e-01 [colloc=1.227e-01, cfd=0.000e+00]  WALL=3.714e-15  DATA=7.899e-02
Invoked: SSBroyden1 approach!
[BFGS] batch=   6  call=   318  total=5.830e-01  PDE=1.224e-01 [colloc=1.224e-01, cfd=0.000e+00]  WALL=3.718e-15  DATA=7.886e-02
Invoked: SSBroyden1 approach!
[BFGS] batch=   6  call=   319  total=5.818e-01  PDE=1.222e-01 [colloc=1.222e-01, cfd=0.000e+00]  WALL=3.732e-15  DATA=7.867e-02
Invoked: SSBroyden1 approach!
[BFGS] batch=   6  call=   320  total=5.807e-01  PDE=1.218e-01 [colloc=1.218e-01, cfd=0.000e+00]  WALL=3.707e-15  DATA=7.866e-02
Invoked: SSBroyden1 approach!
[BFGS] batch=   6  call=   321  total=5.796e-01  PDE=1.213e-01 [colloc=1.213e-01, cfd=0.000e+00]  WALL=3.660e-15  DATA=7.881e-02
Invoked: SSBroyden1 approach!
[BFGS] batch=   6  call=   322  total=5.783e-01  PDE=1.210e-01 [colloc=1.210e-01, cfd=0.000e+00]  WALL=3.661e-15  DATA=7.888e-02
Invoked: SSBroyden1 approach!
[BFGS] batch=   6  call=   323  total=5.773e-01  PDE=1.206e-01 [colloc=1.206e-01, cfd=0.000e+00]  WALL=3.638e-15  DATA=7.885e-02
Invoked: SSBroyden1 approach!
[BFGS] batch=   6  call=   324  total=5.762e-01  PDE=1.204e-01 [colloc=1.204e-01, cfd=0.000e+00]  WALL=3.621e-15  DATA=7.883e-02
[BFGS-END] batch=   6  last_total=5.762e-01  last_PDE=1.204e-01 [colloc=1.204e-01, cfd=0.000e+00]  last_WALL=3.621e-15  last_DATA=7.883e-02
[BFGS] done. total_calls=324  best_loss=5.761847e-01
[v2] CFD-error monitor after BFGS:
[post-BFGS] CFD monitor | mae_u=1.7372e-01 mae_v=9.2232e-02 rmse_u=2.5048e-01 rmse_v=1.2685e-01 relL2_u=2.8026e-01 relL2_v=1.2297e+00 mean|duv|=2.1263e-01 n=7456
[v2] training done. Saved -> runs/v2_weakanchor_quick/P2/checkpoints/pinn_Re40_single.pt
[viz-v2] loaded runs/v2_weakanchor_quick/P2/checkpoints/pinn_Re40_single.pt

============================================================
ABSOLUTE error on CFD point cloud (target: ~1e-4 ~ 1e-5)
============================================================
  points used           : 7456
  speed magnitude (mean): 8.1616e-01
  mae_u                 : 1.7372e-01
  mae_v                 : 9.2232e-02
  rmse_u                : 2.5048e-01
  rmse_v                : 1.2685e-01
  max |eu|              : 1.1272e+00
  max |ev|              : 4.8705e-01
  rel_l2_u              : 2.8026e-01
  rel_l2_v              : 1.2297e+00

[viz-v2] runs/v2_weakanchor_quick/P2/viz/v2_vorticity.png
[viz-v2] runs/v2_weakanchor_quick/P2/viz/v2_speed.png
[viz-v2] runs/v2_weakanchor_quick/P2/viz/v2_u.png
[viz-v2] runs/v2_weakanchor_quick/P2/viz/v2_v.png
[timing] Phase 2 took 104 s    (total 174 s)
============================================================
 WEAK-ANCHOR QUICK DONE. Compare three quick runs:

   consistency_quick P2 (no data)            : trivial-attractor unmasked
   weakanchor_quick  P2 (500 pts, prior 0.5) : THIS RUN
   weakanchor_quick  P1 (pure data fit)      : sets the floor

 If P2 mae_u in this run is close to P1 → weak anchor cures it.
 If P2 mae_u still blows up           → trivial attractor is real.
============================================================
