[OK] _optimize._minimize_bfgs loaded — SSBroyden / SSBFGS variants available
Loaded Re40.vtk  cells=8234  (pressure=pMean)
Model: width=96, depth=5, params=38018
Loss weights: adaptive during Adam, frozen during BFGS
Cylinder no-slip: enforced hard through stream-function lifting
CFD-aware PDE residual: n_cfd_pde=8000, lambda_pde_cfd=1.0
[data] anchor uses 500 random CFD points (fresh each Adam epoch; one frozen set during BFGS)
[mem ] params=38018  H0 (NxN float64) = 10.77 GB  available ~ 100.0 GB
============================================================
Phase 1 — Adam (800 epochs)
Goal: match CFD while improving PDE and enforcing wall no-slip exactly
============================================================
[Adam] ep=   20  total=4.265e+00  PDE=2.509e-01 [colloc=2.465e-01, cfd=4.390e-03] (w=2.164)  IN=6.292e-01 (w=1.267)  TB=7.825e-01 (w=1.340)  WALL=8.644e-15 (w=0.200)  OUT=8.963e-02 (w=0.613)  DATA=4.258e-01 (w=4.278)  DATA_P=0.000e+00 (w=1.000)
[Adam] ep=   40  total=2.183e+00  PDE=1.528e-01 [colloc=1.375e-01, cfd=1.535e-02] (w=1.599)  IN=2.292e-01 (w=1.321)  TB=4.509e-01 (w=1.617)  WALL=9.932e-16 (w=0.200)  OUT=5.030e-03 (w=0.412)  DATA=1.957e-01 (w=4.624)  DATA_P=0.000e+00 (w=1.000)
[Adam] ep=   60  total=8.222e-01  PDE=1.476e-01 [colloc=1.357e-01, cfd=1.184e-02] (w=2.002)  IN=3.967e-02 (w=1.093)  TB=1.425e-01 (w=1.650)  WALL=1.325e-15 (w=0.200)  OUT=4.147e-03 (w=0.335)  DATA=5.658e-02 (w=4.366)  DATA_P=0.000e+00 (w=1.000)
[Adam] ep=   80  total=7.812e-01  PDE=1.846e-01 [colloc=1.766e-01, cfd=7.993e-03] (w=2.677)  IN=2.778e-02 (w=0.863)  TB=6.631e-02 (w=1.391)  WALL=1.020e-15 (w=0.200)  OUT=1.662e-03 (w=0.266)  DATA=4.130e-02 (w=4.126)  DATA_P=0.000e+00 (w=1.000)
[Adam] ep=  100  total=5.205e-01  PDE=9.412e-02 [colloc=8.851e-02, cfd=5.607e-03] (w=2.835)  IN=2.736e-02 (w=0.859)  TB=5.033e-02 (w=1.239)  WALL=8.086e-16 (w=0.200)  OUT=2.290e-03 (w=0.242)  DATA=3.996e-02 (w=4.186)  DATA_P=0.000e+00 (w=1.000)
[Adam] ep=  120  total=4.659e-01  PDE=8.526e-02 [colloc=8.090e-02, cfd=4.358e-03] (w=2.864)  IN=2.679e-02 (w=0.895)  TB=4.293e-02 (w=1.163)  WALL=1.010e-15 (w=0.200)  OUT=2.322e-03 (w=0.258)  DATA=3.456e-02 (w=4.258)  DATA_P=0.000e+00 (w=1.000)
[Adam] ep=  140  total=4.591e-01  PDE=8.164e-02 [colloc=7.780e-02, cfd=3.840e-03] (w=2.853)  IN=3.002e-02 (w=0.946)  TB=3.720e-02 (w=1.109)  WALL=1.118e-15 (w=0.200)  OUT=2.273e-03 (w=0.266)  DATA=3.577e-02 (w=4.358)  DATA_P=0.000e+00 (w=1.000)
[Adam] ep=  160  total=4.848e-01  PDE=1.026e-01 [colloc=9.884e-02, cfd=3.744e-03] (w=2.882)  IN=2.857e-02 (w=0.971)  TB=3.355e-02 (w=1.073)  WALL=1.305e-15 (w=0.200)  OUT=2.166e-03 (w=0.270)  DATA=2.921e-02 (w=4.272)  DATA_P=0.000e+00 (w=1.000)
[Adam] ep=  180  total=4.731e-01  PDE=9.032e-02 [colloc=8.710e-02, cfd=3.212e-03] (w=2.872)  IN=2.902e-02 (w=0.996)  TB=3.044e-02 (w=1.046)  WALL=1.635e-15 (w=0.200)  OUT=1.968e-03 (w=0.268)  DATA=3.512e-02 (w=4.341)  DATA_P=0.000e+00 (w=1.000)
[Adam] ep=  200  total=3.922e-01  PDE=6.970e-02 [colloc=6.647e-02, cfd=3.228e-03] (w=2.879)  IN=2.892e-02 (w=1.021)  TB=2.887e-02 (w=1.030)  WALL=9.640e-16 (w=0.200)  OUT=1.845e-03 (w=0.264)  DATA=3.080e-02 (w=4.279)  DATA_P=0.000e+00 (w=1.000)
[Adam] ep=  220  total=3.497e-01  PDE=6.323e-02 [colloc=6.025e-02, cfd=2.979e-03] (w=2.896)  IN=2.877e-02 (w=1.019)  TB=2.638e-02 (w=1.005)  WALL=1.126e-15 (w=0.200)  OUT=1.711e-03 (w=0.257)  DATA=2.561e-02 (w=4.307)  DATA_P=0.000e+00 (w=1.000)
[Adam] ep=  240  total=3.702e-01  PDE=6.666e-02 [colloc=6.376e-02, cfd=2.895e-03] (w=2.909)  IN=2.658e-02 (w=1.029)  TB=2.447e-02 (w=0.979)  WALL=1.141e-15 (w=0.200)  OUT=1.513e-03 (w=0.247)  DATA=2.893e-02 (w=4.307)  DATA_P=0.000e+00 (w=1.000)
[Adam] ep=  260  total=3.556e-01  PDE=6.655e-02 [colloc=6.392e-02, cfd=2.637e-03] (w=2.907)  IN=2.687e-02 (w=1.039)  TB=2.295e-02 (w=0.960)  WALL=1.328e-15 (w=0.200)  OUT=1.328e-03 (w=0.237)  DATA=2.568e-02 (w=4.355)  DATA_P=0.000e+00 (w=1.000)
[Adam] ep=  280  total=3.282e-01  PDE=6.196e-02 [colloc=5.946e-02, cfd=2.501e-03] (w=2.917)  IN=2.803e-02 (w=1.047)  TB=2.159e-02 (w=0.958)  WALL=8.533e-16 (w=0.200)  OUT=1.158e-03 (w=0.228)  DATA=2.264e-02 (w=4.292)  DATA_P=0.000e+00 (w=1.000)
[Adam] ep=  300  total=3.356e-01  PDE=6.410e-02 [colloc=6.149e-02, cfd=2.607e-03] (w=2.910)  IN=2.447e-02 (w=1.040)  TB=2.109e-02 (w=0.948)  WALL=9.896e-16 (w=0.200)  OUT=1.136e-03 (w=0.223)  DATA=2.353e-02 (w=4.396)  DATA_P=0.000e+00 (w=1.000)
[Adam] ep=  320  total=3.271e-01  PDE=5.958e-02 [colloc=5.713e-02, cfd=2.451e-03] (w=2.914)  IN=2.511e-02 (w=1.048)  TB=1.938e-02 (w=0.932)  WALL=9.819e-16 (w=0.200)  OUT=9.364e-04 (w=0.213)  DATA=2.470e-02 (w=4.410)  DATA_P=0.000e+00 (w=1.000)
[Adam] ep=  340  total=3.247e-01  PDE=5.876e-02 [colloc=5.643e-02, cfd=2.325e-03] (w=2.911)  IN=2.488e-02 (w=1.053)  TB=1.888e-02 (w=0.935)  WALL=1.215e-15 (w=0.200)  OUT=8.559e-04 (w=0.206)  DATA=2.493e-02 (w=4.397)  DATA_P=0.000e+00 (w=1.000)
[Adam] ep=  360  total=3.079e-01  PDE=5.590e-02 [colloc=5.357e-02, cfd=2.335e-03] (w=2.924)  IN=2.197e-02 (w=1.041)  TB=1.800e-02 (w=0.926)  WALL=1.006e-15 (w=0.200)  OUT=7.944e-04 (w=0.201)  DATA=2.373e-02 (w=4.413)  DATA_P=0.000e+00 (w=1.000)
[Adam] ep=  380  total=3.226e-01  PDE=6.006e-02 [colloc=5.776e-02, cfd=2.296e-03] (w=2.930)  IN=2.108e-02 (w=1.027)  TB=1.781e-02 (w=0.922)  WALL=9.682e-16 (w=0.200)  OUT=7.552e-04 (w=0.200)  DATA=2.431e-02 (w=4.461)  DATA_P=0.000e+00 (w=1.000)
[Adam] ep=  400  total=3.037e-01  PDE=5.093e-02 [colloc=4.860e-02, cfd=2.333e-03] (w=2.931)  IN=2.148e-02 (w=1.016)  TB=1.659e-02 (w=0.908)  WALL=8.720e-16 (w=0.200)  OUT=6.589e-04 (w=0.200)  DATA=2.583e-02 (w=4.544)  DATA_P=0.000e+00 (w=1.000)
[Adam] ep=  420  total=3.025e-01  PDE=5.406e-02 [colloc=5.172e-02, cfd=2.339e-03] (w=2.955)  IN=2.026e-02 (w=1.009)  TB=1.565e-02 (w=0.900)  WALL=1.079e-15 (w=0.200)  OUT=6.602e-04 (w=0.200)  DATA=2.410e-02 (w=4.487)  DATA_P=0.000e+00 (w=1.000)
[Adam] ep=  440  total=3.303e-01  PDE=5.866e-02 [colloc=5.623e-02, cfd=2.427e-03] (w=2.936)  IN=2.095e-02 (w=1.020)  TB=1.537e-02 (w=0.900)  WALL=9.209e-16 (w=0.200)  OUT=6.379e-04 (w=0.200)  DATA=2.705e-02 (w=4.536)  DATA_P=0.000e+00 (w=1.000)
[Adam] ep=  460  total=3.029e-01  PDE=5.715e-02 [colloc=5.487e-02, cfd=2.277e-03] (w=2.939)  IN=1.801e-02 (w=1.006)  TB=1.467e-02 (w=0.889)  WALL=1.123e-15 (w=0.200)  OUT=5.885e-04 (w=0.200)  DATA=2.252e-02 (w=4.605)  DATA_P=0.000e+00 (w=1.000)
[Adam] ep=  480  total=3.047e-01  PDE=4.852e-02 [colloc=4.648e-02, cfd=2.038e-03] (w=2.955)  IN=1.869e-02 (w=1.005)  TB=1.420e-02 (w=0.892)  WALL=6.791e-16 (w=0.200)  OUT=4.827e-04 (w=0.200)  DATA=2.862e-02 (w=4.535)  DATA_P=0.000e+00 (w=1.000)
[Adam] ep=  500  total=3.088e-01  PDE=5.997e-02 [colloc=5.795e-02, cfd=2.021e-03] (w=2.957)  IN=1.698e-02 (w=0.999)  TB=1.412e-02 (w=0.877)  WALL=1.320e-15 (w=0.200)  OUT=5.267e-04 (w=0.200)  DATA=2.223e-02 (w=4.587)  DATA_P=0.000e+00 (w=1.000)
[Adam] ep=  520  total=3.065e-01  PDE=6.409e-02 [colloc=6.163e-02, cfd=2.458e-03] (w=2.946)  IN=1.681e-02 (w=1.002)  TB=1.331e-02 (w=0.874)  WALL=9.596e-16 (w=0.200)  OUT=4.926e-04 (w=0.200)  DATA=1.920e-02 (w=4.637)  DATA_P=0.000e+00 (w=1.000)
[Adam] ep=  540  total=2.936e-01  PDE=5.205e-02 [colloc=4.991e-02, cfd=2.146e-03] (w=2.948)  IN=1.676e-02 (w=0.993)  TB=1.305e-02 (w=0.874)  WALL=1.065e-15 (w=0.200)  OUT=4.627e-04 (w=0.200)  DATA=2.404e-02 (w=4.661)  DATA_P=0.000e+00 (w=1.000)
[Adam] ep=  560  total=2.939e-01  PDE=5.708e-02 [colloc=5.486e-02, cfd=2.221e-03] (w=2.962)  IN=1.599e-02 (w=0.993)  TB=1.277e-02 (w=0.869)  WALL=9.195e-16 (w=0.200)  OUT=4.601e-04 (w=0.200)  DATA=2.119e-02 (w=4.615)  DATA_P=0.000e+00 (w=1.000)
[Adam] ep=  580  total=2.891e-01  PDE=5.670e-02 [colloc=5.447e-02, cfd=2.230e-03] (w=2.962)  IN=1.489e-02 (w=0.983)  TB=1.205e-02 (w=0.867)  WALL=1.034e-15 (w=0.200)  OUT=4.472e-04 (w=0.200)  DATA=2.063e-02 (w=4.655)  DATA_P=0.000e+00 (w=1.000)
[Adam] ep=  600  total=2.821e-01  PDE=5.520e-02 [colloc=5.297e-02, cfd=2.233e-03] (w=2.960)  IN=1.488e-02 (w=0.984)  TB=1.145e-02 (w=0.854)  WALL=9.016e-16 (w=0.200)  OUT=4.043e-04 (w=0.200)  DATA=2.006e-02 (w=4.695)  DATA_P=0.000e+00 (w=1.000)
[Adam] ep=  620  total=2.827e-01  PDE=5.561e-02 [colloc=5.338e-02, cfd=2.234e-03] (w=2.943)  IN=1.472e-02 (w=0.993)  TB=1.122e-02 (w=0.855)  WALL=1.046e-15 (w=0.200)  OUT=4.637e-04 (w=0.200)  DATA=1.997e-02 (w=4.742)  DATA_P=0.000e+00 (w=1.000)
[Adam] ep=  640  total=2.986e-01  PDE=5.953e-02 [colloc=5.739e-02, cfd=2.141e-03] (w=2.974)  IN=1.361e-02 (w=0.974)  TB=1.065e-02 (w=0.825)  WALL=1.105e-15 (w=0.200)  OUT=4.358e-04 (w=0.200)  DATA=2.091e-02 (w=4.754)  DATA_P=0.000e+00 (w=1.000)
[Adam] ep=  660  total=2.557e-01  PDE=5.019e-02 [colloc=4.824e-02, cfd=1.951e-03] (w=2.956)  IN=1.442e-02 (w=0.984)  TB=9.627e-03 (w=0.831)  WALL=9.763e-16 (w=0.200)  OUT=4.378e-04 (w=0.200)  DATA=1.779e-02 (w=4.782)  DATA_P=0.000e+00 (w=1.000)
[Adam] ep=  680  total=2.680e-01  PDE=5.324e-02 [colloc=5.124e-02, cfd=1.995e-03] (w=2.964)  IN=1.435e-02 (w=0.990)  TB=9.794e-03 (w=0.829)  WALL=8.014e-16 (w=0.200)  OUT=3.627e-04 (w=0.200)  DATA=1.854e-02 (w=4.735)  DATA_P=0.000e+00 (w=1.000)
[Adam] ep=  700  total=2.826e-01  PDE=5.297e-02 [colloc=5.077e-02, cfd=2.201e-03] (w=2.961)  IN=1.277e-02 (w=0.973)  TB=9.273e-03 (w=0.803)  WALL=9.770e-16 (w=0.200)  OUT=3.762e-04 (w=0.200)  DATA=2.170e-02 (w=4.876)  DATA_P=0.000e+00 (w=1.000)
[Adam] ep=  720  total=2.526e-01  PDE=4.406e-02 [colloc=4.193e-02, cfd=2.130e-03] (w=2.970)  IN=1.434e-02 (w=0.968)  TB=9.017e-03 (w=0.806)  WALL=5.590e-16 (w=0.200)  OUT=3.577e-04 (w=0.200)  DATA=2.077e-02 (w=4.837)  DATA_P=0.000e+00 (w=1.000)
[Adam] ep=  740  total=2.739e-01  PDE=4.615e-02 [colloc=4.411e-02, cfd=2.040e-03] (w=2.972)  IN=1.445e-02 (w=0.972)  TB=8.216e-03 (w=0.791)  WALL=6.644e-16 (w=0.200)  OUT=3.409e-04 (w=0.200)  DATA=2.389e-02 (w=4.861)  DATA_P=0.000e+00 (w=1.000)
[Adam] ep=  760  total=2.764e-01  PDE=5.886e-02 [colloc=5.667e-02, cfd=2.189e-03] (w=3.007)  IN=1.234e-02 (w=0.967)  TB=8.337e-03 (w=0.781)  WALL=1.129e-15 (w=0.200)  OUT=3.697e-04 (w=0.200)  DATA=1.703e-02 (w=4.751)  DATA_P=0.000e+00 (w=1.000)
[Adam] ep=  780  total=2.689e-01  PDE=5.658e-02 [colloc=5.420e-02, cfd=2.380e-03] (w=2.979)  IN=1.002e-02 (w=0.960)  TB=8.595e-03 (w=0.772)  WALL=1.320e-15 (w=0.200)  OUT=4.712e-04 (w=0.200)  DATA=1.711e-02 (w=4.909)  DATA_P=0.000e+00 (w=1.000)
[Adam] ep=  800  total=2.764e-01  PDE=4.082e-02 [colloc=3.874e-02, cfd=2.084e-03] (w=2.946)  IN=1.775e-02 (w=0.975)  TB=7.829e-03 (w=0.780)  WALL=5.183e-16 (w=0.200)  OUT=4.514e-04 (w=0.200)  DATA=2.663e-02 (w=4.980)  DATA_P=0.000e+00 (w=1.000)
============================================================
Phase 2 — BFGS (1200 total calls, 150 iters/batch)
Adaptive weights are frozen for BFGS stability | method=SSBroyden1
============================================================
[BFGS] full data fitting: 500 CFD points pinned per call
[BFGS] using CUSTOM _optimize._minimize_bfgs (method_bfgs='SSBroyden1')
/oscar/home/jchen790/cylinder flow lab/src/cfp40.py:1430: OptimizeWarning: Unknown solver options: hess, hessp, bounds, constraints, tol
  result = minimize(
Invoked: SSBroyden1 approach!
[BFGS] batch=   1  call=     3  total=2.487e-01  PDE=4.437e-02 [colloc=4.229e-02, cfd=2.082e-03]  WALL=9.052e-16  DATA=1.984e-02
Invoked: SSBroyden1 approach!
[BFGS] batch=   1  call=     5  total=2.468e-01  PDE=4.603e-02 [colloc=4.388e-02, cfd=2.148e-03]  WALL=1.012e-15  DATA=1.857e-02
Invoked: SSBroyden1 approach!
[BFGS] batch=   1  call=     6  total=2.439e-01  PDE=4.454e-02 [colloc=4.237e-02, cfd=2.177e-03]  WALL=1.003e-15  DATA=1.903e-02
Invoked: SSBroyden1 approach!
[BFGS] batch=   1  call=     7  total=2.403e-01  PDE=4.433e-02 [colloc=4.205e-02, cfd=2.285e-03]  WALL=9.216e-16  DATA=1.855e-02
Invoked: SSBroyden1 approach!
[BFGS] batch=   1  call=     9  total=2.389e-01  PDE=4.443e-02 [colloc=4.223e-02, cfd=2.196e-03]  WALL=1.043e-15  DATA=1.837e-02
Invoked: SSBroyden1 approach!
[BFGS] batch=   1  call=    10  total=2.366e-01  PDE=4.370e-02 [colloc=4.154e-02, cfd=2.155e-03]  WALL=9.936e-16  DATA=1.837e-02
Invoked: SSBroyden1 approach!
[BFGS] batch=   1  call=    12  total=2.138e-01  PDE=3.684e-02 [colloc=3.417e-02, cfd=2.664e-03]  WALL=8.106e-16  DATA=1.843e-02
Invoked: SSBroyden1 approach!
[BFGS] batch=   1  call=    14  total=2.055e-01  PDE=3.406e-02 [colloc=3.115e-02, cfd=2.915e-03]  WALL=7.143e-16  DATA=1.848e-02
Invoked: SSBroyden1 approach!
[BFGS] batch=   1  call=    15  total=1.978e-01  PDE=2.907e-02 [colloc=2.623e-02, cfd=2.842e-03]  WALL=6.354e-16  DATA=2.028e-02
Invoked: SSBroyden1 approach!
[BFGS] batch=   1  call=    16  total=1.949e-01  PDE=2.499e-02 [colloc=2.219e-02, cfd=2.805e-03]  WALL=4.980e-16  DATA=2.193e-02
Invoked: SSBroyden1 approach!
[BFGS] batch=   1  call=    17  total=1.912e-01  PDE=2.448e-02 [colloc=2.213e-02, cfd=2.355e-03]  WALL=5.027e-16  DATA=2.157e-02
Invoked: SSBroyden1 approach!
[BFGS] batch=   1  call=    18  total=1.874e-01  PDE=2.637e-02 [colloc=2.403e-02, cfd=2.336e-03]  WALL=5.847e-16  DATA=1.989e-02
Invoked: SSBroyden1 approach!
[BFGS] batch=   1  call=    19  total=1.830e-01  PDE=2.678e-02 [colloc=2.478e-02, cfd=2.001e-03]  WALL=6.185e-16  DATA=1.883e-02
Invoked: SSBroyden1 approach!
[BFGS] batch=   1  call=    20  total=1.823e-01  PDE=3.083e-02 [colloc=2.860e-02, cfd=2.228e-03]  WALL=6.272e-16  DATA=1.663e-02
Invoked: SSBroyden1 approach!
[BFGS] batch=   1  call=    21  total=1.810e-01  PDE=3.111e-02 [colloc=2.887e-02, cfd=2.244e-03]  WALL=6.407e-16  DATA=1.624e-02
Invoked: SSBroyden1 approach!
[BFGS] batch=   1  call=    22  total=1.794e-01  PDE=3.097e-02 [colloc=2.876e-02, cfd=2.219e-03]  WALL=6.403e-16  DATA=1.597e-02
Invoked: SSBroyden1 approach!
[BFGS] batch=   1  call=    23  total=1.773e-01  PDE=2.936e-02 [colloc=2.726e-02, cfd=2.097e-03]  WALL=6.316e-16  DATA=1.630e-02
Invoked: SSBroyden1 approach!
[BFGS] batch=   1  call=    25  total=1.761e-01  PDE=2.952e-02 [colloc=2.753e-02, cfd=1.990e-03]  WALL=6.489e-16  DATA=1.606e-02
Invoked: SSBroyden1 approach!
[BFGS] batch=   1  call=    26  total=1.744e-01  PDE=2.913e-02 [colloc=2.723e-02, cfd=1.901e-03]  WALL=6.511e-16  DATA=1.598e-02
Invoked: SSBroyden1 approach!
[BFGS] batch=   1  call=    27  total=1.730e-01  PDE=2.936e-02 [colloc=2.727e-02, cfd=2.091e-03]  WALL=7.266e-16  DATA=1.556e-02
Invoked: SSBroyden1 approach!
[BFGS] batch=   1  call=    28  total=1.718e-01  PDE=2.930e-02 [colloc=2.714e-02, cfd=2.156e-03]  WALL=7.159e-16  DATA=1.545e-02
Invoked: SSBroyden1 approach!
[BFGS] batch=   1  call=    29  total=1.703e-01  PDE=2.831e-02 [colloc=2.628e-02, cfd=2.038e-03]  WALL=6.407e-16  DATA=1.578e-02
Invoked: SSBroyden1 approach!
[BFGS] batch=   1  call=    30  total=1.685e-01  PDE=2.754e-02 [colloc=2.558e-02, cfd=1.959e-03]  WALL=6.710e-16  DATA=1.590e-02
Invoked: SSBroyden1 approach!
[BFGS] batch=   1  call=    31  total=1.667e-01  PDE=2.624e-02 [colloc=2.452e-02, cfd=1.719e-03]  WALL=6.927e-16  DATA=1.643e-02
Invoked: SSBroyden1 approach!
[BFGS] batch=   1  call=    33  total=1.660e-01  PDE=2.575e-02 [colloc=2.410e-02, cfd=1.646e-03]  WALL=6.807e-16  DATA=1.655e-02
Invoked: SSBroyden1 approach!
[BFGS] batch=   1  call=    34  total=1.649e-01  PDE=2.560e-02 [colloc=2.397e-02, cfd=1.631e-03]  WALL=6.901e-16  DATA=1.645e-02
Invoked: SSBroyden1 approach!
[BFGS] batch=   1  call=    35  total=1.631e-01  PDE=2.509e-02 [colloc=2.342e-02, cfd=1.677e-03]  WALL=6.913e-16  DATA=1.646e-02
Invoked: SSBroyden1 approach!
[BFGS] batch=   1  call=    36  total=1.609e-01  PDE=2.491e-02 [colloc=2.328e-02, cfd=1.629e-03]  WALL=7.307e-16  DATA=1.621e-02
Invoked: SSBroyden1 approach!
[BFGS] batch=   1  call=    37  total=1.590e-01  PDE=2.351e-02 [colloc=2.180e-02, cfd=1.715e-03]  WALL=7.336e-16  DATA=1.662e-02
Invoked: SSBroyden1 approach!
[BFGS] batch=   1  call=    39  total=1.580e-01  PDE=2.259e-02 [colloc=2.080e-02, cfd=1.795e-03]  WALL=6.727e-16  DATA=1.693e-02
Invoked: SSBroyden1 approach!
[BFGS] batch=   1  call=    40  total=1.568e-01  PDE=2.318e-02 [colloc=2.132e-02, cfd=1.863e-03]  WALL=7.134e-16  DATA=1.641e-02
Invoked: SSBroyden1 approach!
[BFGS] batch=   1  call=    41  total=1.557e-01  PDE=2.355e-02 [colloc=2.165e-02, cfd=1.903e-03]  WALL=6.910e-16  DATA=1.614e-02
Invoked: SSBroyden1 approach!
[BFGS] batch=   1  call=    42  total=1.541e-01  PDE=2.419e-02 [colloc=2.225e-02, cfd=1.937e-03]  WALL=7.164e-16  DATA=1.556e-02
Invoked: SSBroyden1 approach!
[BFGS] batch=   1  call=    44  total=1.533e-01  PDE=2.419e-02 [colloc=2.225e-02, cfd=1.939e-03]  WALL=6.858e-16  DATA=1.543e-02
Invoked: SSBroyden1 approach!
[BFGS] batch=   1  call=    45  total=1.520e-01  PDE=2.440e-02 [colloc=2.244e-02, cfd=1.961e-03]  WALL=6.964e-16  DATA=1.512e-02
Invoked: SSBroyden1 approach!
[BFGS] batch=   1  call=    46  total=1.503e-01  PDE=2.452e-02 [colloc=2.264e-02, cfd=1.878e-03]  WALL=7.026e-16  DATA=1.473e-02
Invoked: SSBroyden1 approach!
[BFGS] batch=   1  call=    47  total=1.482e-01  PDE=2.418e-02 [colloc=2.251e-02, cfd=1.671e-03]  WALL=6.879e-16  DATA=1.449e-02
Invoked: SSBroyden1 approach!
[BFGS] batch=   1  call=    48  total=1.458e-01  PDE=2.425e-02 [colloc=2.254e-02, cfd=1.704e-03]  WALL=7.734e-16  DATA=1.396e-02
Invoked: SSBroyden1 approach!
[BFGS] batch=   1  call=    50  total=1.446e-01  PDE=2.369e-02 [colloc=2.198e-02, cfd=1.710e-03]  WALL=7.487e-16  DATA=1.404e-02
Invoked: SSBroyden1 approach!
[BFGS] batch=   1  call=    51  total=1.433e-01  PDE=2.316e-02 [colloc=2.146e-02, cfd=1.695e-03]  WALL=7.198e-16  DATA=1.406e-02
Invoked: SSBroyden1 approach!
[BFGS] batch=   1  call=    52  total=1.415e-01  PDE=2.315e-02 [colloc=2.138e-02, cfd=1.774e-03]  WALL=7.238e-16  DATA=1.368e-02
Invoked: SSBroyden1 approach!
[BFGS] batch=   1  call=    53  total=1.392e-01  PDE=2.269e-02 [colloc=2.078e-02, cfd=1.911e-03]  WALL=7.263e-16  DATA=1.343e-02
Invoked: SSBroyden1 approach!
[BFGS] batch=   1  call=    54  total=1.369e-01  PDE=2.226e-02 [colloc=2.021e-02, cfd=2.042e-03]  WALL=7.377e-16  DATA=1.315e-02
Invoked: SSBroyden1 approach!
[BFGS] batch=   1  call=    56  total=1.356e-01  PDE=2.113e-02 [colloc=1.914e-02, cfd=1.996e-03]  WALL=6.736e-16  DATA=1.356e-02
Invoked: SSBroyden1 approach!
[BFGS] batch=   1  call=    57  total=1.343e-01  PDE=2.138e-02 [colloc=1.937e-02, cfd=2.011e-03]  WALL=7.284e-16  DATA=1.319e-02
Invoked: SSBroyden1 approach!
[BFGS] batch=   1  call=    58  total=1.323e-01  PDE=2.096e-02 [colloc=1.881e-02, cfd=2.145e-03]  WALL=7.128e-16  DATA=1.307e-02
Invoked: SSBroyden1 approach!
[BFGS] batch=   1  call=    59  total=1.315e-01  PDE=2.094e-02 [colloc=1.865e-02, cfd=2.288e-03]  WALL=7.204e-16  DATA=1.281e-02
Invoked: SSBroyden1 approach!
[BFGS] batch=   1  call=    60  total=1.299e-01  PDE=2.010e-02 [colloc=1.784e-02, cfd=2.265e-03]  WALL=6.660e-16  DATA=1.299e-02
Invoked: SSBroyden1 approach!
[BFGS] batch=   1  call=    61  total=1.281e-01  PDE=2.036e-02 [colloc=1.802e-02, cfd=2.341e-03]  WALL=6.692e-16  DATA=1.245e-02
Invoked: SSBroyden1 approach!
[BFGS] batch=   1  call=    62  total=1.273e-01  PDE=2.090e-02 [colloc=1.846e-02, cfd=2.439e-03]  WALL=6.759e-16  DATA=1.201e-02
Invoked: SSBroyden1 approach!
[BFGS] batch=   1  call=    63  total=1.263e-01  PDE=2.060e-02 [colloc=1.820e-02, cfd=2.403e-03]  WALL=6.613e-16  DATA=1.201e-02
Invoked: SSBroyden1 approach!
[BFGS] batch=   1  call=    64  total=1.248e-01  PDE=1.944e-02 [colloc=1.704e-02, cfd=2.397e-03]  WALL=6.111e-16  DATA=1.244e-02
Invoked: SSBroyden1 approach!
[BFGS] batch=   1  call=    65  total=1.224e-01  PDE=1.820e-02 [colloc=1.589e-02, cfd=2.309e-03]  WALL=5.756e-16  DATA=1.268e-02
Invoked: SSBroyden1 approach!
[BFGS] batch=   1  call=    67  total=1.209e-01  PDE=1.781e-02 [colloc=1.562e-02, cfd=2.190e-03]  WALL=5.825e-16  DATA=1.255e-02
Invoked: SSBroyden1 approach!
[BFGS] batch=   1  call=    68  total=1.189e-01  PDE=1.736e-02 [colloc=1.528e-02, cfd=2.083e-03]  WALL=5.944e-16  DATA=1.235e-02
Invoked: SSBroyden1 approach!
[BFGS] batch=   1  call=    69  total=1.165e-01  PDE=1.707e-02 [colloc=1.520e-02, cfd=1.870e-03]  WALL=6.333e-16  DATA=1.196e-02
Invoked: SSBroyden1 approach!
[BFGS] batch=   1  call=    70  total=1.152e-01  PDE=1.831e-02 [colloc=1.647e-02, cfd=1.837e-03]  WALL=5.917e-16  DATA=1.098e-02
Invoked: SSBroyden1 approach!
[BFGS] batch=   1  call=    71  total=1.133e-01  PDE=1.800e-02 [colloc=1.609e-02, cfd=1.902e-03]  WALL=6.113e-16  DATA=1.088e-02
Invoked: SSBroyden1 approach!
[BFGS] batch=   1  call=    72  total=1.109e-01  PDE=1.686e-02 [colloc=1.517e-02, cfd=1.685e-03]  WALL=6.100e-16  DATA=1.115e-02
Invoked: SSBroyden1 approach!
[BFGS] batch=   1  call=    74  total=1.099e-01  PDE=1.707e-02 [colloc=1.543e-02, cfd=1.639e-03]  WALL=6.538e-16  DATA=1.085e-02
Invoked: SSBroyden1 approach!
[BFGS] batch=   1  call=    75  total=1.087e-01  PDE=1.715e-02 [colloc=1.556e-02, cfd=1.589e-03]  WALL=6.855e-16  DATA=1.063e-02
Invoked: SSBroyden1 approach!
[BFGS] batch=   1  call=    76  total=1.075e-01  PDE=1.699e-02 [colloc=1.537e-02, cfd=1.615e-03]  WALL=7.168e-16  DATA=1.052e-02
Invoked: SSBroyden1 approach!
[BFGS] batch=   1  call=    77  total=1.057e-01  PDE=1.641e-02 [colloc=1.494e-02, cfd=1.466e-03]  WALL=7.182e-16  DATA=1.055e-02
Invoked: SSBroyden1 approach!
[BFGS] batch=   1  call=    78  total=1.031e-01  PDE=1.660e-02 [colloc=1.528e-02, cfd=1.320e-03]  WALL=7.097e-16  DATA=1.010e-02
Invoked: SSBroyden1 approach!
[BFGS] batch=   1  call=    80  total=1.015e-01  PDE=1.651e-02 [colloc=1.522e-02, cfd=1.290e-03]  WALL=6.992e-16  DATA=9.867e-03
Invoked: SSBroyden1 approach!
[BFGS] batch=   1  call=    81  total=9.993e-02  PDE=1.682e-02 [colloc=1.546e-02, cfd=1.359e-03]  WALL=7.345e-16  DATA=9.397e-03
Invoked: SSBroyden1 approach!
[BFGS] batch=   1  call=    83  total=9.928e-02  PDE=1.633e-02 [colloc=1.497e-02, cfd=1.356e-03]  WALL=6.900e-16  DATA=9.567e-03
Invoked: SSBroyden1 approach!
[BFGS] batch=   1  call=    84  total=9.858e-02  PDE=1.695e-02 [colloc=1.560e-02, cfd=1.353e-03]  WALL=7.296e-16  DATA=9.090e-03
Invoked: SSBroyden1 approach!
[BFGS] batch=   1  call=    85  total=9.819e-02  PDE=1.640e-02 [colloc=1.509e-02, cfd=1.305e-03]  WALL=6.613e-16  DATA=9.321e-03
Invoked: SSBroyden1 approach!
[BFGS] batch=   1  call=    86  total=9.747e-02  PDE=1.633e-02 [colloc=1.507e-02, cfd=1.257e-03]  WALL=6.739e-16  DATA=9.218e-03
Invoked: SSBroyden1 approach!
[BFGS] batch=   1  call=    87  total=9.641e-02  PDE=1.603e-02 [colloc=1.480e-02, cfd=1.232e-03]  WALL=6.579e-16  DATA=9.170e-03
Invoked: SSBroyden1 approach!
[BFGS] batch=   1  call=    88  total=9.471e-02  PDE=1.609e-02 [colloc=1.491e-02, cfd=1.183e-03]  WALL=7.027e-16  DATA=8.820e-03
Invoked: SSBroyden1 approach!
[BFGS] batch=   1  call=    89  total=9.313e-02  PDE=1.615e-02 [colloc=1.496e-02, cfd=1.183e-03]  WALL=7.410e-16  DATA=8.403e-03
Invoked: SSBroyden1 approach!
[BFGS] batch=   1  call=    91  total=9.217e-02  PDE=1.688e-02 [colloc=1.569e-02, cfd=1.185e-03]  WALL=7.918e-16  DATA=7.788e-03
Invoked: SSBroyden1 approach!
[BFGS] batch=   1  call=    92  total=9.108e-02  PDE=1.669e-02 [colloc=1.549e-02, cfd=1.205e-03]  WALL=8.199e-16  DATA=7.625e-03
Invoked: SSBroyden1 approach!
[BFGS] batch=   1  call=    93  total=8.969e-02  PDE=1.602e-02 [colloc=1.479e-02, cfd=1.235e-03]  WALL=7.985e-16  DATA=7.688e-03
Invoked: SSBroyden1 approach!
[BFGS] batch=   1  call=    94  total=8.859e-02  PDE=1.553e-02 [colloc=1.427e-02, cfd=1.263e-03]  WALL=7.594e-16  DATA=7.779e-03
Invoked: SSBroyden1 approach!
[BFGS] batch=   1  call=    95  total=8.762e-02  PDE=1.572e-02 [colloc=1.446e-02, cfd=1.260e-03]  WALL=8.026e-16  DATA=7.495e-03
Invoked: SSBroyden1 approach!
[BFGS] batch=   1  call=    96  total=8.657e-02  PDE=1.577e-02 [colloc=1.449e-02, cfd=1.280e-03]  WALL=8.845e-16  DATA=7.254e-03
Invoked: SSBroyden1 approach!
[BFGS] batch=   1  call=    97  total=8.540e-02  PDE=1.540e-02 [colloc=1.405e-02, cfd=1.342e-03]  WALL=8.707e-16  DATA=7.243e-03
Invoked: SSBroyden1 approach!
[BFGS] batch=   1  call=    98  total=8.387e-02  PDE=1.506e-02 [colloc=1.380e-02, cfd=1.257e-03]  WALL=8.918e-16  DATA=7.138e-03
Invoked: SSBroyden1 approach!
[BFGS] batch=   1  call=    99  total=8.274e-02  PDE=1.508e-02 [colloc=1.388e-02, cfd=1.206e-03]  WALL=9.438e-16  DATA=6.917e-03
Invoked: SSBroyden1 approach!
[BFGS] batch=   1  call=   100  total=8.130e-02  PDE=1.408e-02 [colloc=1.286e-02, cfd=1.220e-03]  WALL=9.142e-16  DATA=7.217e-03
Invoked: SSBroyden1 approach!
[BFGS] batch=   1  call=   101  total=7.926e-02  PDE=1.394e-02 [colloc=1.276e-02, cfd=1.176e-03]  WALL=9.779e-16  DATA=6.944e-03
Invoked: SSBroyden1 approach!
[BFGS] batch=   1  call=   102  total=7.812e-02  PDE=1.437e-02 [colloc=1.324e-02, cfd=1.128e-03]  WALL=9.867e-16  DATA=6.446e-03
Invoked: SSBroyden1 approach!
[BFGS] batch=   1  call=   103  total=7.661e-02  PDE=1.393e-02 [colloc=1.279e-02, cfd=1.134e-03]  WALL=9.710e-16  DATA=6.375e-03
Invoked: SSBroyden1 approach!
[BFGS] batch=   1  call=   104  total=7.509e-02  PDE=1.382e-02 [colloc=1.269e-02, cfd=1.135e-03]  WALL=1.070e-15  DATA=6.119e-03
Invoked: SSBroyden1 approach!
[BFGS] batch=   1  call=   105  total=7.363e-02  PDE=1.342e-02 [colloc=1.221e-02, cfd=1.208e-03]  WALL=1.091e-15  DATA=6.019e-03
Invoked: SSBroyden1 approach!
[BFGS] batch=   1  call=   106  total=7.224e-02  PDE=1.303e-02 [colloc=1.182e-02, cfd=1.206e-03]  WALL=1.038e-15  DATA=5.955e-03
Invoked: SSBroyden1 approach!
[BFGS] batch=   1  call=   107  total=7.037e-02  PDE=1.311e-02 [colloc=1.187e-02, cfd=1.247e-03]  WALL=1.118e-15  DATA=5.553e-03
Invoked: SSBroyden1 approach!
[BFGS] batch=   1  call=   108  total=6.851e-02  PDE=1.242e-02 [colloc=1.111e-02, cfd=1.314e-03]  WALL=1.098e-15  DATA=5.659e-03
Invoked: SSBroyden1 approach!
[BFGS] batch=   1  call=   109  total=6.686e-02  PDE=1.319e-02 [colloc=1.178e-02, cfd=1.408e-03]  WALL=1.254e-15  DATA=4.901e-03
Invoked: SSBroyden1 approach!
[BFGS] batch=   1  call=   110  total=6.508e-02  PDE=1.323e-02 [colloc=1.176e-02, cfd=1.475e-03]  WALL=1.335e-15  DATA=4.558e-03
Invoked: SSBroyden1 approach!
[BFGS] batch=   1  call=   111  total=6.268e-02  PDE=1.265e-02 [colloc=1.119e-02, cfd=1.454e-03]  WALL=1.343e-15  DATA=4.430e-03
Invoked: SSBroyden1 approach!
[BFGS] batch=   1  call=   112  total=6.039e-02  PDE=1.219e-02 [colloc=1.081e-02, cfd=1.385e-03]  WALL=1.500e-15  DATA=4.168e-03
Invoked: SSBroyden1 approach!
[BFGS] batch=   1  call=   113  total=5.863e-02  PDE=1.283e-02 [colloc=1.131e-02, cfd=1.523e-03]  WALL=1.617e-15  DATA=3.476e-03
Invoked: SSBroyden1 approach!
[BFGS] batch=   1  call=   114  total=5.677e-02  PDE=1.203e-02 [colloc=1.052e-02, cfd=1.511e-03]  WALL=1.564e-15  DATA=3.576e-03
Invoked: SSBroyden1 approach!
[BFGS] batch=   1  call=   115  total=5.508e-02  PDE=1.214e-02 [colloc=1.065e-02, cfd=1.490e-03]  WALL=1.608e-15  DATA=3.197e-03
Invoked: SSBroyden1 approach!
[BFGS] batch=   1  call=   116  total=5.326e-02  PDE=1.134e-02 [colloc=9.831e-03, cfd=1.512e-03]  WALL=1.684e-15  DATA=3.300e-03
Invoked: SSBroyden1 approach!
[BFGS] batch=   1  call=   117  total=5.083e-02  PDE=1.045e-02 [colloc=8.955e-03, cfd=1.495e-03]  WALL=1.651e-15  DATA=3.338e-03
Invoked: SSBroyden1 approach!
[BFGS] batch=   1  call=   118  total=4.859e-02  PDE=1.005e-02 [colloc=8.654e-03, cfd=1.392e-03]  WALL=1.820e-15  DATA=3.101e-03
Invoked: SSBroyden1 approach!
[BFGS] batch=   1  call=   119  total=4.759e-02  PDE=9.685e-03 [colloc=8.312e-03, cfd=1.373e-03]  WALL=1.781e-15  DATA=3.115e-03
Invoked: SSBroyden1 approach!
[BFGS] batch=   1  call=   120  total=4.612e-02  PDE=9.245e-03 [colloc=7.908e-03, cfd=1.337e-03]  WALL=1.781e-15  DATA=3.099e-03
Invoked: SSBroyden1 approach!
[BFGS] batch=   1  call=   121  total=4.443e-02  PDE=8.995e-03 [colloc=7.688e-03, cfd=1.306e-03]  WALL=1.840e-15  DATA=2.938e-03
Invoked: SSBroyden1 approach!
[BFGS] batch=   1  call=   122  total=4.242e-02  PDE=8.492e-03 [colloc=7.238e-03, cfd=1.255e-03]  WALL=1.900e-15  DATA=2.810e-03
Invoked: SSBroyden1 approach!
[BFGS] batch=   1  call=   124  total=4.131e-02  PDE=8.232e-03 [colloc=6.965e-03, cfd=1.267e-03]  WALL=1.855e-15  DATA=2.744e-03
Invoked: SSBroyden1 approach!
[BFGS] batch=   1  call=   125  total=4.016e-02  PDE=8.136e-03 [colloc=6.883e-03, cfd=1.253e-03]  WALL=1.830e-15  DATA=2.591e-03
Invoked: SSBroyden1 approach!
[BFGS] batch=   1  call=   126  total=3.861e-02  PDE=7.863e-03 [colloc=6.673e-03, cfd=1.190e-03]  WALL=1.905e-15  DATA=2.474e-03
Invoked: SSBroyden1 approach!
[BFGS] batch=   1  call=   127  total=3.719e-02  PDE=7.257e-03 [colloc=6.150e-03, cfd=1.106e-03]  WALL=1.823e-15  DATA=2.553e-03
Invoked: SSBroyden1 approach!
[BFGS] batch=   1  call=   128  total=3.544e-02  PDE=7.078e-03 [colloc=5.968e-03, cfd=1.111e-03]  WALL=1.937e-15  DATA=2.325e-03
Invoked: SSBroyden1 approach!
[BFGS] batch=   1  call=   129  total=3.359e-02  PDE=6.645e-03 [colloc=5.611e-03, cfd=1.034e-03]  WALL=2.054e-15  DATA=2.164e-03
Invoked: SSBroyden1 approach!
[BFGS] batch=   1  call=   130  total=3.147e-02  PDE=6.329e-03 [colloc=5.327e-03, cfd=1.003e-03]  WALL=2.146e-15  DATA=1.920e-03
Invoked: SSBroyden1 approach!
[BFGS] batch=   1  call=   132  total=3.018e-02  PDE=6.242e-03 [colloc=5.312e-03, cfd=9.299e-04]  WALL=2.296e-15  DATA=1.758e-03
Invoked: SSBroyden1 approach!
[BFGS] batch=   1  call=   133  total=2.905e-02  PDE=5.778e-03 [colloc=4.907e-03, cfd=8.710e-04]  WALL=2.254e-15  DATA=1.801e-03
Invoked: SSBroyden1 approach!
[BFGS] batch=   1  call=   134  total=2.786e-02  PDE=5.446e-03 [colloc=4.632e-03, cfd=8.146e-04]  WALL=2.346e-15  DATA=1.804e-03
Invoked: SSBroyden1 approach!
[BFGS] batch=   1  call=   135  total=2.632e-02  PDE=5.168e-03 [colloc=4.394e-03, cfd=7.742e-04]  WALL=2.407e-15  DATA=1.683e-03
Invoked: SSBroyden1 approach!
[BFGS] batch=   1  call=   136  total=2.535e-02  PDE=5.027e-03 [colloc=4.317e-03, cfd=7.100e-04]  WALL=2.410e-15  DATA=1.559e-03
Invoked: SSBroyden1 approach!
[BFGS] batch=   1  call=   137  total=2.434e-02  PDE=4.951e-03 [colloc=4.249e-03, cfd=7.016e-04]  WALL=2.506e-15  DATA=1.425e-03
Invoked: SSBroyden1 approach!
[BFGS] batch=   1  call=   138  total=2.315e-02  PDE=4.667e-03 [colloc=3.992e-03, cfd=6.752e-04]  WALL=2.514e-15  DATA=1.347e-03
Invoked: SSBroyden1 approach!
[BFGS] batch=   1  call=   139  total=2.193e-02  PDE=4.478e-03 [colloc=3.843e-03, cfd=6.346e-04]  WALL=2.546e-15  DATA=1.226e-03
Invoked: SSBroyden1 approach!
[BFGS] batch=   1  call=   140  total=2.068e-02  PDE=4.033e-03 [colloc=3.427e-03, cfd=6.057e-04]  WALL=2.551e-15  DATA=1.233e-03
Invoked: SSBroyden1 approach!
[BFGS] batch=   1  call=   141  total=2.024e-02  PDE=4.227e-03 [colloc=3.623e-03, cfd=6.047e-04]  WALL=2.742e-15  DATA=1.059e-03
Invoked: SSBroyden1 approach!
[BFGS] batch=   1  call=   142  total=1.954e-02  PDE=4.108e-03 [colloc=3.507e-03, cfd=6.012e-04]  WALL=2.741e-15  DATA=9.894e-04
Invoked: SSBroyden1 approach!
[BFGS] batch=   1  call=   143  total=1.869e-02  PDE=3.817e-03 [colloc=3.233e-03, cfd=5.842e-04]  WALL=2.775e-15  DATA=9.897e-04
Invoked: SSBroyden1 approach!
[BFGS] batch=   1  call=   144  total=1.771e-02  PDE=3.627e-03 [colloc=3.017e-03, cfd=6.094e-04]  WALL=2.762e-15  DATA=9.273e-04
Invoked: SSBroyden1 approach!
[BFGS] batch=   1  call=   145  total=1.726e-02  PDE=3.729e-03 [colloc=3.141e-03, cfd=5.879e-04]  WALL=2.664e-15  DATA=8.048e-04
Invoked: SSBroyden1 approach!
[BFGS] batch=   1  call=   146  total=1.659e-02  PDE=3.545e-03 [colloc=2.979e-03, cfd=5.658e-04]  WALL=2.707e-15  DATA=7.877e-04
Invoked: SSBroyden1 approach!
[BFGS] batch=   1  call=   147  total=1.586e-02  PDE=3.313e-03 [colloc=2.775e-03, cfd=5.378e-04]  WALL=2.701e-15  DATA=7.720e-04
Invoked: SSBroyden1 approach!
[BFGS] batch=   1  call=   148  total=1.509e-02  PDE=3.273e-03 [colloc=2.746e-03, cfd=5.266e-04]  WALL=2.774e-15  DATA=6.681e-04
Invoked: SSBroyden1 approach!
[BFGS] batch=   1  call=   149  total=1.457e-02  PDE=3.185e-03 [colloc=2.689e-03, cfd=4.967e-04]  WALL=2.799e-15  DATA=5.959e-04
Invoked: SSBroyden1 approach!
[BFGS] batch=   1  call=   150  total=1.404e-02  PDE=3.042e-03 [colloc=2.583e-03, cfd=4.588e-04]  WALL=2.800e-15  DATA=5.816e-04
Invoked: SSBroyden1 approach!
[BFGS] batch=   1  call=   151  total=1.342e-02  PDE=2.854e-03 [colloc=2.425e-03, cfd=4.292e-04]  WALL=2.820e-15  DATA=5.643e-04
Invoked: SSBroyden1 approach!
[BFGS] batch=   1  call=   152  total=1.314e-02  PDE=2.775e-03 [colloc=2.355e-03, cfd=4.202e-04]  WALL=2.906e-15  DATA=5.291e-04
Invoked: SSBroyden1 approach!
[BFGS] batch=   1  call=   153  total=1.273e-02  PDE=2.634e-03 [colloc=2.231e-03, cfd=4.033e-04]  WALL=2.885e-15  DATA=5.310e-04
Invoked: SSBroyden1 approach!
[BFGS] batch=   1  call=   154  total=1.224e-02  PDE=2.537e-03 [colloc=2.164e-03, cfd=3.730e-04]  WALL=2.927e-15  DATA=5.001e-04
Invoked: SSBroyden1 approach!
[BFGS] batch=   1  call=   155  total=1.189e-02  PDE=2.475e-03 [colloc=2.125e-03, cfd=3.496e-04]  WALL=2.935e-15  DATA=4.816e-04
Invoked: SSBroyden1 approach!
[BFGS] batch=   1  call=   156  total=1.149e-02  PDE=2.353e-03 [colloc=2.028e-03, cfd=3.247e-04]  WALL=2.892e-15  DATA=4.953e-04
Invoked: SSBroyden1 approach!
[BFGS] batch=   1  call=   157  total=1.129e-02  PDE=2.307e-03 [colloc=2.003e-03, cfd=3.034e-04]  WALL=2.942e-15  DATA=4.950e-04
Invoked: SSBroyden1 approach!
[BFGS] batch=   1  call=   158  total=1.105e-02  PDE=2.228e-03 [colloc=1.944e-03, cfd=2.844e-04]  WALL=2.922e-15  DATA=4.986e-04
Invoked: SSBroyden1 approach!
[BFGS] batch=   1  call=   159  total=1.076e-02  PDE=2.193e-03 [colloc=1.918e-03, cfd=2.750e-04]  WALL=2.932e-15  DATA=4.779e-04
Invoked: SSBroyden1 approach!
[BFGS] batch=   1  call=   160  total=1.047e-02  PDE=2.121e-03 [colloc=1.849e-03, cfd=2.722e-04]  WALL=2.869e-15  DATA=4.552e-04
Invoked: SSBroyden1 approach!
[BFGS] batch=   1  call=   161  total=1.029e-02  PDE=2.080e-03 [colloc=1.822e-03, cfd=2.582e-04]  WALL=2.913e-15  DATA=4.475e-04
Invoked: SSBroyden1 approach!
[BFGS] batch=   1  call=   162  total=9.988e-03  PDE=2.017e-03 [colloc=1.771e-03, cfd=2.454e-04]  WALL=2.906e-15  DATA=4.364e-04
Invoked: SSBroyden1 approach!
[BFGS] batch=   1  call=   163  total=9.797e-03  PDE=1.946e-03 [colloc=1.713e-03, cfd=2.324e-04]  WALL=2.870e-15  DATA=4.386e-04
Invoked: SSBroyden1 approach!
[BFGS] batch=   1  call=   164  total=9.568e-03  PDE=1.888e-03 [colloc=1.660e-03, cfd=2.275e-04]  WALL=2.902e-15  DATA=4.261e-04
Invoked: SSBroyden1 approach!
[BFGS] batch=   1  call=   165  total=9.246e-03  PDE=1.839e-03 [colloc=1.622e-03, cfd=2.168e-04]  WALL=2.917e-15  DATA=4.051e-04
Invoked: SSBroyden1 approach!
[BFGS] batch=   1  call=   166  total=9.215e-03  PDE=1.866e-03 [colloc=1.643e-03, cfd=2.233e-04]  WALL=2.956e-15  DATA=3.954e-04
Invoked: SSBroyden1 approach!
[BFGS] batch=   1  call=   167  total=9.155e-03  PDE=1.853e-03 [colloc=1.633e-03, cfd=2.199e-04]  WALL=2.966e-15  DATA=3.924e-04
Invoked: SSBroyden1 approach!
[BFGS] batch=   1  call=   168  total=9.048e-03  PDE=1.826e-03 [colloc=1.610e-03, cfd=2.156e-04]  WALL=2.976e-15  DATA=3.877e-04
Invoked: SSBroyden1 approach!
[BFGS] batch=   1  call=   169  total=8.854e-03  PDE=1.792e-03 [colloc=1.587e-03, cfd=2.054e-04]  WALL=3.007e-15  DATA=3.724e-04
[BFGS] batch 1: H0 not PD — resetting to identity.
[BFGS-END] batch=   1  last_total=8.854e-03  last_PDE=1.792e-03 [colloc=1.587e-03, cfd=2.054e-04]  last_WALL=3.007e-15  last_DATA=3.724e-04
Invoked: SSBroyden1 approach!
[BFGS] batch=   2  call=   173  total=8.828e-03  PDE=1.787e-03 [colloc=1.583e-03, cfd=2.042e-04]  WALL=3.017e-15  DATA=3.720e-04
Invoked: SSBroyden1 approach!
[BFGS] batch=   2  call=   175  total=8.823e-03  PDE=1.783e-03 [colloc=1.580e-03, cfd=2.037e-04]  WALL=3.018e-15  DATA=3.723e-04
[BFGS-END] batch=   2  last_total=8.776e-03  last_PDE=1.779e-03 [colloc=1.576e-03, cfd=2.033e-04]  last_WALL=3.019e-15  last_DATA=3.726e-04
/oscar/home/jchen790/cylinder flow lab/src/cfp40.py:1430: OptimizeWarning: Unknown solver options: hess, hessp, bounds, constraints, tol
  result = minimize(
Invoked: SSBroyden1 approach!
[BFGS] batch=   3  call=   196  total=8.759e-03  PDE=1.739e-03 [colloc=1.541e-03, cfd=1.988e-04]  WALL=3.021e-15  DATA=3.806e-04
Invoked: SSBroyden1 approach!
[BFGS] batch=   3  call=   198  total=8.748e-03  PDE=1.730e-03 [colloc=1.533e-03, cfd=1.969e-04]  WALL=3.004e-15  DATA=3.810e-04
Invoked: SSBroyden1 approach!
[BFGS] batch=   3  call=   199  total=8.735e-03  PDE=1.729e-03 [colloc=1.532e-03, cfd=1.961e-04]  WALL=3.017e-15  DATA=3.788e-04
Invoked: SSBroyden1 approach!
[BFGS] batch=   3  call=   200  total=8.686e-03  PDE=1.727e-03 [colloc=1.532e-03, cfd=1.949e-04]  WALL=3.016e-15  DATA=3.748e-04
Invoked: SSBroyden1 approach!
[BFGS] batch=   3  call=   201  total=8.684e-03  PDE=1.705e-03 [colloc=1.515e-03, cfd=1.901e-04]  WALL=2.996e-15  DATA=3.816e-04
Invoked: SSBroyden1 approach!
[BFGS] batch=   3  call=   207  total=8.642e-03  PDE=1.705e-03 [colloc=1.516e-03, cfd=1.900e-04]  WALL=2.996e-15  DATA=3.809e-04
Invoked: SSBroyden1 approach!
[BFGS] batch=   3  call=   208  total=8.634e-03  PDE=1.709e-03 [colloc=1.518e-03, cfd=1.908e-04]  WALL=3.010e-15  DATA=3.755e-04
[BFGS-END] batch=   3  last_total=8.638e-03  last_PDE=1.709e-03 [colloc=1.518e-03, cfd=1.908e-04]  last_WALL=3.010e-15  last_DATA=3.754e-04
/oscar/home/jchen790/cylinder flow lab/src/cfp40.py:1430: OptimizeWarning: Unknown solver options: hess, hessp, bounds, constraints, tol
  result = minimize(
Invoked: SSBroyden1 approach!
[BFGS] batch=   4  call=   229  total=8.578e-03  PDE=1.710e-03 [colloc=1.519e-03, cfd=1.909e-04]  WALL=3.016e-15  DATA=3.726e-04
[BFGS-END] batch=   4  last_total=8.651e-03  last_PDE=1.710e-03 [colloc=1.519e-03, cfd=1.909e-04]  last_WALL=3.016e-15  last_DATA=3.726e-04
/oscar/home/jchen790/cylinder flow lab/src/cfp40.py:1430: OptimizeWarning: Unknown solver options: hess, hessp, bounds, constraints, tol
  result = minimize(
Invoked: SSBroyden1 approach!
[BFGS] batch=   5  call=   252  total=8.605e-03  PDE=1.707e-03 [colloc=1.517e-03, cfd=1.909e-04]  WALL=3.014e-15  DATA=3.672e-04
Invoked: SSBroyden1 approach!
[BFGS] batch=   5  call=   253  total=8.600e-03  PDE=1.702e-03 [colloc=1.511e-03, cfd=1.912e-04]  WALL=3.005e-15  DATA=3.667e-04
Invoked: SSBroyden1 approach!
[BFGS] batch=   5  call=   254  total=8.572e-03  PDE=1.698e-03 [colloc=1.507e-03, cfd=1.906e-04]  WALL=3.005e-15  DATA=3.667e-04
Invoked: SSBroyden1 approach!
[BFGS] batch=   5  call=   255  total=8.548e-03  PDE=1.686e-03 [colloc=1.501e-03, cfd=1.850e-04]  WALL=3.008e-15  DATA=3.642e-04
Invoked: SSBroyden1 approach!
[BFGS] batch=   5  call=   256  total=8.529e-03  PDE=1.669e-03 [colloc=1.488e-03, cfd=1.811e-04]  WALL=3.007e-15  DATA=3.663e-04
Invoked: SSBroyden1 approach!
[BFGS] batch=   5  call=   257  total=8.528e-03  PDE=1.659e-03 [colloc=1.481e-03, cfd=1.780e-04]  WALL=3.007e-15  DATA=3.645e-04
Invoked: SSBroyden1 approach!
[BFGS] batch=   5  call=   260  total=8.440e-03  PDE=1.652e-03 [colloc=1.476e-03, cfd=1.758e-04]  WALL=3.013e-15  DATA=3.632e-04
Invoked: SSBroyden1 approach!
[BFGS] batch=   5  call=   261  total=8.368e-03  PDE=1.632e-03 [colloc=1.457e-03, cfd=1.754e-04]  WALL=3.012e-15  DATA=3.600e-04
Invoked: SSBroyden1 approach!
[BFGS] batch=   5  call=   262  total=8.330e-03  PDE=1.618e-03 [colloc=1.448e-03, cfd=1.705e-04]  WALL=3.010e-15  DATA=3.601e-04
Invoked: SSBroyden1 approach!
[BFGS] batch=   5  call=   263  total=8.324e-03  PDE=1.609e-03 [colloc=1.436e-03, cfd=1.736e-04]  WALL=3.009e-15  DATA=3.593e-04
Invoked: SSBroyden1 approach!
[BFGS] batch=   5  call=   264  total=8.255e-03  PDE=1.606e-03 [colloc=1.434e-03, cfd=1.722e-04]  WALL=3.009e-15  DATA=3.585e-04
Invoked: SSBroyden1 approach!
[BFGS] batch=   5  call=   265  total=8.217e-03  PDE=1.599e-03 [colloc=1.437e-03, cfd=1.616e-04]  WALL=3.015e-15  DATA=3.508e-04
Invoked: SSBroyden1 approach!
[BFGS] batch=   5  call=   267  total=8.212e-03  PDE=1.594e-03 [colloc=1.434e-03, cfd=1.601e-04]  WALL=3.014e-15  DATA=3.480e-04
Invoked: SSBroyden1 approach!
[BFGS] batch=   5  call=   268  total=8.194e-03  PDE=1.592e-03 [colloc=1.432e-03, cfd=1.596e-04]  WALL=3.016e-15  DATA=3.470e-04
Invoked: SSBroyden1 approach!
[BFGS] batch=   5  call=   269  total=8.163e-03  PDE=1.583e-03 [colloc=1.426e-03, cfd=1.577e-04]  WALL=3.020e-15  DATA=3.441e-04
Invoked: SSBroyden1 approach!
[BFGS] batch=   5  call=   270  total=8.128e-03  PDE=1.569e-03 [colloc=1.413e-03, cfd=1.554e-04]  WALL=3.027e-15  DATA=3.396e-04
Invoked: SSBroyden1 approach!
[BFGS] batch=   5  call=   271  total=8.087e-03  PDE=1.559e-03 [colloc=1.406e-03, cfd=1.529e-04]  WALL=3.038e-15  DATA=3.322e-04
Invoked: SSBroyden1 approach!
[BFGS] batch=   5  call=   272  total=8.034e-03  PDE=1.540e-03 [colloc=1.390e-03, cfd=1.500e-04]  WALL=3.055e-15  DATA=3.312e-04
Invoked: SSBroyden1 approach!
[BFGS] batch=   5  call=   273  total=7.952e-03  PDE=1.518e-03 [colloc=1.371e-03, cfd=1.468e-04]  WALL=3.050e-15  DATA=3.323e-04
Invoked: SSBroyden1 approach!
[BFGS] batch=   5  call=   275  total=7.922e-03  PDE=1.507e-03 [colloc=1.363e-03, cfd=1.442e-04]  WALL=3.054e-15  DATA=3.234e-04
Invoked: SSBroyden1 approach!
[BFGS] batch=   5  call=   276  total=7.890e-03  PDE=1.494e-03 [colloc=1.348e-03, cfd=1.451e-04]  WALL=3.061e-15  DATA=3.238e-04
Invoked: SSBroyden1 approach!
[BFGS] batch=   5  call=   277  total=7.870e-03  PDE=1.479e-03 [colloc=1.337e-03, cfd=1.422e-04]  WALL=3.068e-15  DATA=3.207e-04
Invoked: SSBroyden1 approach!
[BFGS] batch=   5  call=   278  total=7.829e-03  PDE=1.475e-03 [colloc=1.334e-03, cfd=1.409e-04]  WALL=3.077e-15  DATA=3.176e-04
Invoked: SSBroyden1 approach!
[BFGS] batch=   5  call=   279  total=7.785e-03  PDE=1.448e-03 [colloc=1.311e-03, cfd=1.376e-04]  WALL=3.086e-15  DATA=3.196e-04
Invoked: SSBroyden1 approach!
[BFGS] batch=   5  call=   280  total=7.696e-03  PDE=1.433e-03 [colloc=1.298e-03, cfd=1.349e-04]  WALL=3.093e-15  DATA=3.193e-04
Invoked: SSBroyden1 approach!
[BFGS] batch=   5  call=   281  total=7.670e-03  PDE=1.418e-03 [colloc=1.282e-03, cfd=1.362e-04]  WALL=3.107e-15  DATA=3.131e-04
Invoked: SSBroyden1 approach!
[BFGS] batch=   5  call=   282  total=7.600e-03  PDE=1.403e-03 [colloc=1.269e-03, cfd=1.342e-04]  WALL=3.105e-15  DATA=3.124e-04
Invoked: SSBroyden1 approach!
[BFGS] batch=   5  call=   283  total=7.554e-03  PDE=1.379e-03 [colloc=1.247e-03, cfd=1.330e-04]  WALL=3.100e-15  DATA=3.119e-04
Invoked: SSBroyden1 approach!
[BFGS] batch=   5  call=   284  total=7.513e-03  PDE=1.370e-03 [colloc=1.239e-03, cfd=1.309e-04]  WALL=3.097e-15  DATA=3.100e-04
Invoked: SSBroyden1 approach!
[BFGS] batch=   5  call=   285  total=7.421e-03  PDE=1.352e-03 [colloc=1.221e-03, cfd=1.313e-04]  WALL=3.114e-15  DATA=3.123e-04
Invoked: SSBroyden1 approach!
[BFGS] batch=   5  call=   287  total=7.401e-03  PDE=1.348e-03 [colloc=1.219e-03, cfd=1.286e-04]  WALL=3.124e-15  DATA=3.088e-04
Invoked: SSBroyden1 approach!
[BFGS] batch=   5  call=   288  total=7.394e-03  PDE=1.341e-03 [colloc=1.214e-03, cfd=1.270e-04]  WALL=3.123e-15  DATA=3.086e-04
Invoked: SSBroyden1 approach!
[BFGS] batch=   5  call=   290  total=7.306e-03  PDE=1.329e-03 [colloc=1.205e-03, cfd=1.246e-04]  WALL=3.121e-15  DATA=3.095e-04
Invoked: SSBroyden1 approach!
[BFGS] batch=   5  call=   291  total=7.278e-03  PDE=1.317e-03 [colloc=1.197e-03, cfd=1.204e-04]  WALL=3.103e-15  DATA=3.150e-04
Invoked: SSBroyden1 approach!
[BFGS] batch=   5  call=   292  total=7.264e-03  PDE=1.308e-03 [colloc=1.185e-03, cfd=1.230e-04]  WALL=3.100e-15  DATA=3.153e-04
Invoked: SSBroyden1 approach!
[BFGS] batch=   5  call=   293  total=7.216e-03  PDE=1.302e-03 [colloc=1.180e-03, cfd=1.219e-04]  WALL=3.106e-15  DATA=3.165e-04
Invoked: SSBroyden1 approach!
[BFGS] batch=   5  call=   294  total=7.205e-03  PDE=1.299e-03 [colloc=1.172e-03, cfd=1.268e-04]  WALL=3.130e-15  DATA=3.188e-04
Invoked: SSBroyden1 approach!
[BFGS] batch=   5  call=   295  total=7.176e-03  PDE=1.291e-03 [colloc=1.166e-03, cfd=1.256e-04]  WALL=3.126e-15  DATA=3.191e-04
Invoked: SSBroyden1 approach!
[BFGS] batch=   5  call=   296  total=7.161e-03  PDE=1.278e-03 [colloc=1.154e-03, cfd=1.246e-04]  WALL=3.115e-15  DATA=3.165e-04
Invoked: SSBroyden1 approach!
[BFGS] batch=   5  call=   297  total=7.124e-03  PDE=1.270e-03 [colloc=1.147e-03, cfd=1.229e-04]  WALL=3.116e-15  DATA=3.146e-04
Invoked: SSBroyden1 approach!
[BFGS] batch=   5  call=   298  total=7.051e-03  PDE=1.252e-03 [colloc=1.133e-03, cfd=1.194e-04]  WALL=3.123e-15  DATA=3.133e-04
Invoked: SSBroyden1 approach!
[BFGS] batch=   5  call=   300  total=7.047e-03  PDE=1.245e-03 [colloc=1.125e-03, cfd=1.198e-04]  WALL=3.135e-15  DATA=3.109e-04
Invoked: SSBroyden1 approach!
[BFGS] batch=   5  call=   301  total=7.032e-03  PDE=1.243e-03 [colloc=1.124e-03, cfd=1.195e-04]  WALL=3.135e-15  DATA=3.105e-04
Invoked: SSBroyden1 approach!
[BFGS] batch=   5  call=   302  total=7.012e-03  PDE=1.237e-03 [colloc=1.119e-03, cfd=1.181e-04]  WALL=3.136e-15  DATA=3.106e-04
Invoked: SSBroyden1 approach!
[BFGS] batch=   5  call=   303  total=6.957e-03  PDE=1.225e-03 [colloc=1.108e-03, cfd=1.173e-04]  WALL=3.135e-15  DATA=3.110e-04
Invoked: SSBroyden1 approach!
[BFGS] batch=   5  call=   304  total=6.955e-03  PDE=1.204e-03 [colloc=1.091e-03, cfd=1.121e-04]  WALL=3.122e-15  DATA=3.041e-04
Invoked: SSBroyden1 approach!
[BFGS] batch=   5  call=   306  total=6.892e-03  PDE=1.197e-03 [colloc=1.085e-03, cfd=1.118e-04]  WALL=3.119e-15  DATA=3.032e-04
Invoked: SSBroyden1 approach!
[BFGS] batch=   5  call=   307  total=6.854e-03  PDE=1.175e-03 [colloc=1.065e-03, cfd=1.101e-04]  WALL=3.114e-15  DATA=2.960e-04
Invoked: SSBroyden1 approach!
[BFGS] batch=   5  call=   308  total=6.789e-03  PDE=1.152e-03 [colloc=1.044e-03, cfd=1.078e-04]  WALL=3.112e-15  DATA=2.991e-04
Invoked: SSBroyden1 approach!
[BFGS] batch=   5  call=   309  total=6.743e-03  PDE=1.141e-03 [colloc=1.033e-03, cfd=1.083e-04]  WALL=3.123e-15  DATA=2.949e-04
Invoked: SSBroyden1 approach!
[BFGS] batch=   5  call=   310  total=6.686e-03  PDE=1.131e-03 [colloc=1.025e-03, cfd=1.063e-04]  WALL=3.133e-15  DATA=2.917e-04
Invoked: SSBroyden1 approach!
[BFGS] batch=   5  call=   312  total=6.654e-03  PDE=1.115e-03 [colloc=1.010e-03, cfd=1.052e-04]  WALL=3.132e-15  DATA=2.942e-04
Invoked: SSBroyden1 approach!
[BFGS] batch=   5  call=   313  total=6.617e-03  PDE=1.097e-03 [colloc=9.938e-04, cfd=1.037e-04]  WALL=3.125e-15  DATA=2.977e-04
Invoked: SSBroyden1 approach!
[BFGS] batch=   5  call=   315  total=6.589e-03  PDE=1.093e-03 [colloc=9.901e-04, cfd=1.025e-04]  WALL=3.125e-15  DATA=2.980e-04
Invoked: SSBroyden1 approach!
[BFGS] batch=   5  call=   316  total=6.561e-03  PDE=1.077e-03 [colloc=9.778e-04, cfd=9.881e-05]  WALL=3.126e-15  DATA=3.007e-04
Invoked: SSBroyden1 approach!
[BFGS] batch=   5  call=   317  total=6.488e-03  PDE=1.065e-03 [colloc=9.677e-04, cfd=9.702e-05]  WALL=3.124e-15  DATA=2.997e-04
Invoked: SSBroyden1 approach!
[BFGS] batch=   5  call=   318  total=6.415e-03  PDE=1.042e-03 [colloc=9.457e-04, cfd=9.591e-05]  WALL=3.125e-15  DATA=2.968e-04
Invoked: SSBroyden1 approach!
[BFGS] batch=   5  call=   319  total=6.367e-03  PDE=1.016e-03 [colloc=9.232e-04, cfd=9.250e-05]  WALL=3.124e-15  DATA=3.029e-04
Invoked: SSBroyden1 approach!
[BFGS] batch=   5  call=   320  total=6.300e-03  PDE=1.008e-03 [colloc=9.169e-04, cfd=9.073e-05]  WALL=3.153e-15  DATA=3.074e-04
Invoked: SSBroyden1 approach!
[BFGS] batch=   5  call=   321  total=6.230e-03  PDE=1.004e-03 [colloc=9.143e-04, cfd=9.001e-05]  WALL=3.120e-15  DATA=3.072e-04
Invoked: SSBroyden1 approach!
[BFGS] batch=   5  call=   322  total=6.156e-03  PDE=9.771e-04 [colloc=8.854e-04, cfd=9.175e-05]  WALL=3.139e-15  DATA=3.169e-04
Invoked: SSBroyden1 approach!
[BFGS] batch=   5  call=   323  total=6.115e-03  PDE=9.485e-04 [colloc=8.604e-04, cfd=8.803e-05]  WALL=3.121e-15  DATA=3.210e-04
Invoked: SSBroyden1 approach!
[BFGS] batch=   5  call=   324  total=6.078e-03  PDE=9.429e-04 [colloc=8.569e-04, cfd=8.605e-05]  WALL=3.139e-15  DATA=3.159e-04
Invoked: SSBroyden1 approach!
[BFGS] batch=   5  call=   325  total=5.979e-03  PDE=9.292e-04 [colloc=8.439e-04, cfd=8.529e-05]  WALL=3.144e-15  DATA=3.120e-04
Invoked: SSBroyden1 approach!
[BFGS] batch=   5  call=   326  total=5.969e-03  PDE=9.267e-04 [colloc=8.398e-04, cfd=8.690e-05]  WALL=3.150e-15  DATA=3.000e-04
Invoked: SSBroyden1 approach!
[BFGS] batch=   5  call=   327  total=5.919e-03  PDE=9.213e-04 [colloc=8.348e-04, cfd=8.654e-05]  WALL=3.154e-15  DATA=3.001e-04
Invoked: SSBroyden1 approach!
[BFGS] batch=   5  call=   328  total=5.826e-03  PDE=8.966e-04 [colloc=8.126e-04, cfd=8.400e-05]  WALL=3.153e-15  DATA=3.033e-04
Invoked: SSBroyden1 approach!
[BFGS] batch=   5  call=   329  total=5.768e-03  PDE=8.986e-04 [colloc=8.163e-04, cfd=8.234e-05]  WALL=3.191e-15  DATA=2.973e-04
Invoked: SSBroyden1 approach!
[BFGS] batch=   5  call=   330  total=5.746e-03  PDE=8.727e-04 [colloc=7.893e-04, cfd=8.337e-05]  WALL=3.199e-15  DATA=2.922e-04
Invoked: SSBroyden1 approach!
[BFGS] batch=   5  call=   331  total=5.649e-03  PDE=8.637e-04 [colloc=7.803e-04, cfd=8.341e-05]  WALL=3.192e-15  DATA=2.910e-04
Invoked: SSBroyden1 approach!
[BFGS] batch=   5  call=   332  total=5.552e-03  PDE=8.481e-04 [colloc=7.666e-04, cfd=8.155e-05]  WALL=3.182e-15  DATA=2.866e-04
Invoked: SSBroyden1 approach!
[BFGS] batch=   5  call=   334  total=5.532e-03  PDE=8.324e-04 [colloc=7.498e-04, cfd=8.265e-05]  WALL=3.177e-15  DATA=2.865e-04
Invoked: SSBroyden1 approach!
[BFGS] batch=   5  call=   335  total=5.511e-03  PDE=8.217e-04 [colloc=7.401e-04, cfd=8.157e-05]  WALL=3.171e-15  DATA=2.876e-04
Invoked: SSBroyden1 approach!
[BFGS] batch=   5  call=   336  total=5.442e-03  PDE=8.149e-04 [colloc=7.336e-04, cfd=8.128e-05]  WALL=3.174e-15  DATA=2.876e-04
Invoked: SSBroyden1 approach!
[BFGS] batch=   5  call=   338  total=5.415e-03  PDE=8.038e-04 [colloc=7.242e-04, cfd=7.963e-05]  WALL=3.172e-15  DATA=2.885e-04
Invoked: SSBroyden1 approach!
[BFGS] batch=   5  call=   339  total=5.399e-03  PDE=7.915e-04 [colloc=7.124e-04, cfd=7.906e-05]  WALL=3.165e-15  DATA=2.872e-04
Invoked: SSBroyden1 approach!
[BFGS] batch=   5  call=   340  total=5.368e-03  PDE=7.858e-04 [colloc=7.076e-04, cfd=7.829e-05]  WALL=3.169e-15  DATA=2.865e-04
Invoked: SSBroyden1 approach!
[BFGS] batch=   5  call=   341  total=5.299e-03  PDE=7.738e-04 [colloc=6.978e-04, cfd=7.601e-05]  WALL=3.169e-15  DATA=2.846e-04
Invoked: SSBroyden1 approach!
[BFGS] batch=   5  call=   342  total=5.215e-03  PDE=7.610e-04 [colloc=6.862e-04, cfd=7.479e-05]  WALL=3.186e-15  DATA=2.787e-04
Invoked: SSBroyden1 approach!
[BFGS] batch=   5  call=   344  total=5.213e-03  PDE=7.492e-04 [colloc=6.724e-04, cfd=7.682e-05]  WALL=3.178e-15  DATA=2.769e-04
Invoked: SSBroyden1 approach!
[BFGS] batch=   5  call=   346  total=5.136e-03  PDE=7.463e-04 [colloc=6.698e-04, cfd=7.645e-05]  WALL=3.177e-15  DATA=2.746e-04
Invoked: SSBroyden1 approach!
[BFGS] batch=   5  call=   348  total=5.135e-03  PDE=7.439e-04 [colloc=6.687e-04, cfd=7.517e-05]  WALL=3.179e-15  DATA=2.681e-04
[BFGS] batch 5: H0 not PD — resetting to identity.
[BFGS-END] batch=   5  last_total=5.147e-03  last_PDE=7.438e-04 [colloc=6.687e-04, cfd=7.515e-05]  last_WALL=3.179e-15  last_DATA=2.681e-04
/oscar/home/jchen790/cylinder flow lab/src/cfp40.py:1430: OptimizeWarning: Unknown solver options: hess, hessp, bounds, constraints, tol
  result = minimize(
[BFGS-END] batch=   6  last_total=5.109e-03  last_PDE=7.435e-04 [colloc=6.684e-04, cfd=7.517e-05]  last_WALL=3.179e-15  last_DATA=2.681e-04
/oscar/home/jchen790/cylinder flow lab/src/cfp40.py:1430: OptimizeWarning: Unknown solver options: hess, hessp, bounds, constraints, tol
  result = minimize(
[BFGS-END] batch=   7  last_total=5.127e-03  last_PDE=7.433e-04 [colloc=6.682e-04, cfd=7.517e-05]  last_WALL=3.178e-15  last_DATA=2.681e-04
/oscar/home/jchen790/cylinder flow lab/src/cfp40.py:1430: OptimizeWarning: Unknown solver options: hess, hessp, bounds, constraints, tol
  result = minimize(
Invoked: SSBroyden1 approach!
[BFGS] batch=   8  call=   413  total=5.127e-03  PDE=7.419e-04 [colloc=6.666e-04, cfd=7.521e-05]  WALL=3.176e-15  DATA=2.682e-04
Invoked: SSBroyden1 approach!
[BFGS] batch=   8  call=   414  total=5.092e-03  PDE=7.416e-04 [colloc=6.664e-04, cfd=7.519e-05]  WALL=3.175e-15  DATA=2.680e-04
Invoked: SSBroyden1 approach!
[BFGS] batch=   8  call=   423  total=5.085e-03  PDE=7.405e-04 [colloc=6.655e-04, cfd=7.506e-05]  WALL=3.176e-15  DATA=2.678e-04
Invoked: SSBroyden1 approach!
[BFGS] batch=   8  call=   424  total=5.067e-03  PDE=7.381e-04 [colloc=6.640e-04, cfd=7.414e-05]  WALL=3.181e-15  DATA=2.676e-04
[BFGS-END] batch=   8  last_total=5.104e-03  last_PDE=7.381e-04 [colloc=6.640e-04, cfd=7.413e-05]  last_WALL=3.181e-15  last_DATA=2.676e-04
/oscar/home/jchen790/cylinder flow lab/src/cfp40.py:1430: OptimizeWarning: Unknown solver options: hess, hessp, bounds, constraints, tol
  result = minimize(
Invoked: SSBroyden1 approach!
[BFGS] batch=   9  call=   448  total=5.066e-03  PDE=7.369e-04 [colloc=6.630e-04, cfd=7.389e-05]  WALL=3.175e-15  DATA=2.677e-04
[BFGS-END] batch=   9  last_total=5.076e-03  last_PDE=7.369e-04 [colloc=6.630e-04, cfd=7.389e-05]  last_WALL=3.175e-15  last_DATA=2.677e-04
/oscar/home/jchen790/cylinder flow lab/src/cfp40.py:1430: OptimizeWarning: Unknown solver options: hess, hessp, bounds, constraints, tol
  result = minimize(
Invoked: SSBroyden1 approach!
[BFGS] batch=  10  call=   483  total=5.082e-03  PDE=7.336e-04 [colloc=6.613e-04, cfd=7.225e-05]  WALL=3.182e-15  DATA=2.691e-04
Invoked: SSBroyden1 approach!
[BFGS] batch=  10  call=   491  total=5.074e-03  PDE=7.328e-04 [colloc=6.611e-04, cfd=7.177e-05]  WALL=3.181e-15  DATA=2.686e-04
[BFGS-END] batch=  10  last_total=5.096e-03  last_PDE=7.320e-04 [colloc=6.604e-04, cfd=7.157e-05]  last_WALL=3.180e-15  last_DATA=2.686e-04
/oscar/home/jchen790/cylinder flow lab/src/cfp40.py:1430: OptimizeWarning: Unknown solver options: hess, hessp, bounds, constraints, tol
  result = minimize(
Invoked: SSBroyden1 approach!
[BFGS] batch=  11  call=   514  total=5.060e-03  PDE=7.258e-04 [colloc=6.563e-04, cfd=6.951e-05]  WALL=3.178e-15  DATA=2.700e-04
Invoked: SSBroyden1 approach!
[BFGS] batch=  11  call=   515  total=5.038e-03  PDE=7.278e-04 [colloc=6.588e-04, cfd=6.893e-05]  WALL=3.177e-15  DATA=2.670e-04
[BFGS-END] batch=  11  last_total=5.017e-03  last_PDE=7.277e-04 [colloc=6.588e-04, cfd=6.891e-05]  last_WALL=3.177e-15  last_DATA=2.671e-04
/oscar/home/jchen790/cylinder flow lab/src/cfp40.py:1430: OptimizeWarning: Unknown solver options: hess, hessp, bounds, constraints, tol
  result = minimize(
Invoked: SSBroyden1 approach!
[BFGS] batch=  12  call=   536  total=5.022e-03  PDE=7.249e-04 [colloc=6.559e-04, cfd=6.893e-05]  WALL=3.169e-15  DATA=2.667e-04
Invoked: SSBroyden1 approach!
[BFGS] batch=  12  call=   545  total=5.021e-03  PDE=7.243e-04 [colloc=6.562e-04, cfd=6.811e-05]  WALL=3.167e-15  DATA=2.665e-04
Invoked: SSBroyden1 approach!
[BFGS] batch=  12  call=   546  total=5.000e-03  PDE=7.238e-04 [colloc=6.558e-04, cfd=6.804e-05]  WALL=3.168e-15  DATA=2.664e-04
[BFGS-END] batch=  12  last_total=5.040e-03  last_PDE=7.239e-04 [colloc=6.558e-04, cfd=6.804e-05]  last_WALL=3.168e-15  last_DATA=2.664e-04
/oscar/home/jchen790/cylinder flow lab/src/cfp40.py:1430: OptimizeWarning: Unknown solver options: hess, hessp, bounds, constraints, tol
  result = minimize(
Invoked: SSBroyden1 approach!
[BFGS] batch=  13  call=   567  total=5.049e-03  PDE=7.233e-04 [colloc=6.554e-04, cfd=6.790e-05]  WALL=3.168e-15  DATA=2.652e-04
Invoked: SSBroyden1 approach!
[BFGS] batch=  13  call=   569  total=5.018e-03  PDE=7.207e-04 [colloc=6.543e-04, cfd=6.649e-05]  WALL=3.162e-15  DATA=2.667e-04
Invoked: SSBroyden1 approach!
[BFGS] batch=  13  call=   579  total=5.006e-03  PDE=7.204e-04 [colloc=6.541e-04, cfd=6.632e-05]  WALL=3.162e-15  DATA=2.668e-04
Invoked: SSBroyden1 approach!
[BFGS] batch=  13  call=   580  total=4.981e-03  PDE=7.183e-04 [colloc=6.531e-04, cfd=6.519e-05]  WALL=3.160e-15  DATA=2.654e-04
[BFGS-END] batch=  13  last_total=4.989e-03  last_PDE=7.183e-04 [colloc=6.531e-04, cfd=6.519e-05]  last_WALL=3.160e-15  last_DATA=2.654e-04
/oscar/home/jchen790/cylinder flow lab/src/cfp40.py:1430: OptimizeWarning: Unknown solver options: hess, hessp, bounds, constraints, tol
  result = minimize(
Invoked: SSBroyden1 approach!
[BFGS] batch=  14  call=   602  total=5.014e-03  PDE=7.183e-04 [colloc=6.531e-04, cfd=6.516e-05]  WALL=3.160e-15  DATA=2.654e-04
Invoked: SSBroyden1 approach!
[BFGS] batch=  14  call=   603  total=4.974e-03  PDE=7.205e-04 [colloc=6.566e-04, cfd=6.395e-05]  WALL=3.156e-15  DATA=2.655e-04
[BFGS-END] batch=  14  last_total=4.995e-03  last_PDE=7.205e-04 [colloc=6.566e-04, cfd=6.395e-05]  last_WALL=3.156e-15  last_DATA=2.655e-04
/oscar/home/jchen790/cylinder flow lab/src/cfp40.py:1430: OptimizeWarning: Unknown solver options: hess, hessp, bounds, constraints, tol
  result = minimize(
Invoked: SSBroyden1 approach!
[BFGS] batch=  15  call=   628  total=4.982e-03  PDE=7.205e-04 [colloc=6.566e-04, cfd=6.395e-05]  WALL=3.156e-15  DATA=2.655e-04
[BFGS-END] batch=  15  last_total=4.993e-03  last_PDE=7.205e-04 [colloc=6.566e-04, cfd=6.395e-05]  last_WALL=3.156e-15  last_DATA=2.655e-04
/oscar/home/jchen790/cylinder flow lab/src/cfp40.py:1430: OptimizeWarning: Unknown solver options: hess, hessp, bounds, constraints, tol
  result = minimize(
Invoked: SSBroyden1 approach!
[BFGS] batch=  16  call=   653  total=4.986e-03  PDE=7.205e-04 [colloc=6.566e-04, cfd=6.395e-05]  WALL=3.156e-15  DATA=2.655e-04
[BFGS-END] batch=  16  last_total=5.026e-03  last_PDE=7.205e-04 [colloc=6.566e-04, cfd=6.394e-05]  last_WALL=3.156e-15  last_DATA=2.655e-04
/oscar/home/jchen790/cylinder flow lab/src/cfp40.py:1430: OptimizeWarning: Unknown solver options: hess, hessp, bounds, constraints, tol
  result = minimize(
Invoked: SSBroyden1 approach!
[BFGS] batch=  17  call=   674  total=4.967e-03  PDE=7.189e-04 [colloc=6.550e-04, cfd=6.384e-05]  WALL=3.154e-15  DATA=2.652e-04
[BFGS-END] batch=  17  last_total=5.013e-03  last_PDE=7.189e-04 [colloc=6.550e-04, cfd=6.384e-05]  last_WALL=3.154e-15  last_DATA=2.652e-04
/oscar/home/jchen790/cylinder flow lab/src/cfp40.py:1430: OptimizeWarning: Unknown solver options: hess, hessp, bounds, constraints, tol
  result = minimize(
Invoked: SSBroyden1 approach!
[BFGS] batch=  18  call=   694  total=5.021e-03  PDE=7.201e-04 [colloc=6.563e-04, cfd=6.386e-05]  WALL=3.160e-15  DATA=2.659e-04
Invoked: SSBroyden1 approach!
[BFGS] batch=  18  call=   696  total=5.010e-03  PDE=7.196e-04 [colloc=6.555e-04, cfd=6.409e-05]  WALL=3.161e-15  DATA=2.669e-04
Invoked: SSBroyden1 approach!
[BFGS] batch=  18  call=   698  total=4.986e-03  PDE=7.184e-04 [colloc=6.547e-04, cfd=6.373e-05]  WALL=3.166e-15  DATA=2.658e-04
Invoked: SSBroyden1 approach!
[BFGS] batch=  18  call=   700  total=4.984e-03  PDE=7.166e-04 [colloc=6.535e-04, cfd=6.312e-05]  WALL=3.166e-15  DATA=2.653e-04
Invoked: SSBroyden1 approach!
[BFGS] batch=  18  call=   707  total=4.973e-03  PDE=7.154e-04 [colloc=6.524e-04, cfd=6.299e-05]  WALL=3.165e-15  DATA=2.653e-04
Invoked: SSBroyden1 approach!
[BFGS] batch=  18  call=   717  total=4.959e-03  PDE=7.128e-04 [colloc=6.499e-04, cfd=6.283e-05]  WALL=3.173e-15  DATA=2.645e-04
Invoked: SSBroyden1 approach!
[BFGS] batch=  18  call=   719  total=4.958e-03  PDE=7.115e-04 [colloc=6.487e-04, cfd=6.278e-05]  WALL=3.173e-15  DATA=2.646e-04
Invoked: SSBroyden1 approach!
[BFGS] batch=  18  call=   726  total=4.951e-03  PDE=7.110e-04 [colloc=6.482e-04, cfd=6.271e-05]  WALL=3.173e-15  DATA=2.646e-04
Invoked: SSBroyden1 approach!
[BFGS] batch=  18  call=   727  total=4.943e-03  PDE=7.082e-04 [colloc=6.458e-04, cfd=6.242e-05]  WALL=3.172e-15  DATA=2.649e-04
Invoked: SSBroyden1 approach!
[BFGS] batch=  18  call=   734  total=4.933e-03  PDE=7.082e-04 [colloc=6.458e-04, cfd=6.246e-05]  WALL=3.170e-15  DATA=2.616e-04
[BFGS-END] batch=  18  last_total=4.965e-03  last_PDE=7.082e-04 [colloc=6.457e-04, cfd=6.247e-05]  last_WALL=3.170e-15  last_DATA=2.616e-04
/oscar/home/jchen790/cylinder flow lab/src/cfp40.py:1430: OptimizeWarning: Unknown solver options: hess, hessp, bounds, constraints, tol
  result = minimize(
Invoked: SSBroyden1 approach!
[BFGS] batch=  19  call=   767  total=4.939e-03  PDE=7.082e-04 [colloc=6.458e-04, cfd=6.246e-05]  WALL=3.171e-15  DATA=2.616e-04
Invoked: SSBroyden1 approach!
[BFGS] batch=  19  call=   776  total=4.933e-03  PDE=7.074e-04 [colloc=6.450e-04, cfd=6.243e-05]  WALL=3.172e-15  DATA=2.614e-04
[BFGS-END] batch=  19  last_total=4.930e-03  last_PDE=7.074e-04 [colloc=6.450e-04, cfd=6.243e-05]  last_WALL=3.172e-15  last_DATA=2.614e-04
/oscar/home/jchen790/cylinder flow lab/src/cfp40.py:1430: OptimizeWarning: Unknown solver options: hess, hessp, bounds, constraints, tol
  result = minimize(
Invoked: SSBroyden1 approach!
[BFGS] batch=  20  call=   805  total=4.945e-03  PDE=7.073e-04 [colloc=6.449e-04, cfd=6.246e-05]  WALL=3.172e-15  DATA=2.613e-04
Invoked: SSBroyden1 approach!
[BFGS] batch=  20  call=   810  total=4.933e-03  PDE=7.070e-04 [colloc=6.445e-04, cfd=6.247e-05]  WALL=3.172e-15  DATA=2.612e-04
[BFGS-END] batch=  20  last_total=4.949e-03  last_PDE=7.070e-04 [colloc=6.445e-04, cfd=6.247e-05]  last_WALL=3.172e-15  last_DATA=2.612e-04
/oscar/home/jchen790/cylinder flow lab/src/cfp40.py:1430: OptimizeWarning: Unknown solver options: hess, hessp, bounds, constraints, tol
  result = minimize(
Invoked: SSBroyden1 approach!
[BFGS] batch=  21  call=   832  total=4.928e-03  PDE=7.062e-04 [colloc=6.438e-04, cfd=6.237e-05]  WALL=3.172e-15  DATA=2.612e-04
Invoked: SSBroyden1 approach!
[BFGS] batch=  21  call=   834  total=4.918e-03  PDE=7.052e-04 [colloc=6.430e-04, cfd=6.225e-05]  WALL=3.172e-15  DATA=2.611e-04
Invoked: SSBroyden1 approach!
[BFGS] batch=  21  call=   842  total=4.914e-03  PDE=7.043e-04 [colloc=6.422e-04, cfd=6.210e-05]  WALL=3.173e-15  DATA=2.605e-04
[BFGS-END] batch=  21  last_total=4.938e-03  last_PDE=7.043e-04 [colloc=6.422e-04, cfd=6.210e-05]  last_WALL=3.173e-15  last_DATA=2.605e-04
/oscar/home/jchen790/cylinder flow lab/src/cfp40.py:1430: OptimizeWarning: Unknown solver options: hess, hessp, bounds, constraints, tol
  result = minimize(
Invoked: SSBroyden1 approach!
[BFGS] batch=  22  call=   862  total=4.938e-03  PDE=7.030e-04 [colloc=6.411e-04, cfd=6.190e-05]  WALL=3.178e-15  DATA=2.605e-04
Invoked: SSBroyden1 approach!
[BFGS] batch=  22  call=   863  total=4.938e-03  PDE=7.017e-04 [colloc=6.397e-04, cfd=6.198e-05]  WALL=3.179e-15  DATA=2.600e-04
Invoked: SSBroyden1 approach!
[BFGS] batch=  22  call=   865  total=4.921e-03  PDE=7.000e-04 [colloc=6.384e-04, cfd=6.163e-05]  WALL=3.179e-15  DATA=2.599e-04
Invoked: SSBroyden1 approach!
[BFGS] batch=  22  call=   866  total=4.919e-03  PDE=6.996e-04 [colloc=6.376e-04, cfd=6.208e-05]  WALL=3.170e-15  DATA=2.571e-04
Invoked: SSBroyden1 approach!
[BFGS] batch=  22  call=   867  total=4.873e-03  PDE=6.986e-04 [colloc=6.365e-04, cfd=6.200e-05]  WALL=3.171e-15  DATA=2.570e-04
[BFGS-END] batch=  22  last_total=4.898e-03  last_PDE=6.986e-04 [colloc=6.365e-04, cfd=6.200e-05]  last_WALL=3.171e-15  last_DATA=2.570e-04
/oscar/home/jchen790/cylinder flow lab/src/cfp40.py:1430: OptimizeWarning: Unknown solver options: hess, hessp, bounds, constraints, tol
  result = minimize(
Invoked: SSBroyden1 approach!
[BFGS] batch=  23  call=   889  total=4.853e-03  PDE=6.977e-04 [colloc=6.358e-04, cfd=6.195e-05]  WALL=3.172e-15  DATA=2.568e-04
[BFGS-END] batch=  23  last_total=4.905e-03  last_PDE=6.977e-04 [colloc=6.358e-04, cfd=6.195e-05]  last_WALL=3.172e-15  last_DATA=2.568e-04
/oscar/home/jchen790/cylinder flow lab/src/cfp40.py:1430: OptimizeWarning: Unknown solver options: hess, hessp, bounds, constraints, tol
  result = minimize(
Invoked: SSBroyden1 approach!
[BFGS] batch=  24  call=   910  total=4.864e-03  PDE=6.939e-04 [colloc=6.327e-04, cfd=6.129e-05]  WALL=3.179e-15  DATA=2.577e-04
[BFGS-END] batch=  24  last_total=4.875e-03  last_PDE=6.939e-04 [colloc=6.327e-04, cfd=6.129e-05]  last_WALL=3.179e-15  last_DATA=2.577e-04
/oscar/home/jchen790/cylinder flow lab/src/cfp40.py:1430: OptimizeWarning: Unknown solver options: hess, hessp, bounds, constraints, tol
  result = minimize(
Invoked: SSBroyden1 approach!
[BFGS] batch=  25  call=   939  total=4.855e-03  PDE=6.907e-04 [colloc=6.289e-04, cfd=6.188e-05]  WALL=3.176e-15  DATA=2.600e-04
[BFGS-END] batch=  25  last_total=4.871e-03  last_PDE=6.907e-04 [colloc=6.289e-04, cfd=6.188e-05]  last_WALL=3.176e-15  last_DATA=2.600e-04
/oscar/home/jchen790/cylinder flow lab/src/cfp40.py:1430: OptimizeWarning: Unknown solver options: hess, hessp, bounds, constraints, tol
  result = minimize(
Invoked: SSBroyden1 approach!
[BFGS] batch=  26  call=   960  total=4.874e-03  PDE=6.874e-04 [colloc=6.255e-04, cfd=6.191e-05]  WALL=3.177e-15  DATA=2.621e-04
Invoked: SSBroyden1 approach!
[BFGS] batch=  26  call=   962  total=4.840e-03  PDE=6.846e-04 [colloc=6.230e-04, cfd=6.156e-05]  WALL=3.177e-15  DATA=2.619e-04
[BFGS-END] batch=  26  last_total=4.842e-03  last_PDE=6.845e-04 [colloc=6.230e-04, cfd=6.156e-05]  last_WALL=3.177e-15  last_DATA=2.619e-04
/oscar/home/jchen790/cylinder flow lab/src/cfp40.py:1430: OptimizeWarning: Unknown solver options: hess, hessp, bounds, constraints, tol
  result = minimize(
Invoked: SSBroyden1 approach!
[BFGS] batch=  27  call=   983  total=4.827e-03  PDE=6.847e-04 [colloc=6.238e-04, cfd=6.092e-05]  WALL=3.182e-15  DATA=2.616e-04
[BFGS-END] batch=  27  last_total=4.866e-03  last_PDE=6.847e-04 [colloc=6.238e-04, cfd=6.092e-05]  last_WALL=3.182e-15  last_DATA=2.616e-04
/oscar/home/jchen790/cylinder flow lab/src/cfp40.py:1430: OptimizeWarning: Unknown solver options: hess, hessp, bounds, constraints, tol
  result = minimize(
Invoked: SSBroyden1 approach!
[BFGS] batch=  28  call=  1004  total=4.850e-03  PDE=6.825e-04 [colloc=6.228e-04, cfd=5.968e-05]  WALL=3.178e-15  DATA=2.625e-04
Invoked: SSBroyden1 approach!
[BFGS] batch=  28  call=  1005  total=4.844e-03  PDE=6.773e-04 [colloc=6.179e-04, cfd=5.934e-05]  WALL=3.179e-15  DATA=2.622e-04
Invoked: SSBroyden1 approach!
[BFGS] batch=  28  call=  1017  total=4.818e-03  PDE=6.753e-04 [colloc=6.165e-04, cfd=5.887e-05]  WALL=3.178e-15  DATA=2.620e-04
Invoked: SSBroyden1 approach!
[BFGS] batch=  28  call=  1026  total=4.816e-03  PDE=6.748e-04 [colloc=6.148e-04, cfd=6.003e-05]  WALL=3.176e-15  DATA=2.561e-04
Invoked: SSBroyden1 approach!
[BFGS] batch=  28  call=  1032  total=4.805e-03  PDE=6.734e-04 [colloc=6.137e-04, cfd=5.972e-05]  WALL=3.175e-15  DATA=2.560e-04
Invoked: SSBroyden1 approach!
[BFGS] batch=  28  call=  1039  total=4.785e-03  PDE=6.688e-04 [colloc=6.099e-04, cfd=5.886e-05]  WALL=3.177e-15  DATA=2.560e-04
Invoked: SSBroyden1 approach!
[BFGS] batch=  28  call=  1040  total=4.770e-03  PDE=6.616e-04 [colloc=6.052e-04, cfd=5.636e-05]  WALL=3.175e-15  DATA=2.555e-04
Invoked: SSBroyden1 approach!
[BFGS] batch=  28  call=  1041  total=4.765e-03  PDE=6.545e-04 [colloc=5.992e-04, cfd=5.537e-05]  WALL=3.171e-15  DATA=2.550e-04
Invoked: SSBroyden1 approach!
[BFGS] batch=  28  call=  1043  total=4.730e-03  PDE=6.462e-04 [colloc=5.912e-04, cfd=5.507e-05]  WALL=3.165e-15  DATA=2.519e-04
Invoked: SSBroyden1 approach!
[BFGS] batch=  28  call=  1044  total=4.679e-03  PDE=6.360e-04 [colloc=5.808e-04, cfd=5.525e-05]  WALL=3.171e-15  DATA=2.503e-04
Invoked: SSBroyden1 approach!
[BFGS] batch=  28  call=  1046  total=4.671e-03  PDE=6.281e-04 [colloc=5.718e-04, cfd=5.622e-05]  WALL=3.169e-15  DATA=2.487e-04
Invoked: SSBroyden1 approach!
[BFGS] batch=  28  call=  1047  total=4.617e-03  PDE=6.249e-04 [colloc=5.689e-04, cfd=5.601e-05]  WALL=3.169e-15  DATA=2.484e-04
Invoked: SSBroyden1 approach!
[BFGS] batch=  28  call=  1049  total=4.605e-03  PDE=6.191e-04 [colloc=5.638e-04, cfd=5.529e-05]  WALL=3.162e-15  DATA=2.478e-04
[BFGS] batch 28: H0 not PD — resetting to identity.
[BFGS-END] batch=  28  last_total=4.647e-03  last_PDE=6.191e-04 [colloc=5.638e-04, cfd=5.528e-05]  last_WALL=3.162e-15  last_DATA=2.478e-04
/oscar/home/jchen790/cylinder flow lab/src/cfp40.py:1430: OptimizeWarning: Unknown solver options: hess, hessp, bounds, constraints, tol
  result = minimize(
Invoked: SSBroyden1 approach!
[BFGS] batch=  29  call=  1071  total=4.640e-03  PDE=6.190e-04 [colloc=5.637e-04, cfd=5.529e-05]  WALL=3.165e-15  DATA=2.479e-04
Invoked: SSBroyden1 approach!
[BFGS] batch=  29  call=  1073  total=4.623e-03  PDE=6.186e-04 [colloc=5.633e-04, cfd=5.525e-05]  WALL=3.167e-15  DATA=2.482e-04
Invoked: SSBroyden1 approach!
[BFGS] batch=  29  call=  1075  total=4.599e-03  PDE=6.165e-04 [colloc=5.614e-04, cfd=5.506e-05]  WALL=3.165e-15  DATA=2.488e-04
Invoked: SSBroyden1 approach!
[BFGS] batch=  29  call=  1084  total=4.594e-03  PDE=6.161e-04 [colloc=5.611e-04, cfd=5.497e-05]  WALL=3.162e-15  DATA=2.487e-04
[BFGS-END] batch=  29  last_total=4.595e-03  last_PDE=6.161e-04 [colloc=5.612e-04, cfd=5.496e-05]  last_WALL=3.163e-15  last_DATA=2.487e-04
/oscar/home/jchen790/cylinder flow lab/src/cfp40.py:1430: OptimizeWarning: Unknown solver options: hess, hessp, bounds, constraints, tol
  result = minimize(
Invoked: SSBroyden1 approach!
[BFGS] batch=  30  call=  1104  total=4.610e-03  PDE=6.173e-04 [colloc=5.627e-04, cfd=5.464e-05]  WALL=3.171e-15  DATA=2.485e-04
Invoked: SSBroyden1 approach!
[BFGS] batch=  30  call=  1106  total=4.594e-03  PDE=6.212e-04 [colloc=5.668e-04, cfd=5.436e-05]  WALL=3.169e-15  DATA=2.457e-04
Invoked: SSBroyden1 approach!
[BFGS] batch=  30  call=  1113  total=4.590e-03  PDE=6.191e-04 [colloc=5.636e-04, cfd=5.550e-05]  WALL=3.179e-15  DATA=2.437e-04
Invoked: SSBroyden1 approach!
[BFGS] batch=  30  call=  1123  total=4.586e-03  PDE=6.189e-04 [colloc=5.634e-04, cfd=5.546e-05]  WALL=3.179e-15  DATA=2.437e-04
Invoked: SSBroyden1 approach!
[BFGS] batch=  30  call=  1130  total=4.581e-03  PDE=6.179e-04 [colloc=5.625e-04, cfd=5.534e-05]  WALL=3.177e-15  DATA=2.436e-04
Invoked: SSBroyden1 approach!
[BFGS] batch=  30  call=  1137  total=4.574e-03  PDE=6.181e-04 [colloc=5.628e-04, cfd=5.534e-05]  WALL=3.175e-15  DATA=2.431e-04
Invoked: SSBroyden1 approach!
[BFGS] batch=  30  call=  1143  total=4.570e-03  PDE=6.170e-04 [colloc=5.613e-04, cfd=5.572e-05]  WALL=3.172e-15  DATA=2.430e-04
[BFGS-END] batch=  30  last_total=4.585e-03  last_PDE=6.170e-04 [colloc=5.612e-04, cfd=5.571e-05]  last_WALL=3.171e-15  last_DATA=2.429e-04
/oscar/home/jchen790/cylinder flow lab/src/cfp40.py:1430: OptimizeWarning: Unknown solver options: hess, hessp, bounds, constraints, tol
  result = minimize(
Invoked: SSBroyden1 approach!
[BFGS] batch=  31  call=  1165  total=4.583e-03  PDE=6.163e-04 [colloc=5.613e-04, cfd=5.504e-05]  WALL=3.164e-15  DATA=2.434e-04
Invoked: SSBroyden1 approach!
[BFGS] batch=  31  call=  1173  total=4.577e-03  PDE=6.158e-04 [colloc=5.609e-04, cfd=5.493e-05]  WALL=3.164e-15  DATA=2.433e-04
Invoked: SSBroyden1 approach!
[BFGS] batch=  31  call=  1174  total=4.571e-03  PDE=6.146e-04 [colloc=5.602e-04, cfd=5.441e-05]  WALL=3.161e-15  DATA=2.424e-04
Invoked: SSBroyden1 approach!
[BFGS] batch=  31  call=  1176  total=4.545e-03  PDE=6.133e-04 [colloc=5.591e-04, cfd=5.422e-05]  WALL=3.160e-15  DATA=2.422e-04
[BFGS-END] batch=  31  last_total=4.574e-03  last_PDE=6.133e-04 [colloc=5.591e-04, cfd=5.422e-05]  last_WALL=3.160e-15  last_DATA=2.422e-04
/oscar/home/jchen790/cylinder flow lab/src/cfp40.py:1430: OptimizeWarning: Unknown solver options: hess, hessp, bounds, constraints, tol
  result = minimize(
Invoked: SSBroyden1 approach!
[BFGS] batch=  32  call=  1198  total=4.575e-03  PDE=6.132e-04 [colloc=5.591e-04, cfd=5.414e-05]  WALL=3.160e-15  DATA=2.419e-04
Invoked: SSBroyden1 approach!
[BFGS] batch=  32  call=  1202  total=4.565e-03  PDE=6.130e-04 [colloc=5.589e-04, cfd=5.414e-05]  WALL=3.160e-15  DATA=2.415e-04
Invoked: SSBroyden1 approach!
[BFGS] batch=  32  call=  1204  total=4.543e-03  PDE=6.125e-04 [colloc=5.583e-04, cfd=5.416e-05]  WALL=3.159e-15  DATA=2.408e-04
Invoked: SSBroyden1 approach!
[BFGS] batch=  32  call=  1211  total=4.541e-03  PDE=6.125e-04 [colloc=5.583e-04, cfd=5.416e-05]  WALL=3.159e-15  DATA=2.408e-04
[BFGS-END] batch=  32  last_total=4.581e-03  last_PDE=6.125e-04 [colloc=5.583e-04, cfd=5.416e-05]  last_WALL=3.159e-15  last_DATA=2.408e-04
[BFGS] done. total_calls=1228  best_loss=4.538121e-03
[train] Saved -> ../runs/anneal_smoke/A_N500/checkpoints/pinn_Re40_single.pt
[viz] loaded ../runs/anneal_smoke/A_N500/checkpoints/pinn_Re40_single.pt

============================================================
ABSOLUTE error on CFD point cloud (target: ~1e-4 ~ 1e-5)
============================================================
  points used           : 4869
  speed magnitude (mean): 7.0030e-01
  mae_u                 : 1.0468e-02
  mae_v                 : 6.2429e-03
  rmse_u                : 1.5166e-02
  rmse_v                : 9.9673e-03
  max |eu|              : 6.9790e-02
  max |ev|              : 5.8549e-02
  rel_l2_u              : 1.8733e-02
  rel_l2_v              : 7.8716e-02

[viz] saved ../runs/anneal_smoke/A_N500/viz/re40_single_vorticity.png
[viz] saved ../runs/anneal_smoke/A_N500/viz/re40_single_speed.png
