[OK] _optimize._minimize_bfgs loaded — SSBroyden / SSBFGS variants available
Loaded Re40.vtk  cells=8234  (pressure=pMean)
Model: width=96, depth=5, params=38018
Loss weights: adaptive during Adam, frozen during BFGS
Cylinder no-slip: enforced hard through stream-function lifting
CFD-aware PDE residual: n_cfd_pde=8000, lambda_pde_cfd=1.0
[resume] loaded weights from ../runs/anneal_smoke/A_N500/checkpoints/pinn_Re40_single.pt (epoch=2028, best_loss=0.0045381211675703526, stage=scipy_bfgs_final)
[mem ] params=38018  H0 (NxN float64) = 10.77 GB  available ~ 100.0 GB
============================================================
Phase 1 — Adam (300 epochs)
Goal: match CFD while improving PDE and enforcing wall no-slip exactly
============================================================
[mode] data anchor DISABLED (data-free PINN: PDE + BC only)
[Adam] ep=   20  total=1.334e+00  PDE=3.431e-01 [colloc=3.371e-01, cfd=6.041e-03] (w=3.705)  IN=7.231e-02 (w=0.443)  TB=6.195e-02 (w=0.435)  WALL=3.985e-15 (w=0.200)  OUT=1.331e-02 (w=0.245)  DATA=5.099e-02 (w=0.000)  DATA_P=0.000e+00 (w=1.000)
[Adam] ep=   40  total=6.900e-01  PDE=1.930e-01 [colloc=1.894e-01, cfd=3.519e-03] (w=3.493)  IN=8.484e-03 (w=0.707)  TB=1.382e-02 (w=0.706)  WALL=8.271e-15 (w=0.200)  OUT=1.445e-03 (w=0.218)  DATA=1.331e-02 (w=0.000)  DATA_P=0.000e+00 (w=1.000)
[Adam] ep=   60  total=7.276e-02  PDE=1.887e-02 [colloc=1.811e-02, cfd=7.624e-04] (w=3.466)  IN=6.507e-03 (w=0.709)  TB=3.853e-03 (w=0.627)  WALL=1.491e-15 (w=0.200)  OUT=1.387e-03 (w=0.235)  DATA=6.315e-03 (w=0.000)  DATA_P=0.000e+00 (w=1.000)
[Adam] ep=   80  total=3.432e-01  PDE=9.569e-02 [colloc=9.522e-02, cfd=4.678e-04] (w=3.555)  IN=2.544e-03 (w=0.567)  TB=2.968e-03 (w=0.511)  WALL=4.379e-15 (w=0.200)  OUT=2.248e-04 (w=0.247)  DATA=8.829e-03 (w=0.000)  DATA_P=0.000e+00 (w=1.000)
[Adam] ep=  100  total=1.586e-01  PDE=4.441e-02 [colloc=4.390e-02, cfd=5.039e-04] (w=3.479)  IN=3.962e-03 (w=0.620)  TB=2.821e-03 (w=0.538)  WALL=2.372e-15 (w=0.200)  OUT=5.188e-04 (w=0.201)  DATA=8.173e-03 (w=0.000)  DATA_P=0.000e+00 (w=1.000)
[Adam] ep=  120  total=1.382e-01  PDE=3.903e-02 [colloc=3.876e-02, cfd=2.626e-04] (w=3.419)  IN=4.582e-03 (w=0.681)  TB=2.833e-03 (w=0.560)  WALL=1.945e-15 (w=0.200)  OUT=2.710e-04 (w=0.200)  DATA=8.845e-03 (w=0.000)  DATA_P=0.000e+00 (w=1.000)
[Adam] ep=  140  total=1.326e-01  PDE=3.785e-02 [colloc=3.759e-02, cfd=2.504e-04] (w=3.404)  IN=3.619e-03 (w=0.665)  TB=2.374e-03 (w=0.559)  WALL=2.359e-15 (w=0.200)  OUT=2.286e-04 (w=0.200)  DATA=8.290e-03 (w=0.000)  DATA_P=0.000e+00 (w=1.000)
[Adam] ep=  160  total=1.037e-01  PDE=2.970e-02 [colloc=2.945e-02, cfd=2.493e-04] (w=3.380)  IN=3.306e-03 (w=0.652)  TB=2.115e-03 (w=0.551)  WALL=2.070e-15 (w=0.200)  OUT=1.828e-04 (w=0.200)  DATA=8.059e-03 (w=0.000)  DATA_P=0.000e+00 (w=1.000)
[Adam] ep=  180  total=1.233e-01  PDE=3.570e-02 [colloc=3.538e-02, cfd=3.142e-04] (w=3.373)  IN=2.847e-03 (w=0.625)  TB=2.051e-03 (w=0.535)  WALL=2.583e-15 (w=0.200)  OUT=2.086e-04 (w=0.200)  DATA=9.361e-03 (w=0.000)  DATA_P=0.000e+00 (w=1.000)
[Adam] ep=  200  total=9.609e-02  PDE=2.794e-02 [colloc=2.762e-02, cfd=3.154e-04] (w=3.355)  IN=2.156e-03 (w=0.604)  TB=1.936e-03 (w=0.528)  WALL=2.655e-15 (w=0.200)  OUT=1.927e-04 (w=0.200)  DATA=7.936e-03 (w=0.000)  DATA_P=0.000e+00 (w=1.000)
[Adam] ep=  220  total=1.108e-01  PDE=3.209e-02 [colloc=3.179e-02, cfd=2.915e-04] (w=3.378)  IN=2.462e-03 (w=0.568)  TB=1.906e-03 (w=0.521)  WALL=2.243e-15 (w=0.200)  OUT=1.753e-04 (w=0.200)  DATA=8.291e-03 (w=0.000)  DATA_P=0.000e+00 (w=1.000)
[Adam] ep=  240  total=1.440e-01  PDE=4.214e-02 [colloc=4.180e-02, cfd=3.421e-04] (w=3.365)  IN=2.037e-03 (w=0.580)  TB=1.805e-03 (w=0.525)  WALL=2.780e-15 (w=0.200)  OUT=3.468e-04 (w=0.221)  DATA=8.603e-03 (w=0.000)  DATA_P=0.000e+00 (w=1.000)
[Adam] ep=  260  total=1.088e-01  PDE=3.024e-02 [colloc=2.995e-02, cfd=2.889e-04] (w=3.492)  IN=3.701e-03 (w=0.573)  TB=1.511e-03 (w=0.441)  WALL=1.122e-15 (w=0.200)  OUT=1.737e-03 (w=0.259)  DATA=7.900e-03 (w=0.000)  DATA_P=0.000e+00 (w=1.000)
[Adam] ep=  280  total=1.067e-01  PDE=2.963e-02 [colloc=2.931e-02, cfd=3.192e-04] (w=3.517)  IN=2.710e-03 (w=0.587)  TB=2.255e-03 (w=0.352)  WALL=2.721e-15 (w=0.200)  OUT=3.687e-04 (w=0.207)  DATA=7.940e-03 (w=0.000)  DATA_P=0.000e+00 (w=1.000)
[Adam] ep=  300  total=9.094e-01  PDE=2.493e-01 [colloc=2.476e-01, cfd=1.665e-03] (w=3.573)  IN=2.898e-02 (w=0.572)  TB=6.330e-03 (w=0.294)  WALL=4.962e-15 (w=0.200)  OUT=1.380e-03 (w=0.224)  DATA=7.216e-02 (w=0.000)  DATA_P=0.000e+00 (w=1.000)
============================================================
Phase 2 — BFGS (1200 total calls, 150 iters/batch)
Adaptive weights are frozen for BFGS stability | method=SSBroyden1
============================================================
[BFGS] full data fitting: 4869 CFD points pinned per call
[BFGS] using CUSTOM _optimize._minimize_bfgs (method_bfgs='SSBroyden1')
/oscar/home/jchen790/cylinder flow lab/src/cfp40.py:1430: OptimizeWarning: Unknown solver options: hess, hessp, bounds, constraints, tol
  result = minimize(
Invoked: SSBroyden1 approach!
[BFGS] batch=   1  call=     4  total=9.206e-02  PDE=2.254e-02 [colloc=2.160e-02, cfd=9.398e-04]  WALL=9.016e-16  DATA=4.179e-02
Invoked: SSBroyden1 approach!
[BFGS] batch=   1  call=     6  total=6.098e-02  PDE=1.416e-02 [colloc=1.320e-02, cfd=9.518e-04]  WALL=6.743e-16  DATA=3.493e-02
Invoked: SSBroyden1 approach!
[BFGS] batch=   1  call=     8  total=5.394e-02  PDE=1.239e-02 [colloc=1.157e-02, cfd=8.257e-04]  WALL=6.624e-16  DATA=3.252e-02
Invoked: SSBroyden1 approach!
[BFGS] batch=   1  call=     9  total=4.370e-02  PDE=9.630e-03 [colloc=8.969e-03, cfd=6.608e-04]  WALL=5.695e-16  DATA=3.133e-02
Invoked: SSBroyden1 approach!
[BFGS] batch=   1  call=    10  total=3.000e-02  PDE=6.374e-03 [colloc=5.978e-03, cfd=3.958e-04]  WALL=6.691e-16  DATA=2.425e-02
Invoked: SSBroyden1 approach!
[BFGS] batch=   1  call=    12  total=2.365e-02  PDE=5.098e-03 [colloc=4.632e-03, cfd=4.665e-04]  WALL=7.166e-16  DATA=2.021e-02
Invoked: SSBroyden1 approach!
[BFGS] batch=   1  call=    13  total=1.857e-02  PDE=3.979e-03 [colloc=3.299e-03, cfd=6.796e-04]  WALL=8.201e-16  DATA=1.824e-02
Invoked: SSBroyden1 approach!
[BFGS] batch=   1  call=    15  total=1.585e-02  PDE=3.319e-03 [colloc=2.820e-03, cfd=4.990e-04]  WALL=9.102e-16  DATA=1.659e-02
Invoked: SSBroyden1 approach!
[BFGS] batch=   1  call=    16  total=1.345e-02  PDE=2.809e-03 [colloc=2.418e-03, cfd=3.908e-04]  WALL=9.659e-16  DATA=1.562e-02
Invoked: SSBroyden1 approach!
[BFGS] batch=   1  call=    17  total=1.314e-02  PDE=2.885e-03 [colloc=2.149e-03, cfd=7.364e-04]  WALL=1.098e-15  DATA=1.370e-02
Invoked: SSBroyden1 approach!
[BFGS] batch=   1  call=    18  total=1.265e-02  PDE=2.746e-03 [colloc=2.044e-03, cfd=7.017e-04]  WALL=1.112e-15  DATA=1.368e-02
Invoked: SSBroyden1 approach!
[BFGS] batch=   1  call=    19  total=1.170e-02  PDE=2.559e-03 [colloc=1.906e-03, cfd=6.531e-04]  WALL=1.113e-15  DATA=1.347e-02
Invoked: SSBroyden1 approach!
[BFGS] batch=   1  call=    20  total=1.037e-02  PDE=2.243e-03 [colloc=1.692e-03, cfd=5.514e-04]  WALL=1.129e-15  DATA=1.288e-02
Invoked: SSBroyden1 approach!
[BFGS] batch=   1  call=    21  total=9.057e-03  PDE=1.991e-03 [colloc=1.494e-03, cfd=4.968e-04]  WALL=1.124e-15  DATA=1.229e-02
Invoked: SSBroyden1 approach!
[BFGS] batch=   1  call=    22  total=8.755e-03  PDE=1.950e-03 [colloc=1.350e-03, cfd=5.996e-04]  WALL=1.062e-15  DATA=1.222e-02
Invoked: SSBroyden1 approach!
[BFGS] batch=   1  call=    23  total=8.259e-03  PDE=1.830e-03 [colloc=1.282e-03, cfd=5.486e-04]  WALL=1.067e-15  DATA=1.213e-02
Invoked: SSBroyden1 approach!
[BFGS] batch=   1  call=    24  total=7.583e-03  PDE=1.655e-03 [colloc=1.182e-03, cfd=4.731e-04]  WALL=1.053e-15  DATA=1.220e-02
Invoked: SSBroyden1 approach!
[BFGS] batch=   1  call=    25  total=6.788e-03  PDE=1.471e-03 [colloc=1.063e-03, cfd=4.083e-04]  WALL=1.055e-15  DATA=1.219e-02
Invoked: SSBroyden1 approach!
[BFGS] batch=   1  call=    26  total=6.415e-03  PDE=1.390e-03 [colloc=1.074e-03, cfd=3.159e-04]  WALL=1.135e-15  DATA=1.145e-02
Invoked: SSBroyden1 approach!
[BFGS] batch=   1  call=    27  total=5.815e-03  PDE=1.256e-03 [colloc=9.829e-04, cfd=2.730e-04]  WALL=1.154e-15  DATA=1.118e-02
Invoked: SSBroyden1 approach!
[BFGS] batch=   1  call=    28  total=5.118e-03  PDE=1.103e-03 [colloc=8.823e-04, cfd=2.210e-04]  WALL=1.149e-15  DATA=1.073e-02
Invoked: SSBroyden1 approach!
[BFGS] batch=   1  call=    29  total=4.699e-03  PDE=1.012e-03 [colloc=8.211e-04, cfd=1.906e-04]  WALL=1.183e-15  DATA=1.042e-02
Invoked: SSBroyden1 approach!
[BFGS] batch=   1  call=    30  total=4.242e-03  PDE=8.935e-04 [colloc=7.401e-04, cfd=1.534e-04]  WALL=1.206e-15  DATA=1.026e-02
Invoked: SSBroyden1 approach!
[BFGS] batch=   1  call=    31  total=4.014e-03  PDE=8.284e-04 [colloc=6.883e-04, cfd=1.401e-04]  WALL=1.189e-15  DATA=1.033e-02
Invoked: SSBroyden1 approach!
[BFGS] batch=   1  call=    32  total=3.735e-03  PDE=7.598e-04 [colloc=6.258e-04, cfd=1.340e-04]  WALL=1.186e-15  DATA=1.010e-02
Invoked: SSBroyden1 approach!
[BFGS] batch=   1  call=    33  total=3.657e-03  PDE=7.456e-04 [colloc=6.089e-04, cfd=1.366e-04]  WALL=1.145e-15  DATA=1.009e-02
Invoked: SSBroyden1 approach!
[BFGS] batch=   1  call=    34  total=3.491e-03  PDE=7.144e-04 [colloc=5.885e-04, cfd=1.259e-04]  WALL=1.148e-15  DATA=1.006e-02
Invoked: SSBroyden1 approach!
[BFGS] batch=   1  call=    35  total=3.360e-03  PDE=6.832e-04 [colloc=5.615e-04, cfd=1.218e-04]  WALL=1.178e-15  DATA=9.707e-03
Invoked: SSBroyden1 approach!
[BFGS] batch=   1  call=    36  total=3.262e-03  PDE=6.573e-04 [colloc=5.452e-04, cfd=1.121e-04]  WALL=1.198e-15  DATA=9.561e-03
Invoked: SSBroyden1 approach!
[BFGS] batch=   1  call=    37  total=3.130e-03  PDE=6.315e-04 [colloc=5.288e-04, cfd=1.028e-04]  WALL=1.227e-15  DATA=9.351e-03
Invoked: SSBroyden1 approach!
[BFGS] batch=   1  call=    38  total=2.947e-03  PDE=6.059e-04 [colloc=5.121e-04, cfd=9.380e-05]  WALL=1.240e-15  DATA=9.189e-03
Invoked: SSBroyden1 approach!
[BFGS] batch=   1  call=    39  total=2.857e-03  PDE=6.028e-04 [colloc=5.147e-04, cfd=8.808e-05]  WALL=1.258e-15  DATA=8.929e-03
Invoked: SSBroyden1 approach!
[BFGS] batch=   1  call=    40  total=2.755e-03  PDE=5.895e-04 [colloc=5.043e-04, cfd=8.523e-05]  WALL=1.289e-15  DATA=8.784e-03
Invoked: SSBroyden1 approach!
[BFGS] batch=   1  call=    41  total=2.655e-03  PDE=5.745e-04 [colloc=4.907e-04, cfd=8.379e-05]  WALL=1.321e-15  DATA=8.761e-03
Invoked: SSBroyden1 approach!
[BFGS] batch=   1  call=    42  total=2.540e-03  PDE=5.546e-04 [colloc=4.700e-04, cfd=8.461e-05]  WALL=1.336e-15  DATA=8.745e-03
Invoked: SSBroyden1 approach!
[BFGS] batch=   1  call=    43  total=2.438e-03  PDE=5.371e-04 [colloc=4.524e-04, cfd=8.474e-05]  WALL=1.354e-15  DATA=8.793e-03
Invoked: SSBroyden1 approach!
[BFGS] batch=   1  call=    44  total=2.345e-03  PDE=5.206e-04 [colloc=4.374e-04, cfd=8.320e-05]  WALL=1.385e-15  DATA=8.921e-03
Invoked: SSBroyden1 approach!
[BFGS] batch=   1  call=    45  total=2.251e-03  PDE=5.023e-04 [colloc=4.270e-04, cfd=7.530e-05]  WALL=1.412e-15  DATA=8.879e-03
Invoked: SSBroyden1 approach!
[BFGS] batch=   1  call=    46  total=2.170e-03  PDE=4.904e-04 [colloc=4.184e-04, cfd=7.200e-05]  WALL=1.421e-15  DATA=8.849e-03
Invoked: SSBroyden1 approach!
[BFGS] batch=   1  call=    47  total=2.099e-03  PDE=4.733e-04 [colloc=4.033e-04, cfd=7.003e-05]  WALL=1.433e-15  DATA=8.889e-03
Invoked: SSBroyden1 approach!
[BFGS] batch=   1  call=    48  total=2.056e-03  PDE=4.630e-04 [colloc=3.927e-04, cfd=7.034e-05]  WALL=1.437e-15  DATA=8.923e-03
Invoked: SSBroyden1 approach!
[BFGS] batch=   1  call=    49  total=1.988e-03  PDE=4.477e-04 [colloc=3.827e-04, cfd=6.499e-05]  WALL=1.436e-15  DATA=9.022e-03
Invoked: SSBroyden1 approach!
[BFGS] batch=   1  call=    50  total=1.909e-03  PDE=4.320e-04 [colloc=3.727e-04, cfd=5.936e-05]  WALL=1.453e-15  DATA=9.215e-03
Invoked: SSBroyden1 approach!
[BFGS] batch=   1  call=    51  total=1.907e-03  PDE=4.362e-04 [colloc=3.689e-04, cfd=6.727e-05]  WALL=1.473e-15  DATA=9.458e-03
Invoked: SSBroyden1 approach!
[BFGS] batch=   1  call=    53  total=1.887e-03  PDE=4.322e-04 [colloc=3.665e-04, cfd=6.576e-05]  WALL=1.473e-15  DATA=9.456e-03
Invoked: SSBroyden1 approach!
[BFGS] batch=   1  call=    54  total=1.856e-03  PDE=4.231e-04 [colloc=3.600e-04, cfd=6.311e-05]  WALL=1.483e-15  DATA=9.418e-03
Invoked: SSBroyden1 approach!
[BFGS] batch=   1  call=    55  total=1.794e-03  PDE=4.102e-04 [colloc=3.511e-04, cfd=5.907e-05]  WALL=1.486e-15  DATA=9.401e-03
Invoked: SSBroyden1 approach!
[BFGS] batch=   1  call=    56  total=1.722e-03  PDE=3.895e-04 [colloc=3.363e-04, cfd=5.317e-05]  WALL=1.490e-15  DATA=9.540e-03
Invoked: SSBroyden1 approach!
[BFGS] batch=   1  call=    57  total=1.659e-03  PDE=3.761e-04 [colloc=3.282e-04, cfd=4.787e-05]  WALL=1.515e-15  DATA=9.553e-03
Invoked: SSBroyden1 approach!
[BFGS] batch=   1  call=    59  total=1.627e-03  PDE=3.697e-04 [colloc=3.232e-04, cfd=4.653e-05]  WALL=1.528e-15  DATA=9.461e-03
Invoked: SSBroyden1 approach!
[BFGS] batch=   1  call=    60  total=1.600e-03  PDE=3.626e-04 [colloc=3.164e-04, cfd=4.621e-05]  WALL=1.531e-15  DATA=9.409e-03
Invoked: SSBroyden1 approach!
[BFGS] batch=   1  call=    61  total=1.579e-03  PDE=3.595e-04 [colloc=3.135e-04, cfd=4.602e-05]  WALL=1.553e-15  DATA=9.481e-03
Invoked: SSBroyden1 approach!
[BFGS] batch=   1  call=    62  total=1.566e-03  PDE=3.560e-04 [colloc=3.100e-04, cfd=4.594e-05]  WALL=1.561e-15  DATA=9.662e-03
Invoked: SSBroyden1 approach!
[BFGS] batch=   1  call=    63  total=1.538e-03  PDE=3.504e-04 [colloc=3.058e-04, cfd=4.464e-05]  WALL=1.564e-15  DATA=9.676e-03
Invoked: SSBroyden1 approach!
[BFGS] batch=   1  call=    64  total=1.493e-03  PDE=3.408e-04 [colloc=2.972e-04, cfd=4.354e-05]  WALL=1.574e-15  DATA=9.637e-03
Invoked: SSBroyden1 approach!
[BFGS] batch=   1  call=    65  total=1.443e-03  PDE=3.269e-04 [colloc=2.841e-04, cfd=4.281e-05]  WALL=1.597e-15  DATA=9.766e-03
Invoked: SSBroyden1 approach!
[BFGS] batch=   1  call=    66  total=1.418e-03  PDE=3.211e-04 [colloc=2.760e-04, cfd=4.518e-05]  WALL=1.584e-15  DATA=1.004e-02
Invoked: SSBroyden1 approach!
[BFGS] batch=   1  call=    67  total=1.392e-03  PDE=3.139e-04 [colloc=2.698e-04, cfd=4.416e-05]  WALL=1.603e-15  DATA=1.006e-02
Invoked: SSBroyden1 approach!
[BFGS] batch=   1  call=    68  total=1.354e-03  PDE=3.072e-04 [colloc=2.647e-04, cfd=4.251e-05]  WALL=1.620e-15  DATA=1.009e-02
Invoked: SSBroyden1 approach!
[BFGS] batch=   1  call=    69  total=1.309e-03  PDE=3.001e-04 [colloc=2.590e-04, cfd=4.106e-05]  WALL=1.633e-15  DATA=1.016e-02
Invoked: SSBroyden1 approach!
[BFGS] batch=   1  call=    70  total=1.270e-03  PDE=2.928e-04 [colloc=2.521e-04, cfd=4.064e-05]  WALL=1.656e-15  DATA=1.037e-02
Invoked: SSBroyden1 approach!
[BFGS] batch=   1  call=    71  total=1.249e-03  PDE=2.900e-04 [colloc=2.483e-04, cfd=4.162e-05]  WALL=1.675e-15  DATA=1.049e-02
Invoked: SSBroyden1 approach!
[BFGS] batch=   1  call=    72  total=1.220e-03  PDE=2.811e-04 [colloc=2.404e-04, cfd=4.073e-05]  WALL=1.679e-15  DATA=1.049e-02
Invoked: SSBroyden1 approach!
[BFGS] batch=   1  call=    73  total=1.179e-03  PDE=2.691e-04 [colloc=2.300e-04, cfd=3.908e-05]  WALL=1.676e-15  DATA=1.060e-02
Invoked: SSBroyden1 approach!
[BFGS] batch=   1  call=    74  total=1.142e-03  PDE=2.575e-04 [colloc=2.181e-04, cfd=3.943e-05]  WALL=1.666e-15  DATA=1.073e-02
Invoked: SSBroyden1 approach!
[BFGS] batch=   1  call=    75  total=1.112e-03  PDE=2.495e-04 [colloc=2.133e-04, cfd=3.619e-05]  WALL=1.663e-15  DATA=1.085e-02
Invoked: SSBroyden1 approach!
[BFGS] batch=   1  call=    76  total=1.084e-03  PDE=2.424e-04 [colloc=2.072e-04, cfd=3.515e-05]  WALL=1.654e-15  DATA=1.097e-02
Invoked: SSBroyden1 approach!
[BFGS] batch=   1  call=    77  total=1.053e-03  PDE=2.358e-04 [colloc=2.031e-04, cfd=3.269e-05]  WALL=1.668e-15  DATA=1.100e-02
Invoked: SSBroyden1 approach!
[BFGS] batch=   1  call=    78  total=1.016e-03  PDE=2.290e-04 [colloc=1.958e-04, cfd=3.322e-05]  WALL=1.656e-15  DATA=1.106e-02
Invoked: SSBroyden1 approach!
[BFGS] batch=   1  call=    79  total=9.867e-04  PDE=2.250e-04 [colloc=1.936e-04, cfd=3.139e-05]  WALL=1.676e-15  DATA=1.117e-02
Invoked: SSBroyden1 approach!
[BFGS] batch=   1  call=    80  total=9.703e-04  PDE=2.225e-04 [colloc=1.927e-04, cfd=2.975e-05]  WALL=1.674e-15  DATA=1.136e-02
Invoked: SSBroyden1 approach!
[BFGS] batch=   1  call=    81  total=9.449e-04  PDE=2.180e-04 [colloc=1.890e-04, cfd=2.901e-05]  WALL=1.674e-15  DATA=1.145e-02
Invoked: SSBroyden1 approach!
[BFGS] batch=   1  call=    82  total=9.120e-04  PDE=2.118e-04 [colloc=1.822e-04, cfd=2.956e-05]  WALL=1.688e-15  DATA=1.162e-02
Invoked: SSBroyden1 approach!
[BFGS] batch=   1  call=    83  total=8.853e-04  PDE=2.066e-04 [colloc=1.778e-04, cfd=2.884e-05]  WALL=1.705e-15  DATA=1.183e-02
Invoked: SSBroyden1 approach!
[BFGS] batch=   1  call=    84  total=8.662e-04  PDE=2.022e-04 [colloc=1.744e-04, cfd=2.781e-05]  WALL=1.698e-15  DATA=1.197e-02
Invoked: SSBroyden1 approach!
[BFGS] batch=   1  call=    85  total=8.413e-04  PDE=1.964e-04 [colloc=1.693e-04, cfd=2.706e-05]  WALL=1.700e-15  DATA=1.206e-02
Invoked: SSBroyden1 approach!
[BFGS] batch=   1  call=    86  total=8.295e-04  PDE=1.958e-04 [colloc=1.682e-04, cfd=2.760e-05]  WALL=1.670e-15  DATA=1.238e-02
Invoked: SSBroyden1 approach!
[BFGS] batch=   1  call=    87  total=8.188e-04  PDE=1.917e-04 [colloc=1.646e-04, cfd=2.717e-05]  WALL=1.665e-15  DATA=1.238e-02
Invoked: SSBroyden1 approach!
[BFGS] batch=   1  call=    88  total=7.954e-04  PDE=1.875e-04 [colloc=1.611e-04, cfd=2.635e-05]  WALL=1.664e-15  DATA=1.238e-02
Invoked: SSBroyden1 approach!
[BFGS] batch=   1  call=    89  total=7.675e-04  PDE=1.813e-04 [colloc=1.558e-04, cfd=2.550e-05]  WALL=1.659e-15  DATA=1.248e-02
Invoked: SSBroyden1 approach!
[BFGS] batch=   1  call=    90  total=7.616e-04  PDE=1.790e-04 [colloc=1.523e-04, cfd=2.670e-05]  WALL=1.640e-15  DATA=1.252e-02
Invoked: SSBroyden1 approach!
[BFGS] batch=   1  call=    91  total=7.497e-04  PDE=1.769e-04 [colloc=1.506e-04, cfd=2.636e-05]  WALL=1.642e-15  DATA=1.255e-02
Invoked: SSBroyden1 approach!
[BFGS] batch=   1  call=    92  total=7.333e-04  PDE=1.736e-04 [colloc=1.481e-04, cfd=2.551e-05]  WALL=1.637e-15  DATA=1.263e-02
Invoked: SSBroyden1 approach!
[BFGS] batch=   1  call=    93  total=7.147e-04  PDE=1.693e-04 [colloc=1.452e-04, cfd=2.415e-05]  WALL=1.636e-15  DATA=1.271e-02
Invoked: SSBroyden1 approach!
[BFGS] batch=   1  call=    94  total=6.967e-04  PDE=1.647e-04 [colloc=1.403e-04, cfd=2.439e-05]  WALL=1.619e-15  DATA=1.283e-02
Invoked: SSBroyden1 approach!
[BFGS] batch=   1  call=    95  total=6.900e-04  PDE=1.628e-04 [colloc=1.393e-04, cfd=2.358e-05]  WALL=1.598e-15  DATA=1.302e-02
Invoked: SSBroyden1 approach!
[BFGS] batch=   1  call=    96  total=6.800e-04  PDE=1.602e-04 [colloc=1.370e-04, cfd=2.318e-05]  WALL=1.602e-15  DATA=1.307e-02
Invoked: SSBroyden1 approach!
[BFGS] batch=   1  call=    97  total=6.627e-04  PDE=1.566e-04 [colloc=1.339e-04, cfd=2.272e-05]  WALL=1.603e-15  DATA=1.320e-02
Invoked: SSBroyden1 approach!
[BFGS] batch=   1  call=    98  total=6.392e-04  PDE=1.514e-04 [colloc=1.287e-04, cfd=2.275e-05]  WALL=1.594e-15  DATA=1.339e-02
Invoked: SSBroyden1 approach!
[BFGS] batch=   1  call=    99  total=6.225e-04  PDE=1.471e-04 [colloc=1.250e-04, cfd=2.205e-05]  WALL=1.581e-15  DATA=1.367e-02
Invoked: SSBroyden1 approach!
[BFGS] batch=   1  call=   100  total=6.132e-04  PDE=1.457e-04 [colloc=1.229e-04, cfd=2.278e-05]  WALL=1.578e-15  DATA=1.394e-02
Invoked: SSBroyden1 approach!
[BFGS] batch=   1  call=   101  total=5.981e-04  PDE=1.431e-04 [colloc=1.211e-04, cfd=2.205e-05]  WALL=1.582e-15  DATA=1.403e-02
Invoked: SSBroyden1 approach!
[BFGS] batch=   1  call=   102  total=5.846e-04  PDE=1.399e-04 [colloc=1.183e-04, cfd=2.163e-05]  WALL=1.586e-15  DATA=1.422e-02
Invoked: SSBroyden1 approach!
[BFGS] batch=   1  call=   103  total=5.667e-04  PDE=1.352e-04 [colloc=1.135e-04, cfd=2.170e-05]  WALL=1.568e-15  DATA=1.442e-02
Invoked: SSBroyden1 approach!
[BFGS] batch=   1  call=   104  total=5.572e-04  PDE=1.330e-04 [colloc=1.114e-04, cfd=2.155e-05]  WALL=1.546e-15  DATA=1.466e-02
Invoked: SSBroyden1 approach!
[BFGS] batch=   1  call=   105  total=5.417e-04  PDE=1.296e-04 [colloc=1.084e-04, cfd=2.112e-05]  WALL=1.538e-15  DATA=1.477e-02
Invoked: SSBroyden1 approach!
[BFGS] batch=   1  call=   106  total=5.277e-04  PDE=1.268e-04 [colloc=1.056e-04, cfd=2.121e-05]  WALL=1.528e-15  DATA=1.497e-02
Invoked: SSBroyden1 approach!
[BFGS] batch=   1  call=   107  total=5.200e-04  PDE=1.253e-04 [colloc=1.030e-04, cfd=2.226e-05]  WALL=1.506e-15  DATA=1.515e-02
Invoked: SSBroyden1 approach!
[BFGS] batch=   1  call=   108  total=5.088e-04  PDE=1.226e-04 [colloc=1.011e-04, cfd=2.152e-05]  WALL=1.502e-15  DATA=1.525e-02
Invoked: SSBroyden1 approach!
[BFGS] batch=   1  call=   109  total=4.985e-04  PDE=1.206e-04 [colloc=9.924e-05, cfd=2.134e-05]  WALL=1.503e-15  DATA=1.534e-02
Invoked: SSBroyden1 approach!
[BFGS] batch=   1  call=   110  total=4.866e-04  PDE=1.174e-04 [colloc=9.674e-05, cfd=2.065e-05]  WALL=1.499e-15  DATA=1.543e-02
Invoked: SSBroyden1 approach!
[BFGS] batch=   1  call=   111  total=4.742e-04  PDE=1.143e-04 [colloc=9.506e-05, cfd=1.929e-05]  WALL=1.489e-15  DATA=1.560e-02
Invoked: SSBroyden1 approach!
[BFGS] batch=   1  call=   112  total=4.636e-04  PDE=1.120e-04 [colloc=9.359e-05, cfd=1.843e-05]  WALL=1.491e-15  DATA=1.566e-02
Invoked: SSBroyden1 approach!
[BFGS] batch=   1  call=   113  total=4.538e-04  PDE=1.097e-04 [colloc=9.150e-05, cfd=1.816e-05]  WALL=1.478e-15  DATA=1.580e-02
Invoked: SSBroyden1 approach!
[BFGS] batch=   1  call=   114  total=4.496e-04  PDE=1.085e-04 [colloc=9.080e-05, cfd=1.773e-05]  WALL=1.467e-15  DATA=1.593e-02
Invoked: SSBroyden1 approach!
[BFGS] batch=   1  call=   115  total=4.431e-04  PDE=1.068e-04 [colloc=8.969e-05, cfd=1.713e-05]  WALL=1.465e-15  DATA=1.597e-02
Invoked: SSBroyden1 approach!
[BFGS] batch=   1  call=   116  total=4.329e-04  PDE=1.047e-04 [colloc=8.781e-05, cfd=1.685e-05]  WALL=1.457e-15  DATA=1.608e-02
Invoked: SSBroyden1 approach!
[BFGS] batch=   1  call=   117  total=4.256e-04  PDE=1.026e-04 [colloc=8.593e-05, cfd=1.662e-05]  WALL=1.438e-15  DATA=1.627e-02
Invoked: SSBroyden1 approach!
[BFGS] batch=   1  call=   118  total=4.157e-04  PDE=1.003e-04 [colloc=8.407e-05, cfd=1.621e-05]  WALL=1.426e-15  DATA=1.642e-02
Invoked: SSBroyden1 approach!
[BFGS] batch=   1  call=   119  total=4.120e-04  PDE=9.966e-05 [colloc=8.346e-05, cfd=1.620e-05]  WALL=1.411e-15  DATA=1.667e-02
Invoked: SSBroyden1 approach!
[BFGS] batch=   1  call=   120  total=4.048e-04  PDE=9.835e-05 [colloc=8.247e-05, cfd=1.588e-05]  WALL=1.409e-15  DATA=1.674e-02
Invoked: SSBroyden1 approach!
[BFGS] batch=   1  call=   121  total=3.978e-04  PDE=9.643e-05 [colloc=8.087e-05, cfd=1.556e-05]  WALL=1.400e-15  DATA=1.690e-02
Invoked: SSBroyden1 approach!
[BFGS] batch=   1  call=   122  total=3.941e-04  PDE=9.521e-05 [colloc=7.976e-05, cfd=1.546e-05]  WALL=1.388e-15  DATA=1.703e-02
Invoked: SSBroyden1 approach!
[BFGS] batch=   1  call=   123  total=3.892e-04  PDE=9.396e-05 [colloc=7.858e-05, cfd=1.538e-05]  WALL=1.390e-15  DATA=1.709e-02
Invoked: SSBroyden1 approach!
[BFGS] batch=   1  call=   124  total=3.824e-04  PDE=9.271e-05 [colloc=7.762e-05, cfd=1.509e-05]  WALL=1.383e-15  DATA=1.719e-02
Invoked: SSBroyden1 approach!
[BFGS] batch=   1  call=   125  total=3.761e-04  PDE=9.095e-05 [colloc=7.631e-05, cfd=1.464e-05]  WALL=1.372e-15  DATA=1.736e-02
Invoked: SSBroyden1 approach!
[BFGS] batch=   1  call=   126  total=3.720e-04  PDE=8.973e-05 [colloc=7.485e-05, cfd=1.487e-05]  WALL=1.363e-15  DATA=1.750e-02
Invoked: SSBroyden1 approach!
[BFGS] batch=   1  call=   127  total=3.669e-04  PDE=8.843e-05 [colloc=7.375e-05, cfd=1.468e-05]  WALL=1.355e-15  DATA=1.758e-02
Invoked: SSBroyden1 approach!
[BFGS] batch=   1  call=   128  total=3.588e-04  PDE=8.690e-05 [colloc=7.248e-05, cfd=1.442e-05]  WALL=1.344e-15  DATA=1.779e-02
Invoked: SSBroyden1 approach!
[BFGS] batch=   1  call=   129  total=3.545e-04  PDE=8.594e-05 [colloc=7.143e-05, cfd=1.452e-05]  WALL=1.337e-15  DATA=1.817e-02
Invoked: SSBroyden1 approach!
[BFGS] batch=   1  call=   130  total=3.503e-04  PDE=8.460e-05 [colloc=7.040e-05, cfd=1.420e-05]  WALL=1.331e-15  DATA=1.828e-02
Invoked: SSBroyden1 approach!
[BFGS] batch=   1  call=   131  total=3.430e-04  PDE=8.328e-05 [colloc=6.952e-05, cfd=1.376e-05]  WALL=1.321e-15  DATA=1.841e-02
Invoked: SSBroyden1 approach!
[BFGS] batch=   1  call=   132  total=3.420e-04  PDE=8.279e-05 [colloc=6.951e-05, cfd=1.328e-05]  WALL=1.312e-15  DATA=1.862e-02
Invoked: SSBroyden1 approach!
[BFGS] batch=   1  call=   133  total=3.391e-04  PDE=8.231e-05 [colloc=6.911e-05, cfd=1.320e-05]  WALL=1.310e-15  DATA=1.864e-02
Invoked: SSBroyden1 approach!
[BFGS] batch=   1  call=   134  total=3.342e-04  PDE=8.102e-05 [colloc=6.796e-05, cfd=1.306e-05]  WALL=1.306e-15  DATA=1.868e-02
Invoked: SSBroyden1 approach!
[BFGS] batch=   1  call=   135  total=3.286e-04  PDE=7.959e-05 [colloc=6.674e-05, cfd=1.285e-05]  WALL=1.299e-15  DATA=1.877e-02
Invoked: SSBroyden1 approach!
[BFGS] batch=   1  call=   136  total=3.254e-04  PDE=7.867e-05 [colloc=6.608e-05, cfd=1.259e-05]  WALL=1.284e-15  DATA=1.892e-02
Invoked: SSBroyden1 approach!
[BFGS] batch=   1  call=   137  total=3.196e-04  PDE=7.764e-05 [colloc=6.535e-05, cfd=1.229e-05]  WALL=1.278e-15  DATA=1.900e-02
Invoked: SSBroyden1 approach!
[BFGS] batch=   1  call=   139  total=3.174e-04  PDE=7.700e-05 [colloc=6.484e-05, cfd=1.216e-05]  WALL=1.275e-15  DATA=1.910e-02
Invoked: SSBroyden1 approach!
[BFGS] batch=   1  call=   140  total=3.162e-04  PDE=7.618e-05 [colloc=6.399e-05, cfd=1.219e-05]  WALL=1.271e-15  DATA=1.916e-02
Invoked: SSBroyden1 approach!
[BFGS] batch=   1  call=   141  total=3.145e-04  PDE=7.569e-05 [colloc=6.361e-05, cfd=1.208e-05]  WALL=1.269e-15  DATA=1.919e-02
Invoked: SSBroyden1 approach!
[BFGS] batch=   1  call=   142  total=3.112e-04  PDE=7.494e-05 [colloc=6.296e-05, cfd=1.198e-05]  WALL=1.265e-15  DATA=1.924e-02
Invoked: SSBroyden1 approach!
[BFGS] batch=   1  call=   143  total=3.067e-04  PDE=7.392e-05 [colloc=6.199e-05, cfd=1.193e-05]  WALL=1.258e-15  DATA=1.932e-02
Invoked: SSBroyden1 approach!
[BFGS] batch=   1  call=   144  total=3.032e-04  PDE=7.328e-05 [colloc=6.110e-05, cfd=1.218e-05]  WALL=1.256e-15  DATA=1.941e-02
Invoked: SSBroyden1 approach!
[BFGS] batch=   1  call=   145  total=3.024e-04  PDE=7.276e-05 [colloc=6.047e-05, cfd=1.229e-05]  WALL=1.246e-15  DATA=1.952e-02
Invoked: SSBroyden1 approach!
[BFGS] batch=   1  call=   146  total=2.997e-04  PDE=7.237e-05 [colloc=6.016e-05, cfd=1.220e-05]  WALL=1.244e-15  DATA=1.955e-02
Invoked: SSBroyden1 approach!
[BFGS] batch=   1  call=   147  total=2.974e-04  PDE=7.160e-05 [colloc=5.947e-05, cfd=1.213e-05]  WALL=1.235e-15  DATA=1.967e-02
Invoked: SSBroyden1 approach!
[BFGS] batch=   1  call=   148  total=2.939e-04  PDE=7.066e-05 [colloc=5.880e-05, cfd=1.186e-05]  WALL=1.229e-15  DATA=1.978e-02
Invoked: SSBroyden1 approach!
[BFGS] batch=   1  call=   149  total=2.889e-04  PDE=6.951e-05 [colloc=5.797e-05, cfd=1.154e-05]  WALL=1.218e-15  DATA=1.995e-02
Invoked: SSBroyden1 approach!
[BFGS] batch=   1  call=   150  total=2.861e-04  PDE=6.869e-05 [colloc=5.767e-05, cfd=1.102e-05]  WALL=1.210e-15  DATA=2.024e-02
Invoked: SSBroyden1 approach!
[BFGS] batch=   1  call=   151  total=2.815e-04  PDE=6.786e-05 [colloc=5.686e-05, cfd=1.100e-05]  WALL=1.199e-15  DATA=2.045e-02
Invoked: SSBroyden1 approach!
[BFGS] batch=   1  call=   152  total=2.801e-04  PDE=6.737e-05 [colloc=5.671e-05, cfd=1.066e-05]  WALL=1.189e-15  DATA=2.063e-02
Invoked: SSBroyden1 approach!
[BFGS] batch=   1  call=   153  total=2.779e-04  PDE=6.679e-05 [colloc=5.614e-05, cfd=1.065e-05]  WALL=1.187e-15  DATA=2.067e-02
Invoked: SSBroyden1 approach!
[BFGS] batch=   1  call=   154  total=2.740e-04  PDE=6.587e-05 [colloc=5.548e-05, cfd=1.040e-05]  WALL=1.182e-15  DATA=2.072e-02
Invoked: SSBroyden1 approach!
[BFGS] batch=   1  call=   155  total=2.701e-04  PDE=6.474e-05 [colloc=5.449e-05, cfd=1.025e-05]  WALL=1.168e-15  DATA=2.085e-02
Invoked: SSBroyden1 approach!
[BFGS] batch=   1  call=   156  total=2.642e-04  PDE=6.367e-05 [colloc=5.364e-05, cfd=1.003e-05]  WALL=1.159e-15  DATA=2.099e-02
Invoked: SSBroyden1 approach!
[BFGS] batch=   1  call=   158  total=2.617e-04  PDE=6.318e-05 [colloc=5.313e-05, cfd=1.005e-05]  WALL=1.152e-15  DATA=2.112e-02
Invoked: SSBroyden1 approach!
[BFGS] batch=   1  call=   159  total=2.595e-04  PDE=6.284e-05 [colloc=5.265e-05, cfd=1.019e-05]  WALL=1.147e-15  DATA=2.123e-02
Invoked: SSBroyden1 approach!
[BFGS] batch=   1  call=   160  total=2.570e-04  PDE=6.237e-05 [colloc=5.230e-05, cfd=1.007e-05]  WALL=1.145e-15  DATA=2.138e-02
Invoked: SSBroyden1 approach!
[BFGS] batch=   1  call=   161  total=2.552e-04  PDE=6.225e-05 [colloc=5.201e-05, cfd=1.024e-05]  WALL=1.135e-15  DATA=2.151e-02
[BFGS] batch 1: H0 not PD — resetting to identity.
[BFGS-END] batch=   1  last_total=2.552e-04  last_PDE=6.225e-05 [colloc=5.201e-05, cfd=1.024e-05]  last_WALL=1.135e-15  last_DATA=2.151e-02
Invoked: SSBroyden1 approach!
[BFGS] batch=   2  call=   164  total=2.549e-04  PDE=6.214e-05 [colloc=5.194e-05, cfd=1.020e-05]  WALL=1.138e-15  DATA=2.151e-02
Invoked: SSBroyden1 approach!
[BFGS] batch=   2  call=   165  total=2.549e-04  PDE=6.193e-05 [colloc=5.183e-05, cfd=1.010e-05]  WALL=1.143e-15  DATA=2.149e-02
Invoked: SSBroyden1 approach!
[BFGS] batch=   2  call=   168  total=2.541e-04  PDE=6.180e-05 [colloc=5.172e-05, cfd=1.008e-05]  WALL=1.142e-15  DATA=2.150e-02
Invoked: SSBroyden1 approach!
[BFGS] batch=   2  call=   169  total=2.532e-04  PDE=6.147e-05 [colloc=5.152e-05, cfd=9.956e-06]  WALL=1.142e-15  DATA=2.150e-02
Invoked: SSBroyden1 approach!
[BFGS] batch=   2  call=   170  total=2.519e-04  PDE=6.138e-05 [colloc=5.153e-05, cfd=9.854e-06]  WALL=1.140e-15  DATA=2.149e-02
Invoked: SSBroyden1 approach!
[BFGS] batch=   2  call=   171  total=2.499e-04  PDE=6.092e-05 [colloc=5.123e-05, cfd=9.692e-06]  WALL=1.141e-15  DATA=2.147e-02
Invoked: SSBroyden1 approach!
[BFGS] batch=   2  call=   172  total=2.482e-04  PDE=6.042e-05 [colloc=5.084e-05, cfd=9.575e-06]  WALL=1.142e-15  DATA=2.145e-02
Invoked: SSBroyden1 approach!
[BFGS] batch=   2  call=   173  total=2.477e-04  PDE=6.012e-05 [colloc=5.068e-05, cfd=9.432e-06]  WALL=1.138e-15  DATA=2.145e-02
Invoked: SSBroyden1 approach!
[BFGS] batch=   2  call=   174  total=2.462e-04  PDE=5.990e-05 [colloc=5.052e-05, cfd=9.375e-06]  WALL=1.138e-15  DATA=2.144e-02
Invoked: SSBroyden1 approach!
[BFGS] batch=   2  call=   175  total=2.452e-04  PDE=5.962e-05 [colloc=5.030e-05, cfd=9.318e-06]  WALL=1.136e-15  DATA=2.145e-02
Invoked: SSBroyden1 approach!
[BFGS] batch=   2  call=   176  total=2.448e-04  PDE=5.925e-05 [colloc=5.009e-05, cfd=9.161e-06]  WALL=1.137e-15  DATA=2.143e-02
Invoked: SSBroyden1 approach!
[BFGS] batch=   2  call=   177  total=2.441e-04  PDE=5.910e-05 [colloc=4.995e-05, cfd=9.150e-06]  WALL=1.137e-15  DATA=2.142e-02
Invoked: SSBroyden1 approach!
[BFGS] batch=   2  call=   178  total=2.418e-04  PDE=5.885e-05 [colloc=4.977e-05, cfd=9.070e-06]  WALL=1.139e-15  DATA=2.142e-02
Invoked: SSBroyden1 approach!
[BFGS] batch=   2  call=   189  total=2.410e-04  PDE=5.879e-05 [colloc=4.974e-05, cfd=9.042e-06]  WALL=1.140e-15  DATA=2.142e-02
Invoked: SSBroyden1 approach!
[BFGS] batch=   2  call=   190  total=2.403e-04  PDE=5.862e-05 [colloc=4.957e-05, cfd=9.046e-06]  WALL=1.140e-15  DATA=2.142e-02
Invoked: SSBroyden1 approach!
[BFGS] batch=   2  call=   201  total=2.400e-04  PDE=5.838e-05 [colloc=4.941e-05, cfd=8.971e-06]  WALL=1.141e-15  DATA=2.142e-02
Invoked: SSBroyden1 approach!
[BFGS] batch=   2  call=   202  total=2.395e-04  PDE=5.826e-05 [colloc=4.931e-05, cfd=8.952e-06]  WALL=1.142e-15  DATA=2.142e-02
Invoked: SSBroyden1 approach!
[BFGS] batch=   2  call=   205  total=2.385e-04  PDE=5.817e-05 [colloc=4.924e-05, cfd=8.928e-06]  WALL=1.142e-15  DATA=2.142e-02
Invoked: SSBroyden1 approach!
[BFGS] batch=   2  call=   207  total=2.381e-04  PDE=5.806e-05 [colloc=4.915e-05, cfd=8.918e-06]  WALL=1.142e-15  DATA=2.142e-02
Invoked: SSBroyden1 approach!
[BFGS] batch=   2  call=   208  total=2.381e-04  PDE=5.794e-05 [colloc=4.908e-05, cfd=8.865e-06]  WALL=1.143e-15  DATA=2.141e-02
Invoked: SSBroyden1 approach!
[BFGS] batch=   2  call=   211  total=2.380e-04  PDE=5.791e-05 [colloc=4.905e-05, cfd=8.857e-06]  WALL=1.143e-15  DATA=2.141e-02
Invoked: SSBroyden1 approach!
[BFGS] batch=   2  call=   212  total=2.376e-04  PDE=5.788e-05 [colloc=4.903e-05, cfd=8.850e-06]  WALL=1.143e-15  DATA=2.141e-02
Invoked: SSBroyden1 approach!
[BFGS] batch=   2  call=   213  total=2.368e-04  PDE=5.775e-05 [colloc=4.891e-05, cfd=8.838e-06]  WALL=1.143e-15  DATA=2.142e-02
Invoked: SSBroyden1 approach!
[BFGS] batch=   2  call=   223  total=2.365e-04  PDE=5.771e-05 [colloc=4.894e-05, cfd=8.765e-06]  WALL=1.145e-15  DATA=2.141e-02
Invoked: SSBroyden1 approach!
[BFGS] batch=   2  call=   230  total=2.362e-04  PDE=5.762e-05 [colloc=4.886e-05, cfd=8.764e-06]  WALL=1.145e-15  DATA=2.142e-02
Invoked: SSBroyden1 approach!
[BFGS] batch=   2  call=   231  total=2.355e-04  PDE=5.756e-05 [colloc=4.883e-05, cfd=8.737e-06]  WALL=1.145e-15  DATA=2.142e-02
Invoked: SSBroyden1 approach!
[BFGS] batch=   2  call=   233  total=2.349e-04  PDE=5.749e-05 [colloc=4.879e-05, cfd=8.705e-06]  WALL=1.144e-15  DATA=2.143e-02
[BFGS-END] batch=   2  last_total=2.357e-04  last_PDE=5.749e-05 [colloc=4.879e-05, cfd=8.705e-06]  last_WALL=1.144e-15  last_DATA=2.143e-02
/oscar/home/jchen790/cylinder flow lab/src/cfp40.py:1430: OptimizeWarning: Unknown solver options: hess, hessp, bounds, constraints, tol
  result = minimize(
Invoked: SSBroyden1 approach!
[BFGS] batch=   3  call=   254  total=2.345e-04  PDE=5.745e-05 [colloc=4.876e-05, cfd=8.692e-06]  WALL=1.144e-15  DATA=2.144e-02
Invoked: SSBroyden1 approach!
[BFGS] batch=   3  call=   263  total=2.344e-04  PDE=5.742e-05 [colloc=4.872e-05, cfd=8.705e-06]  WALL=1.143e-15  DATA=2.144e-02
[BFGS-END] batch=   3  last_total=2.349e-04  last_PDE=5.742e-05 [colloc=4.872e-05, cfd=8.705e-06]  last_WALL=1.143e-15  last_DATA=2.144e-02
/oscar/home/jchen790/cylinder flow lab/src/cfp40.py:1430: OptimizeWarning: Unknown solver options: hess, hessp, bounds, constraints, tol
  result = minimize(
Invoked: SSBroyden1 approach!
[BFGS] batch=   4  call=   284  total=2.351e-04  PDE=5.739e-05 [colloc=4.871e-05, cfd=8.684e-06]  WALL=1.144e-15  DATA=2.146e-02
Invoked: SSBroyden1 approach!
[BFGS] batch=   4  call=   286  total=2.347e-04  PDE=5.734e-05 [colloc=4.865e-05, cfd=8.686e-06]  WALL=1.143e-15  DATA=2.146e-02
Invoked: SSBroyden1 approach!
[BFGS] batch=   4  call=   287  total=2.347e-04  PDE=5.727e-05 [colloc=4.857e-05, cfd=8.699e-06]  WALL=1.142e-15  DATA=2.145e-02
Invoked: SSBroyden1 approach!
[BFGS] batch=   4  call=   289  total=2.341e-04  PDE=5.721e-05 [colloc=4.850e-05, cfd=8.710e-06]  WALL=1.142e-15  DATA=2.145e-02
Invoked: SSBroyden1 approach!
[BFGS] batch=   4  call=   291  total=2.337e-04  PDE=5.718e-05 [colloc=4.845e-05, cfd=8.734e-06]  WALL=1.142e-15  DATA=2.145e-02
[BFGS-END] batch=   4  last_total=2.343e-04  last_PDE=5.718e-05 [colloc=4.845e-05, cfd=8.734e-06]  last_WALL=1.142e-15  last_DATA=2.145e-02
/oscar/home/jchen790/cylinder flow lab/src/cfp40.py:1430: OptimizeWarning: Unknown solver options: hess, hessp, bounds, constraints, tol
  result = minimize(
Invoked: SSBroyden1 approach!
[BFGS] batch=   5  call=   312  total=2.337e-04  PDE=5.714e-05 [colloc=4.843e-05, cfd=8.704e-06]  WALL=1.141e-15  DATA=2.145e-02
[BFGS-END] batch=   5  last_total=2.341e-04  last_PDE=5.713e-05 [colloc=4.843e-05, cfd=8.703e-06]  last_WALL=1.141e-15  last_DATA=2.145e-02
/oscar/home/jchen790/cylinder flow lab/src/cfp40.py:1430: OptimizeWarning: Unknown solver options: hess, hessp, bounds, constraints, tol
  result = minimize(
Invoked: SSBroyden1 approach!
[BFGS] batch=   6  call=   336  total=2.342e-04  PDE=5.710e-05 [colloc=4.838e-05, cfd=8.714e-06]  WALL=1.141e-15  DATA=2.145e-02
Invoked: SSBroyden1 approach!
[BFGS] batch=   6  call=   340  total=2.342e-04  PDE=5.709e-05 [colloc=4.836e-05, cfd=8.734e-06]  WALL=1.139e-15  DATA=2.147e-02
Invoked: SSBroyden1 approach!
[BFGS] batch=   6  call=   341  total=2.337e-04  PDE=5.706e-05 [colloc=4.834e-05, cfd=8.716e-06]  WALL=1.139e-15  DATA=2.147e-02
Invoked: SSBroyden1 approach!
[BFGS] batch=   6  call=   342  total=2.335e-04  PDE=5.696e-05 [colloc=4.832e-05, cfd=8.640e-06]  WALL=1.138e-15  DATA=2.146e-02
Invoked: SSBroyden1 approach!
[BFGS] batch=   6  call=   343  total=2.328e-04  PDE=5.693e-05 [colloc=4.830e-05, cfd=8.628e-06]  WALL=1.138e-15  DATA=2.146e-02
Invoked: SSBroyden1 approach!
[BFGS] batch=   6  call=   345  total=2.320e-04  PDE=5.688e-05 [colloc=4.822e-05, cfd=8.654e-06]  WALL=1.138e-15  DATA=2.146e-02
[BFGS-END] batch=   6  last_total=2.330e-04  last_PDE=5.688e-05 [colloc=4.822e-05, cfd=8.654e-06]  last_WALL=1.138e-15  last_DATA=2.146e-02
/oscar/home/jchen790/cylinder flow lab/src/cfp40.py:1430: OptimizeWarning: Unknown solver options: hess, hessp, bounds, constraints, tol
  result = minimize(
Invoked: SSBroyden1 approach!
[BFGS] batch=   7  call=   366  total=2.321e-04  PDE=5.686e-05 [colloc=4.819e-05, cfd=8.671e-06]  WALL=1.137e-15  DATA=2.147e-02
Invoked: SSBroyden1 approach!
[BFGS] batch=   7  call=   367  total=2.321e-04  PDE=5.676e-05 [colloc=4.815e-05, cfd=8.605e-06]  WALL=1.137e-15  DATA=2.144e-02
[BFGS-END] batch=   7  last_total=2.321e-04  last_PDE=5.676e-05 [colloc=4.815e-05, cfd=8.605e-06]  last_WALL=1.137e-15  last_DATA=2.144e-02
/oscar/home/jchen790/cylinder flow lab/src/cfp40.py:1430: OptimizeWarning: Unknown solver options: hess, hessp, bounds, constraints, tol
  result = minimize(
Invoked: SSBroyden1 approach!
[BFGS] batch=   8  call=   387  total=2.321e-04  PDE=5.676e-05 [colloc=4.815e-05, cfd=8.606e-06]  WALL=1.137e-15  DATA=2.145e-02
[BFGS-END] batch=   8  last_total=2.322e-04  last_PDE=5.676e-05 [colloc=4.815e-05, cfd=8.606e-06]  last_WALL=1.137e-15  last_DATA=2.145e-02
/oscar/home/jchen790/cylinder flow lab/src/cfp40.py:1430: OptimizeWarning: Unknown solver options: hess, hessp, bounds, constraints, tol
  result = minimize(
Invoked: SSBroyden1 approach!
[BFGS] batch=   9  call=   406  total=2.324e-04  PDE=5.675e-05 [colloc=4.813e-05, cfd=8.619e-06]  WALL=1.138e-15  DATA=2.146e-02
Invoked: SSBroyden1 approach!
[BFGS] batch=   9  call=   408  total=2.321e-04  PDE=5.671e-05 [colloc=4.811e-05, cfd=8.601e-06]  WALL=1.137e-15  DATA=2.146e-02
Invoked: SSBroyden1 approach!
[BFGS] batch=   9  call=   409  total=2.313e-04  PDE=5.661e-05 [colloc=4.804e-05, cfd=8.568e-06]  WALL=1.136e-15  DATA=2.148e-02
Invoked: SSBroyden1 approach!
[BFGS] batch=   9  call=   417  total=2.306e-04  PDE=5.653e-05 [colloc=4.800e-05, cfd=8.536e-06]  WALL=1.135e-15  DATA=2.148e-02
[BFGS-END] batch=   9  last_total=2.312e-04  last_PDE=5.653e-05 [colloc=4.800e-05, cfd=8.536e-06]  last_WALL=1.135e-15  last_DATA=2.148e-02
/oscar/home/jchen790/cylinder flow lab/src/cfp40.py:1430: OptimizeWarning: Unknown solver options: hess, hessp, bounds, constraints, tol
  result = minimize(
Invoked: SSBroyden1 approach!
[BFGS] batch=  10  call=   438  total=2.302e-04  PDE=5.646e-05 [colloc=4.795e-05, cfd=8.503e-06]  WALL=1.135e-15  DATA=2.149e-02
[BFGS-END] batch=  10  last_total=2.309e-04  last_PDE=5.646e-05 [colloc=4.795e-05, cfd=8.503e-06]  last_WALL=1.135e-15  last_DATA=2.149e-02
/oscar/home/jchen790/cylinder flow lab/src/cfp40.py:1430: OptimizeWarning: Unknown solver options: hess, hessp, bounds, constraints, tol
  result = minimize(
Invoked: SSBroyden1 approach!
[BFGS] batch=  11  call=   460  total=2.308e-04  PDE=5.642e-05 [colloc=4.788e-05, cfd=8.536e-06]  WALL=1.135e-15  DATA=2.151e-02
Invoked: SSBroyden1 approach!
[BFGS] batch=  11  call=   469  total=2.305e-04  PDE=5.635e-05 [colloc=4.786e-05, cfd=8.489e-06]  WALL=1.134e-15  DATA=2.153e-02
[BFGS-END] batch=  11  last_total=2.309e-04  last_PDE=5.635e-05 [colloc=4.786e-05, cfd=8.489e-06]  last_WALL=1.134e-15  last_DATA=2.153e-02
/oscar/home/jchen790/cylinder flow lab/src/cfp40.py:1430: OptimizeWarning: Unknown solver options: hess, hessp, bounds, constraints, tol
  result = minimize(
Invoked: SSBroyden1 approach!
[BFGS] batch=  12  call=   498  total=2.308e-04  PDE=5.633e-05 [colloc=4.787e-05, cfd=8.454e-06]  WALL=1.134e-15  DATA=2.154e-02
Invoked: SSBroyden1 approach!
[BFGS] batch=  12  call=   499  total=2.308e-04  PDE=5.628e-05 [colloc=4.788e-05, cfd=8.400e-06]  WALL=1.134e-15  DATA=2.155e-02
Invoked: SSBroyden1 approach!
[BFGS] batch=  12  call=   501  total=2.300e-04  PDE=5.625e-05 [colloc=4.786e-05, cfd=8.387e-06]  WALL=1.134e-15  DATA=2.156e-02
Invoked: SSBroyden1 approach!
[BFGS] batch=  12  call=   509  total=2.294e-04  PDE=5.614e-05 [colloc=4.780e-05, cfd=8.343e-06]  WALL=1.132e-15  DATA=2.159e-02
Invoked: SSBroyden1 approach!
[BFGS] batch=  12  call=   510  total=2.294e-04  PDE=5.610e-05 [colloc=4.774e-05, cfd=8.363e-06]  WALL=1.132e-15  DATA=2.162e-02
Invoked: SSBroyden1 approach!
[BFGS] batch=  12  call=   512  total=2.293e-04  PDE=5.606e-05 [colloc=4.772e-05, cfd=8.335e-06]  WALL=1.132e-15  DATA=2.162e-02
Invoked: SSBroyden1 approach!
[BFGS] batch=  12  call=   513  total=2.289e-04  PDE=5.602e-05 [colloc=4.769e-05, cfd=8.322e-06]  WALL=1.131e-15  DATA=2.162e-02
Invoked: SSBroyden1 approach!
[BFGS] batch=  12  call=   515  total=2.288e-04  PDE=5.598e-05 [colloc=4.767e-05, cfd=8.309e-06]  WALL=1.131e-15  DATA=2.162e-02
Invoked: SSBroyden1 approach!
[BFGS] batch=  12  call=   517  total=2.286e-04  PDE=5.582e-05 [colloc=4.757e-05, cfd=8.251e-06]  WALL=1.131e-15  DATA=2.162e-02
Invoked: SSBroyden1 approach!
[BFGS] batch=  12  call=   518  total=2.278e-04  PDE=5.576e-05 [colloc=4.754e-05, cfd=8.224e-06]  WALL=1.131e-15  DATA=2.162e-02
Invoked: SSBroyden1 approach!
[BFGS] batch=  12  call=   519  total=2.275e-04  PDE=5.566e-05 [colloc=4.747e-05, cfd=8.198e-06]  WALL=1.129e-15  DATA=2.167e-02
Invoked: SSBroyden1 approach!
[BFGS] batch=  12  call=   520  total=2.274e-04  PDE=5.558e-05 [colloc=4.742e-05, cfd=8.167e-06]  WALL=1.129e-15  DATA=2.168e-02
Invoked: SSBroyden1 approach!
[BFGS] batch=  12  call=   527  total=2.270e-04  PDE=5.552e-05 [colloc=4.735e-05, cfd=8.169e-06]  WALL=1.129e-15  DATA=2.169e-02
Invoked: SSBroyden1 approach!
[BFGS] batch=  12  call=   528  total=2.260e-04  PDE=5.542e-05 [colloc=4.730e-05, cfd=8.116e-06]  WALL=1.127e-15  DATA=2.173e-02
[BFGS-END] batch=  12  last_total=2.264e-04  last_PDE=5.541e-05 [colloc=4.730e-05, cfd=8.114e-06]  last_WALL=1.127e-15  last_DATA=2.173e-02
/oscar/home/jchen790/cylinder flow lab/src/cfp40.py:1430: OptimizeWarning: Unknown solver options: hess, hessp, bounds, constraints, tol
  result = minimize(
Invoked: SSBroyden1 approach!
[BFGS] batch=  13  call=   551  total=2.261e-04  PDE=5.537e-05 [colloc=4.726e-05, cfd=8.107e-06]  WALL=1.128e-15  DATA=2.173e-02
Invoked: SSBroyden1 approach!
[BFGS] batch=  13  call=   553  total=2.259e-04  PDE=5.534e-05 [colloc=4.724e-05, cfd=8.100e-06]  WALL=1.128e-15  DATA=2.174e-02
Invoked: SSBroyden1 approach!
[BFGS] batch=  13  call=   554  total=2.251e-04  PDE=5.531e-05 [colloc=4.723e-05, cfd=8.076e-06]  WALL=1.128e-15  DATA=2.174e-02
[BFGS-END] batch=  13  last_total=2.269e-04  last_PDE=5.531e-05 [colloc=4.723e-05, cfd=8.076e-06]  last_WALL=1.128e-15  last_DATA=2.174e-02
/oscar/home/jchen790/cylinder flow lab/src/cfp40.py:1430: OptimizeWarning: Unknown solver options: hess, hessp, bounds, constraints, tol
  result = minimize(
Invoked: SSBroyden1 approach!
[BFGS] batch=  14  call=   583  total=2.258e-04  PDE=5.527e-05 [colloc=4.719e-05, cfd=8.085e-06]  WALL=1.128e-15  DATA=2.176e-02
Invoked: SSBroyden1 approach!
[BFGS] batch=  14  call=   584  total=2.256e-04  PDE=5.525e-05 [colloc=4.714e-05, cfd=8.109e-06]  WALL=1.128e-15  DATA=2.177e-02
Invoked: SSBroyden1 approach!
[BFGS] batch=  14  call=   585  total=2.256e-04  PDE=5.519e-05 [colloc=4.714e-05, cfd=8.044e-06]  WALL=1.128e-15  DATA=2.177e-02
Invoked: SSBroyden1 approach!
[BFGS] batch=  14  call=   592  total=2.252e-04  PDE=5.515e-05 [colloc=4.711e-05, cfd=8.040e-06]  WALL=1.128e-15  DATA=2.177e-02
[BFGS-END] batch=  14  last_total=2.251e-04  last_PDE=5.514e-05 [colloc=4.710e-05, cfd=8.039e-06]  last_WALL=1.128e-15  last_DATA=2.177e-02
/oscar/home/jchen790/cylinder flow lab/src/cfp40.py:1430: OptimizeWarning: Unknown solver options: hess, hessp, bounds, constraints, tol
  result = minimize(
[BFGS-END] batch=  15  last_total=2.254e-04  last_PDE=5.515e-05 [colloc=4.711e-05, cfd=8.040e-06]  last_WALL=1.128e-15  last_DATA=2.177e-02
/oscar/home/jchen790/cylinder flow lab/src/cfp40.py:1430: OptimizeWarning: Unknown solver options: hess, hessp, bounds, constraints, tol
  result = minimize(
Invoked: SSBroyden1 approach!
[BFGS] batch=  16  call=   639  total=2.252e-04  PDE=5.513e-05 [colloc=4.712e-05, cfd=8.004e-06]  WALL=1.127e-15  DATA=2.175e-02
Invoked: SSBroyden1 approach!
[BFGS] batch=  16  call=   647  total=2.246e-04  PDE=5.510e-05 [colloc=4.711e-05, cfd=7.990e-06]  WALL=1.126e-15  DATA=2.174e-02
Invoked: SSBroyden1 approach!
[BFGS] batch=  16  call=   648  total=2.236e-04  PDE=5.490e-05 [colloc=4.690e-05, cfd=7.999e-06]  WALL=1.124e-15  DATA=2.173e-02
[BFGS-END] batch=  16  last_total=2.248e-04  last_PDE=5.490e-05 [colloc=4.690e-05, cfd=7.999e-06]  last_WALL=1.124e-15  last_DATA=2.173e-02
/oscar/home/jchen790/cylinder flow lab/src/cfp40.py:1430: OptimizeWarning: Unknown solver options: hess, hessp, bounds, constraints, tol
  result = minimize(
Invoked: SSBroyden1 approach!
[BFGS] batch=  17  call=   669  total=2.248e-04  PDE=5.483e-05 [colloc=4.685e-05, cfd=7.981e-06]  WALL=1.124e-15  DATA=2.173e-02
Invoked: SSBroyden1 approach!
[BFGS] batch=  17  call=   671  total=2.240e-04  PDE=5.473e-05 [colloc=4.682e-05, cfd=7.902e-06]  WALL=1.123e-15  DATA=2.173e-02
Invoked: SSBroyden1 approach!
[BFGS] batch=  17  call=   673  total=2.226e-04  PDE=5.462e-05 [colloc=4.672e-05, cfd=7.901e-06]  WALL=1.123e-15  DATA=2.171e-02
[BFGS-END] batch=  17  last_total=2.240e-04  last_PDE=5.462e-05 [colloc=4.672e-05, cfd=7.901e-06]  last_WALL=1.123e-15  last_DATA=2.171e-02
/oscar/home/jchen790/cylinder flow lab/src/cfp40.py:1430: OptimizeWarning: Unknown solver options: hess, hessp, bounds, constraints, tol
  result = minimize(
Invoked: SSBroyden1 approach!
[BFGS] batch=  18  call=   694  total=2.235e-04  PDE=5.457e-05 [colloc=4.671e-05, cfd=7.860e-06]  WALL=1.122e-15  DATA=2.170e-02
Invoked: SSBroyden1 approach!
[BFGS] batch=  18  call=   700  total=2.228e-04  PDE=5.453e-05 [colloc=4.669e-05, cfd=7.840e-06]  WALL=1.121e-15  DATA=2.169e-02
[BFGS] batch 18: H0 not PD — resetting to identity.
[BFGS-END] batch=  18  last_total=2.240e-04  last_PDE=5.453e-05 [colloc=4.669e-05, cfd=7.840e-06]  last_WALL=1.121e-15  last_DATA=2.169e-02
/oscar/home/jchen790/cylinder flow lab/src/cfp40.py:1430: OptimizeWarning: Unknown solver options: hess, hessp, bounds, constraints, tol
  result = minimize(
Invoked: SSBroyden1 approach!
[BFGS] batch=  19  call=   721  total=2.223e-04  PDE=5.451e-05 [colloc=4.667e-05, cfd=7.840e-06]  WALL=1.120e-15  DATA=2.170e-02
[BFGS-END] batch=  19  last_total=2.231e-04  last_PDE=5.451e-05 [colloc=4.667e-05, cfd=7.840e-06]  last_WALL=1.120e-15  last_DATA=2.170e-02
/oscar/home/jchen790/cylinder flow lab/src/cfp40.py:1430: OptimizeWarning: Unknown solver options: hess, hessp, bounds, constraints, tol
  result = minimize(
Invoked: SSBroyden1 approach!
[BFGS] batch=  20  call=   757  total=2.230e-04  PDE=5.451e-05 [colloc=4.667e-05, cfd=7.838e-06]  WALL=1.120e-15  DATA=2.170e-02
Invoked: SSBroyden1 approach!
[BFGS] batch=  20  call=   765  total=2.230e-04  PDE=5.447e-05 [colloc=4.665e-05, cfd=7.821e-06]  WALL=1.121e-15  DATA=2.169e-02
[BFGS-END] batch=  20  last_total=2.236e-04  last_PDE=5.447e-05 [colloc=4.665e-05, cfd=7.821e-06]  last_WALL=1.121e-15  last_DATA=2.169e-02
/oscar/home/jchen790/cylinder flow lab/src/cfp40.py:1430: OptimizeWarning: Unknown solver options: hess, hessp, bounds, constraints, tol
  result = minimize(
Invoked: SSBroyden1 approach!
[BFGS] batch=  21  call=   796  total=2.224e-04  PDE=5.441e-05 [colloc=4.660e-05, cfd=7.804e-06]  WALL=1.121e-15  DATA=2.169e-02
[BFGS-END] batch=  21  last_total=2.225e-04  last_PDE=5.441e-05 [colloc=4.660e-05, cfd=7.804e-06]  last_WALL=1.121e-15  last_DATA=2.169e-02
/oscar/home/jchen790/cylinder flow lab/src/cfp40.py:1430: OptimizeWarning: Unknown solver options: hess, hessp, bounds, constraints, tol
  result = minimize(
Invoked: SSBroyden1 approach!
[BFGS] batch=  22  call=   816  total=2.228e-04  PDE=5.433e-05 [colloc=4.652e-05, cfd=7.809e-06]  WALL=1.120e-15  DATA=2.169e-02
Invoked: SSBroyden1 approach!
[BFGS] batch=  22  call=   817  total=2.212e-04  PDE=5.416e-05 [colloc=4.644e-05, cfd=7.726e-06]  WALL=1.120e-15  DATA=2.167e-02
[BFGS-END] batch=  22  last_total=2.218e-04  last_PDE=5.416e-05 [colloc=4.644e-05, cfd=7.726e-06]  last_WALL=1.120e-15  last_DATA=2.167e-02
/oscar/home/jchen790/cylinder flow lab/src/cfp40.py:1430: OptimizeWarning: Unknown solver options: hess, hessp, bounds, constraints, tol
  result = minimize(
Invoked: SSBroyden1 approach!
[BFGS] batch=  23  call=   839  total=2.218e-04  PDE=5.398e-05 [colloc=4.630e-05, cfd=7.678e-06]  WALL=1.121e-15  DATA=2.168e-02
Invoked: SSBroyden1 approach!
[BFGS] batch=  23  call=   841  total=2.209e-04  PDE=5.393e-05 [colloc=4.627e-05, cfd=7.662e-06]  WALL=1.121e-15  DATA=2.168e-02
Invoked: SSBroyden1 approach!
[BFGS] batch=  23  call=   843  total=2.205e-04  PDE=5.387e-05 [colloc=4.621e-05, cfd=7.661e-06]  WALL=1.121e-15  DATA=2.167e-02
Invoked: SSBroyden1 approach!
[BFGS] batch=  23  call=   851  total=2.198e-04  PDE=5.384e-05 [colloc=4.616e-05, cfd=7.674e-06]  WALL=1.121e-15  DATA=2.167e-02
Invoked: SSBroyden1 approach!
[BFGS] batch=  23  call=   859  total=2.197e-04  PDE=5.379e-05 [colloc=4.612e-05, cfd=7.668e-06]  WALL=1.121e-15  DATA=2.166e-02
Invoked: SSBroyden1 approach!
[BFGS] batch=  23  call=   865  total=2.197e-04  PDE=5.378e-05 [colloc=4.611e-05, cfd=7.668e-06]  WALL=1.121e-15  DATA=2.166e-02
[BFGS-END] batch=  23  last_total=2.202e-04  last_PDE=5.378e-05 [colloc=4.611e-05, cfd=7.668e-06]  last_WALL=1.121e-15  last_DATA=2.166e-02
/oscar/home/jchen790/cylinder flow lab/src/cfp40.py:1430: OptimizeWarning: Unknown solver options: hess, hessp, bounds, constraints, tol
  result = minimize(
Invoked: SSBroyden1 approach!
[BFGS] batch=  24  call=   890  total=2.188e-04  PDE=5.369e-05 [colloc=4.604e-05, cfd=7.649e-06]  WALL=1.122e-15  DATA=2.166e-02
[BFGS-END] batch=  24  last_total=2.197e-04  last_PDE=5.369e-05 [colloc=4.604e-05, cfd=7.649e-06]  last_WALL=1.122e-15  last_DATA=2.166e-02
/oscar/home/jchen790/cylinder flow lab/src/cfp40.py:1430: OptimizeWarning: Unknown solver options: hess, hessp, bounds, constraints, tol
  result = minimize(
[BFGS-END] batch=  25  last_total=2.195e-04  last_PDE=5.369e-05 [colloc=4.604e-05, cfd=7.649e-06]  last_WALL=1.122e-15  last_DATA=2.166e-02
/oscar/home/jchen790/cylinder flow lab/src/cfp40.py:1430: OptimizeWarning: Unknown solver options: hess, hessp, bounds, constraints, tol
  result = minimize(
Invoked: SSBroyden1 approach!
[BFGS] batch=  26  call=   931  total=2.191e-04  PDE=5.366e-05 [colloc=4.599e-05, cfd=7.665e-06]  WALL=1.121e-15  DATA=2.166e-02
[BFGS-END] batch=  26  last_total=2.198e-04  last_PDE=5.366e-05 [colloc=4.599e-05, cfd=7.666e-06]  last_WALL=1.121e-15  last_DATA=2.166e-02
/oscar/home/jchen790/cylinder flow lab/src/cfp40.py:1430: OptimizeWarning: Unknown solver options: hess, hessp, bounds, constraints, tol
  result = minimize(
Invoked: SSBroyden1 approach!
[BFGS] batch=  27  call=   953  total=2.186e-04  PDE=5.364e-05 [colloc=4.595e-05, cfd=7.691e-06]  WALL=1.121e-15  DATA=2.167e-02
Invoked: SSBroyden1 approach!
[BFGS] batch=  27  call=   962  total=2.185e-04  PDE=5.363e-05 [colloc=4.596e-05, cfd=7.673e-06]  WALL=1.121e-15  DATA=2.168e-02
[BFGS-END] batch=  27  last_total=2.195e-04  last_PDE=5.363e-05 [colloc=4.596e-05, cfd=7.673e-06]  last_WALL=1.121e-15  last_DATA=2.168e-02
/oscar/home/jchen790/cylinder flow lab/src/cfp40.py:1430: OptimizeWarning: Unknown solver options: hess, hessp, bounds, constraints, tol
  result = minimize(
Invoked: SSBroyden1 approach!
[BFGS] batch=  28  call=   982  total=2.189e-04  PDE=5.363e-05 [colloc=4.597e-05, cfd=7.655e-06]  WALL=1.122e-15  DATA=2.167e-02
Invoked: SSBroyden1 approach!
[BFGS] batch=  28  call=   991  total=2.184e-04  PDE=5.361e-05 [colloc=4.595e-05, cfd=7.661e-06]  WALL=1.121e-15  DATA=2.167e-02
Invoked: SSBroyden1 approach!
[BFGS] batch=  28  call=   993  total=2.180e-04  PDE=5.358e-05 [colloc=4.592e-05, cfd=7.656e-06]  WALL=1.121e-15  DATA=2.168e-02
[BFGS-END] batch=  28  last_total=2.195e-04  last_PDE=5.358e-05 [colloc=4.592e-05, cfd=7.656e-06]  last_WALL=1.121e-15  last_DATA=2.168e-02
/oscar/home/jchen790/cylinder flow lab/src/cfp40.py:1430: OptimizeWarning: Unknown solver options: hess, hessp, bounds, constraints, tol
  result = minimize(
Invoked: SSBroyden1 approach!
[BFGS] batch=  29  call=  1015  total=2.184e-04  PDE=5.356e-05 [colloc=4.591e-05, cfd=7.655e-06]  WALL=1.121e-15  DATA=2.168e-02
Invoked: SSBroyden1 approach!
[BFGS] batch=  29  call=  1023  total=2.183e-04  PDE=5.354e-05 [colloc=4.590e-05, cfd=7.645e-06]  WALL=1.122e-15  DATA=2.168e-02
Invoked: SSBroyden1 approach!
[BFGS] batch=  29  call=  1029  total=2.175e-04  PDE=5.352e-05 [colloc=4.588e-05, cfd=7.642e-06]  WALL=1.122e-15  DATA=2.169e-02
[BFGS-END] batch=  29  last_total=2.182e-04  last_PDE=5.352e-05 [colloc=4.588e-05, cfd=7.642e-06]  last_WALL=1.122e-15  last_DATA=2.169e-02
/oscar/home/jchen790/cylinder flow lab/src/cfp40.py:1430: OptimizeWarning: Unknown solver options: hess, hessp, bounds, constraints, tol
  result = minimize(
Invoked: SSBroyden1 approach!
[BFGS] batch=  30  call=  1050  total=2.184e-04  PDE=5.351e-05 [colloc=4.583e-05, cfd=7.675e-06]  WALL=1.121e-15  DATA=2.170e-02
Invoked: SSBroyden1 approach!
[BFGS] batch=  30  call=  1052  total=2.180e-04  PDE=5.344e-05 [colloc=4.577e-05, cfd=7.664e-06]  WALL=1.120e-15  DATA=2.171e-02
Invoked: SSBroyden1 approach!
[BFGS] batch=  30  call=  1054  total=2.178e-04  PDE=5.341e-05 [colloc=4.575e-05, cfd=7.658e-06]  WALL=1.120e-15  DATA=2.171e-02
Invoked: SSBroyden1 approach!
[BFGS] batch=  30  call=  1058  total=2.175e-04  PDE=5.340e-05 [colloc=4.574e-05, cfd=7.655e-06]  WALL=1.121e-15  DATA=2.171e-02
Invoked: SSBroyden1 approach!
[BFGS] batch=  30  call=  1067  total=2.175e-04  PDE=5.335e-05 [colloc=4.566e-05, cfd=7.690e-06]  WALL=1.120e-15  DATA=2.172e-02
Invoked: SSBroyden1 approach!
[BFGS] batch=  30  call=  1075  total=2.167e-04  PDE=5.332e-05 [colloc=4.564e-05, cfd=7.682e-06]  WALL=1.120e-15  DATA=2.172e-02
[BFGS-END] batch=  30  last_total=2.185e-04  last_PDE=5.332e-05 [colloc=4.564e-05, cfd=7.681e-06]  last_WALL=1.120e-15  last_DATA=2.172e-02
/oscar/home/jchen790/cylinder flow lab/src/cfp40.py:1430: OptimizeWarning: Unknown solver options: hess, hessp, bounds, constraints, tol
  result = minimize(
Invoked: SSBroyden1 approach!
[BFGS] batch=  31  call=  1096  total=2.170e-04  PDE=5.331e-05 [colloc=4.563e-05, cfd=7.675e-06]  WALL=1.120e-15  DATA=2.172e-02
Invoked: SSBroyden1 approach!
[BFGS] batch=  31  call=  1098  total=2.167e-04  PDE=5.328e-05 [colloc=4.562e-05, cfd=7.665e-06]  WALL=1.120e-15  DATA=2.172e-02
[BFGS-END] batch=  31  last_total=2.176e-04  last_PDE=5.328e-05 [colloc=4.562e-05, cfd=7.665e-06]  last_WALL=1.120e-15  last_DATA=2.172e-02
/oscar/home/jchen790/cylinder flow lab/src/cfp40.py:1430: OptimizeWarning: Unknown solver options: hess, hessp, bounds, constraints, tol
  result = minimize(
Invoked: SSBroyden1 approach!
[BFGS] batch=  32  call=  1119  total=2.169e-04  PDE=5.326e-05 [colloc=4.563e-05, cfd=7.633e-06]  WALL=1.120e-15  DATA=2.172e-02
[BFGS-END] batch=  32  last_total=2.171e-04  last_PDE=5.326e-05 [colloc=4.563e-05, cfd=7.634e-06]  last_WALL=1.120e-15  last_DATA=2.172e-02
/oscar/home/jchen790/cylinder flow lab/src/cfp40.py:1430: OptimizeWarning: Unknown solver options: hess, hessp, bounds, constraints, tol
  result = minimize(
[BFGS-END] batch=  33  last_total=2.176e-04  last_PDE=5.326e-05 [colloc=4.563e-05, cfd=7.634e-06]  last_WALL=1.121e-15  last_DATA=2.172e-02
/oscar/home/jchen790/cylinder flow lab/src/cfp40.py:1430: OptimizeWarning: Unknown solver options: hess, hessp, bounds, constraints, tol
  result = minimize(
Invoked: SSBroyden1 approach!
[BFGS] batch=  34  call=  1159  total=2.177e-04  PDE=5.324e-05 [colloc=4.560e-05, cfd=7.646e-06]  WALL=1.120e-15  DATA=2.173e-02
Invoked: SSBroyden1 approach!
[BFGS] batch=  34  call=  1161  total=2.171e-04  PDE=5.322e-05 [colloc=4.561e-05, cfd=7.606e-06]  WALL=1.121e-15  DATA=2.173e-02
Invoked: SSBroyden1 approach!
[BFGS] batch=  34  call=  1163  total=2.168e-04  PDE=5.319e-05 [colloc=4.558e-05, cfd=7.609e-06]  WALL=1.121e-15  DATA=2.173e-02
Invoked: SSBroyden1 approach!
[BFGS] batch=  34  call=  1164  total=2.168e-04  PDE=5.312e-05 [colloc=4.557e-05, cfd=7.551e-06]  WALL=1.121e-15  DATA=2.172e-02
[BFGS-END] batch=  34  last_total=2.173e-04  last_PDE=5.312e-05 [colloc=4.557e-05, cfd=7.552e-06]  last_WALL=1.121e-15  last_DATA=2.172e-02
/oscar/home/jchen790/cylinder flow lab/src/cfp40.py:1430: OptimizeWarning: Unknown solver options: hess, hessp, bounds, constraints, tol
  result = minimize(
Invoked: SSBroyden1 approach!
[BFGS] batch=  35  call=  1190  total=2.164e-04  PDE=5.309e-05 [colloc=4.553e-05, cfd=7.561e-06]  WALL=1.121e-15  DATA=2.173e-02
[BFGS-END] batch=  35  last_total=2.172e-04  last_PDE=5.309e-05 [colloc=4.553e-05, cfd=7.561e-06]  last_WALL=1.121e-15  last_DATA=2.173e-02
[BFGS] done. total_calls=1208  best_loss=2.161367e-04
[train] Saved -> ../runs/anneal_smoke/B_N0_noPT/checkpoints/pinn_Re40_single.pt
[viz] loaded ../runs/anneal_smoke/B_N0_noPT/checkpoints/pinn_Re40_single.pt

============================================================
ABSOLUTE error on CFD point cloud (target: ~1e-4 ~ 1e-5)
============================================================
  points used           : 4869
  speed magnitude (mean): 7.0030e-01
  mae_u                 : 9.4240e-02
  mae_v                 : 4.4969e-02
  rmse_u                : 1.2675e-01
  rmse_v                : 7.5238e-02
  max |eu|              : 4.1788e-01
  max |ev|              : 3.4051e-01
  rel_l2_u              : 1.5656e-01
  rel_l2_v              : 5.9419e-01

[viz] saved ../runs/anneal_smoke/B_N0_noPT/viz/re40_single_vorticity.png
[viz] saved ../runs/anneal_smoke/B_N0_noPT/viz/re40_single_speed.png
